Passed
done
Passed
128 128
128 128
128 128
128 128
128 128
128 128
128 128
128 128
128 128
128 128
128 128
128 128
128 128
128 128
128 128
128 128
128 128
128 128
128 128
128 128
128 128
128 128
128 128
128 128
128 128
128 128
128 128
128 128
128 128
128 128
128 128
128 128
128 128
128 128
128 128
128 128
128 128
128 128
128 128
128 128
128 128
128 128
128 128
128 128
128 128
128 128
128 128
128 128
128 128
128 128
128 128
128 128
128 128
128 128
128 128
128 128
128 128
128 128
128 128
128 128
128 128
128 128
128 128
128 128
128 128
128 128
128 128
128 128
128 128
128 128
128 128
128 128
128 128
128 128
128 128
128 128
128 128
128 128
128 128
128 128
128 128
128 128
128 128
128 128
128 128
128 128
128 128
128 128
128 128
128 128
128 128
128 128
128 128
128 128
128 128
128 128
128 128
128 128
128 128
128 128
128 128
128 128
128 128
128 128
128 128
128 128
128 128
128 128
128 128
128 128
128 128
128 128
128 128
128 128
128 128
128 128
128 128
128 128
128 128
128 128
128 128
128 128
128 128
128 128
128 128
128 128
128 128
128 128
128 128
128 128
128 128
128 128
128 128
128 128
128 128
128 128
128 128
128 128
128 128
128 128
128 128
128 128
128 128
128 128
128 128
128 128
128 128
128 128
128 128
128 128
128 128
128 128
128 128
128 128
128 128
128 128
128 128
128 128
128 128
128 128
128 128
128 128
128 128
128 128
128 128
128 128
128 128
128 128
128 128
128 128
128 128
128 128
128 128
128 128
128 128
128 128
128 128
128 128
128 128
128 128
128 128
128 128
128 128
128 128
128 128
128 128
128 128
128 128
128 128
128 128
128 128
128 128
128 128
128 128
128 128
128 128
128 128
128 128
128 128
128 128
128 128
128 128
128 128
128 128
128 128
128 128
128 128
128 128
128 128
128 128
128 128
128 128
128 128
128 128
128 128
128 128
128 128
128 128
128 128
128 128
128 128
128 128
128 128
128 128
128 128
128 128
128 128
128 128
128 128
128 128
128 128
128 128
128 128
128 128
128 128
128 128
128 128
128 128
128 128
128 128
128 128
128 128
128 128
128 128
128 128
128 128
128 128
128 128
128 128
128 128
128 128
128 128
128 128
128 128
128 128
128 128
128 128
128 128
128 128
128 128
128 128
128 128
128 128
128 128
128 128
128 128
128 128
128 128
128 128
128 128
128 128
128 128
128 128
128 128
128 128
128 128
128 128
128 128
128 128
128 128
128 128
128 128
128 128
128 128
128 128
128 128
128 128
128 128
128 128
128 128
128 128
128 128
128 128
128 128
128 128
128 128
128 128
128 128
128 128
128 128
128 128
128 128
128 128
128 128
128 128
128 128
128 128
128 128
128 128
128 128
128 128
128 128
128 128
128 128
128 128
128 128
128 128
128 128
128 128
128 128
128 128
128 128
128 128
128 128
128 128
128 128
128 128
128 128
128 128
128 128
128 128
128 128
128 128
128 128
128 128
128 128
128 128
128 128
128 128
128 128
128 128
128 128
128 128
128 128
128 128
128 128
128 128
128 128
128 128
128 128
128 128
128 128
128 128
128 128
128 128
128 128
128 128
128 128
128 128
128 128
128 128
128 128
128 128
128 128
128 128
128 128
128 128
128 128
128 128
128 128
128 128
128 128
128 128
128 128
128 128
128 128
128 128
128 128
128 128
128 128
128 128
128 128
128 128
128 128
128 128
128 128
128 128
128 128
128 128
128 128
128 128
128 128
128 128
128 128
128 128
128 128
128 128
128 128
128 128
128 128
128 128
128 128
128 128
128 128
128 128
128 128
128 128
128 128
128 128
128 128
128 128
128 128
128 128
128 128
128 128
128 128
128 128
128 128
128 128
128 128
128 128
128 128
128 128
128 128
128 128
128 128
128 128
128 128
128 128
128 128
128 128
128 128
128 128
128 128
128 128
128 128
128 128
128 128
128 128
128 128
128 128
128 128
128 128
128 128
128 128
128 128
128 128
128 128
128 128
128 128
128 128
128 128
128 128
128 128
128 128
128 128
128 128
128 128
128 128
128 128
128 128
128 128
128 128
128 128
128 128
128 128
128 128
128 128
128 128
128 128
128 128
128 128
128 128
128 128
128 128
128 128
128 128
128 128
128 128
128 128
128 128
128 128
128 128
128 128
128 128
128 128
128 128
128 128
128 128
128 128
128 128
128 128
128 128
128 128
128 128
128 128
128 128
128 128
128 128
128 128
128 128
128 128
128 128
128 128
128 128
128 128
128 128
128 128
128 128
128 128
128 128
128 128
128 128
128 128
128 128
128 128
128 128
128 128
128 128
128 128
128 128
128 128
128 128
128 128
128 128
128 128
128 128
128 128
128 128
128 128
128 128
128 128
128 128
128 128
128 128
128 128
128 128
128 128
128 128
128 128
128 128
128 128
128 128
128 128
128 128
128 128
128 128
128 128
128 128
128 128
128 128
128 128
128 128
128 128
128 128
128 128
128 128
128 128
128 128
128 128
128 128
128 128
128 128
128 128
128 128
128 128
128 128
128 128
128 128
128 128
128 128
128 128
128 128
128 128
128 128
128 128
128 128
128 128
128 128
128 128
128 128
128 128
128 128
128 128
128 128
128 128
128 128
128 128
128 128
128 128
128 128
128 128
128 128
128 128
128 128
128 128
128 128
128 128
128 128
128 128
128 128
128 128
128 128
128 128
128 128
128 128
128 128
128 128
128 128
128 128
128 128
128 128
128 128
128 128
128 128
128 128
128 128
128 128
128 128
128 128
128 128
128 128
128 128
128 128
128 128
128 128
128 128
128 128
128 128
128 128
128 128
128 128
128 128
128 128
128 128
128 128
128 128
128 128
128 128
128 128
128 128
128 128
128 128
128 128
128 128
128 128
128 128
128 128
128 128
128 128
128 128
128 128
128 128
128 128
128 128
128 128
128 128
128 128
128 128
128 128
128 128
128 128
128 128
128 128
128 128
128 128
128 128
128 128
128 128
128 128
128 128
128 128
128 128
128 128
128 128
128 128
128 128
128 128
128 128
128 128
128 128
128 128
128 128
128 128
128 128
128 128
128 128
128 128
128 128
128 128
128 128
128 128
128 128
128 128
128 128
128 128
128 128
128 128
128 128
128 128
128 128
128 128
128 128
128 128
128 128
128 128
128 128
128 128
128 128
128 128
128 128
128 128
128 128
128 128
128 128
128 128
128 128
128 128
128 128
128 128
128 128
128 128
128 128
128 128
128 128
128 128
128 128
128 128
128 128
128 128
128 128
128 128
128 128
128 128
128 128
128 128
128 128
128 128
128 128
128 128
128 128
128 128
128 128
128 128
128 128
128 128
128 128
128 128
128 128
128 128
128 128
128 128
128 128
128 128
128 128
128 128
128 128
128 128
128 128
128 128
128 128
128 128
128 128
128 128
128 128
128 128
128 128
128 128
128 128
128 128
128 128
128 128
128 128
128 128
128 128
128 128
128 128
128 128
128 128
128 128
128 128
128 128
128 128
128 128
128 128
128 128
128 128
128 128
128 128
128 128
128 128
128 128
128 128
128 128
128 128
128 128
128 128
128 128
128 128
128 128
128 128
128 128
128 128
128 128
128 128
128 128
128 128
128 128
128 128
128 128
128 128
128 128
128 128
128 128
128 128
128 128
128 128
128 128
128 128
128 128
128 128
128 128
128 128
128 128
128 128
128 128
128 128
128 128
128 128
128 128
128 128
128 128
128 128
128 128
128 128
128 128
128 128
128 128
128 128
128 128
128 128
128 128
128 128
128 128
128 128
128 128
128 128
128 128
128 128
128 128
128 128
128 128
128 128
128 128
128 128
128 128
128 128
128 128
128 128
128 128
128 128
128 128
128 128
128 128
128 128
128 128
128 128
128 128
128 128
128 128
128 128
128 128
128 128
128 128
128 128
128 128
128 128
128 128
128 128
128 128
128 128
128 128
128 128
128 128
128 128
128 128
128 128
128 128
128 128
128 128
128 128
128 128
128 128
128 128
128 128
128 128
128 128
128 128
128 128
128 128
128 128
128 128
128 128
128 128
128 128
128 128
128 128
128 128
128 128
128 128
128 128
128 128
128 128
128 128
128 128
128 128
128 128
128 128
128 128
128 128
128 128
128 128
128 128
128 128
128 128
128 128
128 128
128 128
128 128
128 128
128 128
128 128
128 128
128 128
128 128
128 128
128 128
128 128
128 128
128 128
128 128
128 128
128 128
128 128
128 128
128 128
128 128
128 128
128 128
128 128
128 128
128 128
128 128
128 128
128 128
128 128
128 128
128 128
128 128
128 128
128 128
128 128
128 128
128 128
128 128
128 128
128 128
128 128
128 128
128 128
128 128
128 128
128 128
128 128
128 128
128 128
128 128
128 128
128 128
128 128
128 128
128 128
128 128
128 128
128 128
128 128
128 128
128 128
128 128
128 128
128 128
128 128
128 128
128 128
128 128
128 128
128 128
128 128
128 128
128 128
128 128
128 128
128 128
128 128
128 128
128 128
128 128
128 128
128 128
128 128
128 128
128 128
128 128
128 128
128 128
128 128
128 128
128 128
128 128
128 128
128 128
128 128
128 128
128 128
128 128
128 128
128 128
128 128
128 128
128 128
128 128
128 128
128 128
128 128
128 128
128 128
128 128
128 128
128 128
128 128
128 128
128 128
128 128
128 128
128 128
128 128
128 128
128 128
128 128
128 128
128 128
128 128
128 128
128 128
128 128
128 128
128 128
128 128
128 128
128 128
128 128
128 128
128 128
128 128
128 128
128 128
128 128
128 128
128 128
128 128
128 128
128 128
128 128
128 128
128 128
128 128
128 128
128 128
128 128
128 128
128 128
128 128
128 128
128 128
128 128
128 128
128 128
128 128
128 128
128 128
128 128
128 128
128 128
128 128
128 128
128 128
128 128
128 128
128 128
128 128
128 128
128 128
128 128
128 128
128 128
128 128
128 128
128 128
128 128
128 128
128 128
128 128
128 128
128 128
128 128
128 128
128 128
128 128
128 128
128 128
128 128
128 128
128 128
128 128
128 128
128 128
128 128
128 128
128 128
128 128
128 128
128 128
128 128
128 128
128 128
128 128
128 128
128 128
128 128
128 128
128 128
128 128
128 128
128 128
128 128
128 128
128 128
128 128
128 128
128 128
128 128
128 128
128 128
128 128
128 128
128 128
128 128
128 128
128 128
128 128
128 128
128 128
128 128
128 128
128 128
128 128
128 128
128 128
128 128
128 128
128 128
128 128
128 128
128 128
128 128
128 128
128 128
128 128
128 128
128 128
128 128
128 128
128 128
128 128
128 128
128 128
128 128
128 128
128 128
128 128
128 128
128 128
128 128
128 128
128 128
128 128
128 128
128 128
128 128
128 128
128 128
128 128
128 128
128 128
128 128
128 128
128 128
128 128
128 128
128 128
128 128
128 128
128 128
128 128
128 128
128 128
128 128
128 128
128 128
128 128
128 128
128 128
128 128
128 128
128 128
128 128
128 128
128 128
128 128
128 128
128 128
128 128
128 128
128 128
128 128
128 128
128 128
128 128
128 128
128 128
128 128
128 128
128 128
128 128
128 128
128 128
128 128
128 128
128 128
128 128
128 128
128 128
128 128
128 128
128 128
128 128
128 128
128 128
128 128
128 128
128 128
128 128
128 128
128 128
128 128
128 128
128 128
128 128
128 128
128 128
128 128
128 128
128 128
128 128
128 128
128 128
128 128
128 128
128 128
128 128
128 128
128 128
128 128
128 128
128 128
128 128
128 128
128 128
128 128
128 128
128 128
128 128
128 128
128 128
128 128
128 128
128 128
128 128
128 128
128 128
128 128
128 128
128 128
128 128
128 128
128 128
128 128
128 128
128 128
128 128
128 128
128 128
128 128
128 128
128 128
128 128
128 128
128 128
128 128
128 128
128 128
128 128
128 128
128 128
128 128
128 128
128 128
128 128
128 128
128 128
128 128
128 128
128 128
128 128
128 128
128 128
128 128
128 128
128 128
128 128
128 128
128 128
128 128
128 128
128 128
128 128
128 128
128 128
128 128
128 128
128 128
128 128
128 128
128 128
128 128
128 128
128 128
128 128
128 128
128 128
128 128
128 128
128 128
128 128
128 128
128 128
128 128
128 128
128 128
128 128
128 128
128 128
128 128
128 128
128 128
128 128
128 128
128 128
128 128
128 128
128 128
128 128
128 128
128 128
128 128
128 128
128 128
128 128
128 128
128 128
128 128
128 128
128 128
128 128
128 128
128 128
128 128
128 128
128 128
128 128
128 128
128 128
128 128
128 128
128 128
128 128
128 128
128 128
128 128
128 128
128 128
128 128
128 128
128 128
128 128
128 128
128 128
128 128
128 128
128 128
128 128
128 128
128 128
128 128
128 128
128 128
128 128
128 128
128 128
128 128
128 128
128 128
128 128
128 128
128 128
128 128
128 128
128 128
128 128
128 128
128 128
128 128
128 128
128 128
128 128
128 128
128 128
128 128
128 128
128 128
128 128
128 128
128 128
128 128
128 128
128 128
128 128
128 128
128 128
128 128
128 128
128 128
128 128
128 128
128 128
128 128
128 128
128 128
128 128
128 128
128 128
128 128
128 128
128 128
128 128
128 128
128 128
128 128
128 128
128 128
128 128
128 128
128 128
128 128
128 128
128 128
128 128
128 128
128 128
128 128
128 128
128 128
128 128
128 128
128 128
128 128
128 128
128 128
128 128
128 128
128 128
128 128
128 128
128 128
128 128
128 128
128 128
128 128
128 128
128 128
128 128
128 128
128 128
128 128
128 128
128 128
128 128
128 128
128 128
128 128
128 128
128 128
128 128
128 128
128 128
128 128
128 128
128 128
128 128
128 128
128 128
128 128
128 128
128 128
128 128
128 128
128 128
128 128
128 128
128 128
128 128
128 128
128 128
128 128
128 128
128 128
128 128
128 128
128 128
128 128
128 128
128 128
128 128
128 128
128 128
128 128
128 128
128 128
128 128
128 128
128 128
128 128
128 128
128 128
128 128
128 128
128 128
128 128
128 128
128 128
128 128
128 128
128 128
128 128
128 128
128 128
128 128
128 128
128 128
128 128
128 128
128 128
128 128
128 128
128 128
128 128
128 128
128 128
128 128
128 128
128 128
128 128
128 128
128 128
128 128
128 128
128 128
128 128
128 128
128 128
128 128
128 128
128 128
128 128
128 128
128 128
128 128
128 128
128 128
128 128
128 128
128 128
128 128
128 128
128 128
128 128
128 128
128 128
128 128
128 128
128 128
128 128
128 128
128 128
128 128
128 128
128 128
128 128
128 128
128 128
128 128
128 128
128 128
128 128
128 128
128 128
128 128
128 128
128 128
128 128
128 128
128 128
128 128
128 128
128 128
128 128
128 128
128 128
128 128
128 128
128 128
128 128
128 128
128 128
128 128
128 128
128 128
128 128
128 128
128 128
128 128
128 128
128 128
128 128
128 128
128 128
128 128
128 128
128 128
128 128
128 128
128 128
128 128
128 128
128 128
128 128
128 128
128 128
128 128
128 128
128 128
128 128
128 128
128 128
128 128
128 128
128 128
128 128
128 128
128 128
128 128
128 128
128 128
128 128
128 128
128 128
128 128
128 128
128 128
128 128
128 128
128 128
128 128
128 128
128 128
128 128
128 128
128 128
128 128
128 128
128 128
128 128
128 128
128 128
128 128
128 128
128 128
128 128
128 128
128 128
128 128
128 128
128 128
128 128
128 128
128 128
128 128
128 128
128 128
128 128
128 128
128 128
128 128
128 128
128 128
128 128
128 128
128 128
128 128
128 128
128 128
128 128
128 128
128 128
128 128
128 128
128 128
128 128
128 128
128 128
128 128
128 128
128 128
128 128
128 128
128 128
128 128
128 128
128 128
128 128
128 128
128 128
128 128
128 128
128 128
128 128
128 128
128 128
128 128
128 128
128 128
128 128
128 128
128 128
128 128
128 128
128 128
128 128
128 128
128 128
128 128
128 128
128 128
128 128
128 128
128 128
128 128
128 128
128 128
128 128
128 128
128 128
128 128
128 128
128 128
128 128
128 128
128 128
128 128
128 128
128 128
128 128
128 128
128 128
128 128
128 128
128 128
128 128
128 128
128 128
128 128
128 128
128 128
128 128
128 128
128 128
128 128
128 128
128 128
128 128
128 128
128 128
128 128
128 128
128 128
128 128
128 128
128 128
128 128
128 128
128 128
128 128
128 128
128 128
128 128
128 128
128 128
128 128
128 128
128 128
128 128
128 128
128 128
128 128
128 128
128 128
128 128
128 128
128 128
128 128
128 128
128 128
128 128
128 128
128 128
128 128
128 128
128 128
128 128
128 128
128 128
128 128
128 128
128 128
128 128
128 128
128 128
128 128
128 128
128 128
128 128
128 128
128 128
128 128
128 128
128 128
128 128
128 128
128 128
128 128
128 128
128 128
128 128
128 128
128 128
128 128
128 128
128 128
128 128
128 128
128 128
128 128
128 128
128 128
128 128
128 128
128 128
128 128
128 128
128 128
128 128
128 128
128 128
128 128
128 128
128 128
128 128
128 128
128 128
128 128
128 128
128 128
128 128
128 128
128 128
128 128
128 128
128 128
128 128
128 128
128 128
128 128
128 128
128 128
128 128
128 128
128 128
128 128
128 128
128 128
128 128
128 128
128 128
128 128
128 128
128 128
128 128
128 128
128 128
128 128
128 128
128 128
128 128
128 128
128 128
128 128
128 128
128 128
128 128
128 128
128 128
128 128
128 128
128 128
128 128
128 128
128 128
128 128
128 128
128 128
128 128
128 128
128 128
128 128
128 128
128 128
128 128
128 128
128 128
128 128
128 128
128 128
128 128
128 128
128 128
128 128
128 128
128 128
128 128
128 128
128 128
128 128
128 128
128 128
128 128
128 128
128 128
128 128
128 128
128 128
128 128
128 128
128 128
128 128
128 128
128 128
128 128
128 128
128 128
128 128
128 128
128 128
128 128
128 128
128 128
128 128
128 128
128 128
128 128
128 128
128 128
128 128
128 128
128 128
128 128
128 128
128 128
128 128
128 128
128 128
128 128
128 128
128 128
128 128
128 128
128 128
128 128
128 128
128 128
128 128
128 128
128 128
128 128
128 128
128 128
128 128
128 128
128 128
128 128
128 128
128 128
128 128
128 128
128 128
128 128
128 128
128 128
128 128
128 128
128 128
128 128
128 128
128 128
128 128
128 128
128 128
128 128
128 128
128 128
128 128
128 128
128 128
128 128
128 128
128 128
128 128
128 128
128 128
128 128
128 128
128 128
128 128
128 128
128 128
128 128
128 128
128 128
128 128
128 128
128 128
128 128
128 128
128 128
128 128
128 128
128 128
128 128
128 128
128 128
128 128
128 128
128 128
128 128
128 128
128 128
128 128
128 128
128 128
128 128
128 128
128 128
128 128
128 128
128 128
128 128
128 128
128 128
128 128
128 128
128 128
128 128
128 128
128 128
128 128
128 128
128 128
128 128
128 128
128 128
128 128
128 128
128 128
128 128
128 128
128 128
128 128
128 128
128 128
128 128
128 128
128 128
128 128
128 128
128 128
128 128
128 128
128 128
128 128
128 128
128 128
128 128
128 128
128 128
128 128
128 128
128 128
128 128
128 128
128 128
128 128
128 128
128 128
128 128
128 128
128 128
128 128
128 128
128 128
128 128
128 128
128 128
128 128
128 128
128 128
128 128
128 128
128 128
128 128
128 128
128 128
128 128
128 128
128 128
128 128
128 128
128 128
128 128
128 128
128 128
128 128
128 128
128 128
128 128
128 128
128 128
128 128
128 128
128 128
128 128
128 128
128 128
128 128
128 128
128 128
128 128
128 128
128 128
128 128
128 128
128 128
128 128
128 128
128 128
128 128
128 128
128 128
128 128
128 128
128 128
128 128
128 128
128 128
128 128
128 128
128 128
128 128
128 128
128 128
128 128
128 128
128 128
128 128
128 128
128 128
128 128
128 128
128 128
128 128
128 128
128 128
128 128
128 128
128 128
128 128
128 128
128 128
128 128
128 128
128 128
128 128
128 128
128 128
128 128
128 128
128 128
128 128
128 128
128 128
128 128
128 128
128 128
128 128
128 128
128 128
128 128
128 128
128 128
128 128
128 128
128 128
128 128
128 128
128 128
128 128
128 128
128 128
128 128
128 128
128 128
128 128
128 128
128 128
128 128
128 128
128 128
128 128
128 128
128 128
128 128
128 128
128 128
128 128
128 128
128 128
128 128
128 128
128 128
128 128
128 128
128 128
128 128
128 128
128 128
128 128
128 128
128 128
128 128
128 128
128 128
128 128
128 128
128 128
128 128
128 128
128 128
128 128
128 128
128 128
128 128
128 128
128 128
128 128
128 128
128 128
128 128
128 128
128 128
128 128
128 128
128 128
128 128
128 128
128 128
128 128
128 128
128 128
128 128
128 128
128 128
128 128
128 128
128 128
128 128
128 128
128 128
128 128
128 128
128 128
128 128
128 128
128 128
128 128
128 128
128 128
128 128
128 128
128 128
128 128
128 128
128 128
128 128
128 128
128 128
128 128
128 128
128 128
128 128
128 128
128 128
128 128
128 128
128 128
128 128
128 128
128 128
128 128
128 128
128 128
128 128
128 128
128 128
128 128
128 128
128 128
128 128
128 128
128 128
128 128
128 128
128 128
128 128
128 128
128 128
128 128
128 128
128 128
128 128
128 128
128 128
128 128
128 128
128 128
128 128
128 128
128 128
128 128
128 128
128 128
128 128
128 128
128 128
128 128
128 128
128 128
128 128
128 128
128 128
128 128
128 128
128 128
128 128
128 128
128 128
128 128
128 128
128 128
128 128
128 128
128 128
128 128
128 128
128 128
128 128
128 128
128 128
128 128
128 128
128 128
128 128
128 128
128 128
128 128
128 128
128 128
128 128
128 128
128 128
128 128
128 128
128 128
128 128
128 128
128 128
128 128
128 128
128 128
128 128
128 128
128 128
128 128
128 128
128 128
128 128
128 128
128 128
128 128
128 128
128 128
128 128
128 128
128 128
128 128
128 128
128 128
128 128
128 128
128 128
128 128
128 128
128 128
128 128
128 128
128 128
128 128
128 128
128 128
128 128
128 128
128 128
128 128
128 128
128 128
128 128
128 128
128 128
128 128
128 128
128 128
128 128
128 128
128 128
128 128
128 128
128 128
128 128
128 128
128 128
128 128
128 128
128 128
128 128
128 128
128 128
128 128
128 128
128 128
128 128
128 128
128 128
128 128
128 128
128 128
128 128
128 128
128 128
128 128
128 128
128 128
128 128
128 128
128 128
128 128
128 128
128 128
128 128
128 128
128 128
128 128
128 128
128 128
128 128
128 128
128 128
128 128
128 128
128 128
128 128
128 128
128 128
128 128
128 128
128 128
128 128
128 128
128 128
128 128
128 128
128 128
128 128
128 128
128 128
128 128
128 128
128 128
128 128
128 128
128 128
128 128
128 128
128 128
128 128
128 128
128 128
128 128
128 128
128 128
128 128
128 128
128 128
128 128
128 128
128 128
128 128
128 128
128 128
128 128
128 128
128 128
128 128
128 128
128 128
128 128
128 128
128 128
128 128
128 128
128 128
128 128
128 128
128 128
128 128
128 128
128 128
128 128
128 128
128 128
128 128
128 128
128 128
128 128
128 128
128 128
128 128
128 128
128 128
128 128
128 128
128 128
128 128
128 128
128 128
128 128
128 128
128 128
128 128
128 128
128 128
128 128
128 128
128 128
128 128
128 128
128 128
128 128
128 128
128 128
128 128
128 128
128 128
128 128
128 128
128 128
128 128
128 128
128 128
128 128
128 128
128 128
128 128
128 128
128 128
128 128
128 128
128 128
128 128
128 128
128 128
128 128
128 128
128 128
128 128
128 128
128 128
128 128
128 128
128 128
128 128
128 128
128 128
128 128
128 128
128 128
128 128
128 128
128 128
128 128
128 128
128 128
128 128
128 128
128 128
128 128
128 128
128 128
128 128
128 128
128 128
128 128
128 128
128 128
128 128
128 128
128 128
128 128
128 128
128 128
128 128
128 128
128 128
128 128
128 128
128 128
128 128
128 128
128 128
128 128
128 128
128 128
128 128
128 128
128 128
128 128
128 128
128 128
128 128
128 128
128 128
128 128
128 128
128 128
128 128
128 128
128 128
128 128
128 128
128 128
128 128
128 128
128 128
128 128
128 128
128 128
128 128
128 128
128 128
128 128
128 128
128 128
128 128
128 128
128 128
128 128
128 128
128 128
128 128
128 128
128 128
128 128
128 128
128 128
128 128
128 128
128 128
128 128
128 128
128 128
128 128
128 128
128 128
128 128
128 128
128 128
128 128
128 128
128 128
128 128
128 128
128 128
128 128
128 128
128 128
128 128
128 128
128 128
128 128
128 128
128 128
128 128
128 128
128 128
128 128
128 128
128 128
128 128
128 128
128 128
128 128
128 128
128 128
128 128
128 128
128 128
128 128
128 128
128 128
128 128
128 128
128 128
128 128
128 128
128 128
128 128
128 128
128 128
128 128
128 128
128 128
128 128
128 128
128 128
128 128
128 128
128 128
128 128
128 128
128 128
128 128
128 128
128 128
128 128
128 128
128 128
128 128
128 128
128 128
128 128
128 128
128 128
128 128
128 128
128 128
128 128
128 128
128 128
128 128
128 128
128 128
128 128
128 128
128 128
128 128
128 128
128 128
128 128
128 128
128 128
128 128
128 128
128 128
128 128
128 128
128 128
128 128
128 128
128 128
128 128
128 128
128 128
128 128
128 128
128 128
128 128
128 128
128 128
128 128
128 128
128 128
128 128
128 128
128 128
128 128
128 128
128 128
128 128
128 128
128 128
128 128
128 128
128 128
128 128
128 128
128 128
128 128
128 128
128 128
128 128
128 128
128 128
128 128
128 128
128 128
128 128
128 128
128 128
128 128
128 128
128 128
128 128
128 128
128 128
128 128
128 128
128 128
128 128
128 128
128 128
128 128
128 128
128 128
128 128
128 128
128 128
128 128
128 128
128 128
128 128
128 128
128 128
128 128
128 128
128 128
128 128
128 128
128 128
128 128
128 128
128 128
128 128
128 128
128 128
128 128
128 128
128 128
128 128
128 128
128 128
128 128
128 128
128 128
128 128
128 128
128 128
128 128
128 128
128 128
128 128
128 128
128 128
128 128
128 128
128 128
128 128
128 128
128 128
128 128
128 128
128 128
128 128
128 128
128 128
128 128
128 128
128 128
128 128
128 128
128 128
128 128
128 128
128 128
128 128
128 128
128 128
128 128
128 128
128 128
128 128
128 128
128 128
128 128
128 128
128 128
128 128
128 128
128 128
128 128
128 128
128 128
128 128
128 128
128 128
128 128
128 128
128 128
128 128
128 128
128 128
128 128
128 128
128 128
128 128
128 128
128 128
128 128
128 128
128 128
128 128
128 128
128 128
128 128
128 128
128 128
128 128
128 128
128 128
128 128
128 128
128 128
128 128
128 128
128 128
128 128
128 128
128 128
128 128
128 128
128 128
128 128
128 128
128 128
128 128
128 128
128 128
128 128
128 128
128 128
128 128
128 128
128 128
128 128
128 128
128 128
128 128
128 128
128 128
128 128
128 128
128 128
128 128
128 128
128 128
128 128
128 128
128 128
128 128
128 128
128 128
128 128
128 128
128 128
128 128
128 128
128 128
128 128
128 128
128 128
128 128
128 128
128 128
128 128
128 128
128 128
128 128
128 128
128 128
128 128
128 128
128 128
128 128
128 128
128 128
128 128
128 128
128 128
128 128
128 128
128 128
128 128
128 128
128 128
128 128
128 128
128 128
128 128
128 128
128 128
128 128
128 128
128 128
128 128
128 128
128 128
128 128
128 128
128 128
128 128
128 128
128 128
128 128
128 128
128 128
128 128
128 128
128 128
128 128
128 128
128 128
128 128
128 128
128 128
128 128
128 128
128 128
128 128
128 128
128 128
128 128
128 128
128 128
128 128
128 128
128 128
128 128
128 128
128 128
128 128
128 128
128 128
128 128
128 128
128 128
128 128
128 128
128 128
128 128
128 128
128 128
128 128
128 128
128 128
128 128
128 128
128 128
128 128
128 128
128 128
128 128
128 128
128 128
128 128
128 128
128 128
128 128
128 128
128 128
128 128
128 128
128 128
128 128
128 128
128 128
128 128
128 128
128 128
128 128
128 128
128 128
128 128
128 128
128 128
128 128
128 128
128 128
128 128
128 128
128 128
128 128
128 128
128 128
128 128
128 128
128 128
128 128
128 128
128 128
128 128
128 128
128 128
128 128
128 128
128 128
128 128
128 128
128 128
128 128
128 128
128 128
128 128
128 128
128 128
128 128
128 128
128 128
128 128
128 128
128 128
128 128
128 128
128 128
128 128
128 128
128 128
128 128
128 128
128 128
128 128
128 128
128 128
128 128
128 128
128 128
128 128
128 128
128 128
128 128
128 128
128 128
128 128
128 128
128 128
128 128
128 128
128 128
128 128
128 128
128 128
128 128
128 128
128 128
128 128
128 128
128 128
128 128
128 128
128 128
128 128
128 128
128 128
128 128
128 128
128 128
128 128
128 128
128 128
128 128
128 128
128 128
128 128
128 128
128 128
128 128
128 128
128 128
128 128
128 128
128 128
128 128
128 128
128 128
128 128
128 128
128 128
128 128
128 128
128 128
128 128
128 128
128 128
128 128
128 128
128 128
128 128
128 128
128 128
128 128
128 128
128 128
128 128
128 128
128 128
128 128
128 128
128 128
128 128
128 128
128 128
128 128
128 128
128 128
128 128
128 128
128 128
128 128
128 128
128 128
128 128
128 128
128 128
128 128
128 128
128 128
128 128
128 128
128 128
128 128
128 128
128 128
128 128
128 128
128 128
128 128
128 128
128 128
128 128
128 128
128 128
128 128
128 128
128 128
128 128
128 128
128 128
128 128
128 128
128 128
128 128
128 128
128 128
128 128
128 128
128 128
128 128
128 128
128 128
128 128
128 128
128 128
128 128
128 128
128 128
128 128
128 128
128 128
128 128
128 128
128 128
128 128
128 128
128 128
128 128
128 128
128 128
128 128
128 128
128 128
128 128
128 128
128 128
128 128
128 128
128 128
128 128
128 128
128 128
128 128
128 128
128 128
128 128
128 128
128 128
128 128
128 128
128 128
128 128
128 128
128 128
128 128
128 128
128 128
128 128
128 128
128 128
128 128
128 128
128 128
128 128
128 128
128 128
128 128
128 128
128 128
128 128
128 128
128 128
128 128
128 128
128 128
128 128
128 128
128 128
128 128
128 128
128 128
128 128
128 128
128 128
128 128
128 128
128 128
128 128
128 128
128 128
128 128
128 128
128 128
128 128
128 128
128 128
128 128
128 128
128 128
128 128
128 128
128 128
128 128
128 128
128 128
128 128
128 128
128 128
128 128
128 128
128 128
128 128
128 128
128 128
128 128
128 128
128 128
128 128
128 128
128 128
128 128
128 128
128 128
128 128
128 128
128 128
128 128
128 128
128 128
128 128
128 128
128 128
128 128
128 128
128 128
128 128
128 128
128 128
128 128
128 128
128 128
128 128
128 128
128 128
128 128
128 128
128 128
128 128
128 128
128 128
128 128
128 128
128 128
128 128
128 128
128 128
128 128
128 128
128 128
128 128
128 128
128 128
128 128
128 128
128 128
128 128
128 128
128 128
128 128
128 128
128 128
128 128
128 128
128 128
128 128
128 128
128 128
128 128
128 128
128 128
128 128
128 128
128 128
128 128
128 128
128 128
128 128
128 128
128 128
128 128
128 128
128 128
128 128
128 128
128 128
128 128
128 128
128 128
128 128
128 128
128 128
128 128
128 128
128 128
128 128
128 128
128 128
128 128
128 128
128 128
128 128
128 128
128 128
128 128
128 128
128 128
128 128
128 128
128 128
128 128
128 128
128 128
128 128
128 128
128 128
128 128
128 128
128 128
128 128
128 128
128 128
128 128
128 128
128 128
128 128
128 128
128 128
128 128
128 128
128 128
128 128
128 128
128 128
128 128
128 128
128 128
128 128
128 128
128 128
128 128
128 128
128 128
128 128
128 128
128 128
128 128
128 128
128 128
128 128
128 128
128 128
128 128
128 128
128 128
128 128
128 128
128 128
128 128
128 128
128 128
128 128
128 128
128 128
128 128
128 128
128 128
128 128
128 128
128 128
128 128
128 128
128 128
128 128
128 128
128 128
128 128
128 128
128 128
128 128
128 128
128 128
128 128
128 128
128 128
128 128
128 128
128 128
128 128
128 128
128 128
128 128
128 128
128 128
128 128
128 128
128 128
128 128
128 128
128 128
128 128
128 128
128 128
128 128
128 128
128 128
128 128
128 128
128 128
128 128
128 128
128 128
128 128
128 128
128 128
128 128
128 128
128 128
128 128
128 128
128 128
128 128
128 128
128 128
128 128
128 128
128 128
128 128
128 128
128 128
128 128
128 128
128 128
128 128
128 128
128 128
128 128
128 128
128 128
128 128
128 128
128 128
128 128
128 128
128 128
128 128
128 128
128 128
128 128
128 128
128 128
128 128
128 128
128 128
128 128
128 128
128 128
128 128
128 128
128 128
128 128
128 128
128 128
128 128
128 128
128 128
128 128
128 128
128 128
128 128
128 128
128 128
128 128
128 128
128 128
128 128
128 128
128 128
128 128
128 128
128 128
128 128
128 128
128 128
128 128
128 128
128 128
128 128
128 128
128 128
128 128
128 128
128 128
128 128
128 128
128 128
128 128
128 128
128 128
128 128
128 128
128 128
128 128
128 128
128 128
128 128
128 128
128 128
128 128
128 128
128 128
128 128
128 128
128 128
128 128
128 128
128 128
128 128
128 128
128 128
128 128
128 128
128 128
128 128
128 128
128 128
128 128
128 128
128 128
128 128
128 128
128 128
128 128
128 128
128 128
128 128
128 128
128 128
128 128
128 128
128 128
128 128
128 128
128 128
128 128
128 128
128 128
128 128
128 128
128 128
128 128
128 128
128 128
128 128
128 128
128 128
128 128
128 128
128 128
128 128
128 128
128 128
128 128
128 128
128 128
128 128
128 128
128 128
128 128
128 128
128 128
128 128
128 128
128 128
128 128
128 128
128 128
128 128
128 128
128 128
128 128
128 128
128 128
128 128
128 128
128 128
128 128
128 128
128 128
128 128
128 128
128 128
128 128
128 128
128 128
128 128
128 128
128 128
128 128
128 128
128 128
128 128
128 128
128 128
128 128
128 128
128 128
128 128
128 128
128 128
128 128
128 128
128 128
128 128
128 128
128 128
128 128
128 128
128 128
128 128
128 128
128 128
128 128
128 128
128 128
128 128
128 128
128 128
128 128
128 128
128 128
128 128
128 128
128 128
128 128
128 128
128 128
128 128
128 128
128 128
128 128
128 128
128 128
128 128
128 128
128 128
128 128
128 128
128 128
128 128
128 128
128 128
128 128
128 128
128 128
128 128
128 128
128 128
128 128
128 128
128 128
128 128
128 128
128 128
128 128
128 128
128 128
128 128
128 128
128 128
128 128
128 128
128 128
128 128
128 128
128 128
128 128
128 128
128 128
128 128
128 128
128 128
128 128
128 128
128 128
128 128
128 128
128 128
128 128
128 128
128 128
128 128
128 128
128 128
128 128
128 128
128 128
128 128
128 128
128 128
128 128
128 128
128 128
128 128
128 128
128 128
128 128
128 128
128 128
128 128
128 128
128 128
128 128
128 128
128 128
128 128
128 128
128 128
128 128
128 128
128 128
128 128
128 128
128 128
128 128
128 128
128 128
128 128
128 128
128 128
128 128
128 128
128 128
128 128
128 128
128 128
128 128
128 128
128 128
128 128
128 128
128 128
128 128
128 128
128 128
128 128
128 128
128 128
128 128
128 128
128 128
128 128
128 128
128 128
128 128
128 128
128 128
128 128
128 128
128 128
128 128
128 128
128 128
128 128
128 128
128 128
128 128
128 128
128 128
128 128
128 128
128 128
128 128
128 128
128 128
128 128
128 128
128 128
128 128
128 128
128 128
128 128
128 128
128 128
128 128
128 128
128 128
128 128
128 128
128 128
128 128
128 128
128 128
128 128
128 128
128 128
128 128
128 128
128 128
128 128
128 128
128 128
128 128
128 128
128 128
128 128
128 128
128 128
128 128
128 128
128 128
128 128
128 128
128 128
128 128
128 128
128 128
128 128
128 128
128 128
128 128
128 128
128 128
128 128
128 128
128 128
128 128
128 128
128 128
128 128
128 128
128 128
128 128
128 128
128 128
128 128
128 128
128 128
128 128
128 128
128 128
128 128
128 128
128 128
128 128
128 128
128 128
128 128
128 128
128 128
128 128
128 128
128 128
128 128
128 128
128 128
128 128
128 128
128 128
128 128
128 128
128 128
128 128
128 128
128 128
128 128
128 128
128 128
128 128
128 128
128 128
128 128
128 128
128 128
128 128
128 128
128 128
128 128
128 128
128 128
128 128
128 128
128 128
128 128
128 128
128 128
128 128
128 128
128 128
128 128
128 128
128 128
128 128
128 128
128 128
128 128
128 128
128 128
128 128
128 128
128 128
128 128
128 128
128 128
128 128
128 128
128 128
128 128
128 128
128 128
128 128
128 128
128 128
128 128
128 128
128 128
128 128
128 128
128 128
128 128
128 128
128 128
128 128
128 128
128 128
128 128
128 128
128 128
128 128
128 128
128 128
128 128
128 128
128 128
128 128
128 128
128 128
128 128
128 128
128 128
128 128
128 128
128 128
128 128
128 128
128 128
128 128
128 128
128 128
128 128
128 128
128 128
128 128
128 128
128 128
128 128
128 128
128 128
128 128
128 128
128 128
128 128
128 128
128 128
128 128
128 128
128 128
128 128
128 128
128 128
128 128
128 128
128 128
128 128
128 128
128 128
128 128
128 128
128 128
128 128
128 128
128 128
128 128
128 128
128 128
128 128
128 128
128 128
128 128
128 128
128 128
128 128
128 128
128 128
128 128
128 128
128 128
128 128
128 128
128 128
128 128
128 128
128 128
128 128
128 128
128 128
128 128
128 128
128 128
128 128
128 128
128 128
128 128
128 128
128 128
128 128
128 128
128 128
128 128
128 128
128 128
128 128
128 128
128 128
128 128
128 128
128 128
128 128
128 128
128 128
128 128
128 128
128 128
128 128
128 128
128 128
128 128
128 128
128 128
128 128
128 128
128 128
128 128
128 128
128 128
128 128
128 128
128 128
128 128
128 128
128 128
128 128
128 128
128 128
128 128
128 128
128 128
128 128
128 128
128 128
128 128
128 128
128 128
128 128
128 128
128 128
128 128
128 128
128 128
128 128
128 128
128 128
128 128
128 128
128 128
128 128
128 128
128 128
128 128
128 128
128 128
128 128
128 128
128 128
128 128
128 128
128 128
128 128
128 128
128 128
128 128
128 128
128 128
128 128
128 128
128 128
128 128
128 128
128 128
128 128
128 128
128 128
128 128
128 128
128 128
128 128
128 128
128 128
128 128
128 128
128 128
128 128
128 128
128 128
128 128
128 128
128 128
128 128
128 128
128 128
128 128
128 128
128 128
128 128
128 128
128 128
128 128
128 128
128 128
128 128
128 128
128 128
128 128
128 128
128 128
128 128
128 128
128 128
128 128
128 128
128 128
128 128
128 128
128 128
128 128
128 128
128 128
128 128
128 128
128 128
128 128
128 128
128 128
128 128
128 128
128 128
128 128
128 128
128 128
128 128
128 128
128 128
128 128
128 128
128 128
128 128
128 128
128 128
128 128
128 128
128 128
128 128
128 128
128 128
128 128
128 128
128 128
128 128
128 128
128 128
128 128
128 128
128 128
128 128
128 128
128 128
128 128
128 128
128 128
128 128
128 128
128 128
128 128
128 128
128 128
128 128
128 128
128 128
128 128
128 128
128 128
128 128
128 128
128 128
128 128
128 128
128 128
128 128
128 128
128 128
128 128
128 128
128 128
128 128
128 128
128 128
128 128
128 128
128 128
128 128
128 128
128 128
128 128
128 128
128 128
128 128
128 128
128 128
128 128
128 128
128 128
128 128
128 128
128 128
128 128
128 128
128 128
128 128
128 128
128 128
128 128
128 128
128 128
128 128
128 128
128 128
128 128
128 128
128 128
128 128
128 128
128 128
128 128
128 128
128 128
128 128
128 128
128 128
128 128
128 128
128 128
128 128
128 128
128 128
128 128
128 128
128 128
128 128
128 128
128 128
128 128
128 128
128 128
128 128
128 128
128 128
128 128
128 128
128 128
128 128
128 128
128 128
128 128
128 128
128 128
128 128
128 128
128 128
128 128
128 128
128 128
128 128
128 128
128 128
128 128
128 128
128 128
128 128
128 128
128 128
128 128
128 128
128 128
128 128
128 128
128 128
128 128
128 128
128 128
128 128
128 128
128 128
128 128
128 128
128 128
128 128
128 128
128 128
128 128
128 128
128 128
128 128
128 128
128 128
128 128
128 128
128 128
128 128
128 128
128 128
128 128
128 128
128 128
128 128
128 128
128 128
128 128
128 128
128 128
128 128
128 128
128 128
128 128
128 128
128 128
128 128
128 128
128 128
128 128
128 128
128 128
128 128
128 128
128 128
128 128
128 128
128 128
128 128
128 128
128 128
128 128
128 128
128 128
128 128
128 128
128 128
128 128
128 128
128 128
128 128
128 128
128 128
128 128
128 128
128 128
128 128
128 128
128 128
128 128
128 128
128 128
128 128
128 128
128 128
128 128
128 128
128 128
128 128
128 128
128 128
128 128
128 128
128 128
128 128
128 128
128 128
128 128
128 128
128 128
128 128
128 128
128 128
128 128
128 128
128 128
128 128
128 128
128 128
128 128
128 128
128 128
128 128
128 128
128 128
128 128
128 128
128 128
128 128
128 128
128 128
128 128
128 128
128 128
128 128
128 128
128 128
128 128
128 128
128 128
128 128
128 128
128 128
128 128
128 128
128 128
128 128
128 128
128 128
128 128
128 128
128 128
128 128
128 128
128 128
128 128
128 128
128 128
128 128
128 128
128 128
128 128
128 128
128 128
128 128
128 128
128 128
128 128
128 128
128 128
128 128
128 128
128 128
128 128
128 128
128 128
128 128
128 128
128 128
128 128
128 128
128 128
128 128
128 128
128 128
128 128
128 128
128 128
128 128
128 128
128 128
128 128
128 128
128 128
128 128
128 128
128 128
128 128
128 128
128 128
128 128
128 128
128 128
128 128
128 128
128 128
128 128
128 128
128 128
128 128
128 128
128 128
128 128
128 128
128 128
128 128
128 128
128 128
128 128
128 128
128 128
128 128
128 128
128 128
128 128
128 128
128 128
128 128
128 128
128 128
128 128
128 128
128 128
128 128
128 128
128 128
128 128
128 128
128 128
128 128
128 128
128 128
128 128
128 128
128 128
128 128
128 128
128 128
128 128
128 128
128 128
128 128
128 128
128 128
128 128
128 128
128 128
128 128
128 128
128 128
128 128
128 128
128 128
128 128
128 128
128 128
128 128
128 128
128 128
128 128
128 128
128 128
128 128
128 128
128 128
128 128
128 128
128 128
128 128
128 128
128 128
128 128
128 128
128 128
128 128
128 128
128 128
128 128
128 128
128 128
128 128
128 128
128 128
128 128
128 128
128 128
128 128
128 128
128 128
128 128
128 128
128 128
128 128
128 128
128 128
128 128
128 128
128 128
128 128
128 128
128 128
128 128
128 128
128 128
128 128
128 128
128 128
128 128
128 128
128 128
128 128
128 128
128 128
128 128
128 128
128 128
128 128
128 128
128 128
128 128
128 128
128 128
128 128
128 128
128 128
128 128
128 128
128 128
128 128
128 128
128 128
128 128
128 128
128 128
128 128
128 128
128 128
128 128
128 128
128 128
128 128
128 128
128 128
128 128
128 128
128 128
128 128
128 128
128 128
128 128
128 128
128 128
128 128
128 128
128 128
128 128
128 128
128 128
128 128
128 128
128 128
128 128
128 128
128 128
128 128
128 128
128 128
128 128
128 128
128 128
128 128
128 128
128 128
128 128
128 128
128 128
128 128
128 128
128 128
128 128
128 128
128 128
128 128
128 128
128 128
128 128
128 128
128 128
128 128
128 128
128 128
128 128
128 128
128 128
128 128
128 128
128 128
128 128
128 128
128 128
128 128
128 128
128 128
128 128
128 128
128 128
128 128
128 128
128 128
128 128
128 128
128 128
128 128
128 128
128 128
128 128
128 128
128 128
128 128
128 128
128 128
128 128
128 128
128 128
128 128
128 128
128 128
128 128
128 128
128 128
128 128
128 128
128 128
128 128
128 128
128 128
128 128
128 128
128 128
128 128
128 128
128 128
128 128
128 128
128 128
128 128
128 128
128 128
128 128
128 128
128 128
128 128
128 128
128 128
128 128
128 128
128 128
128 128
128 128
128 128
128 128
128 128
128 128
128 128
128 128
128 128
128 128
128 128
128 128
128 128
128 128
128 128
128 128
128 128
128 128
128 128
128 128
128 128
128 128
128 128
128 128
128 128
128 128
128 128
128 128
128 128
128 128
128 128
128 128
128 128
128 128
128 128
128 128
128 128
128 128
128 128
128 128
128 128
128 128
128 128
128 128
128 128
128 128
128 128
128 128
128 128
128 128
128 128
128 128
128 128
128 128
128 128
128 128
128 128
128 128
128 128
128 128
128 128
128 128
128 128
128 128
128 128
128 128
128 128
128 128
128 128
128 128
128 128
128 128
128 128
128 128
128 128
128 128
128 128
128 128
128 128
128 128
128 128
128 128
128 128
128 128
128 128
128 128
128 128
128 128
128 128
128 128
128 128
128 128
128 128
128 128
128 128
128 128
128 128
128 128
128 128
128 128
128 128
128 128
128 128
128 128
128 128
128 128
128 128
128 128
128 128
128 128
128 128
128 128
128 128
128 128
128 128
128 128
128 128
128 128
128 128
128 128
128 128
128 128
128 128
128 128
128 128
128 128
128 128
128 128
128 128
128 128
128 128
128 128
128 128
128 128
128 128
128 128
128 128
128 128
128 128
128 128
128 128
128 128
128 128
128 128
128 128
128 128
128 128
128 128
128 128
128 128
128 128
128 128
128 128
128 128
128 128
128 128
128 128
128 128
128 128
128 128
128 128
128 128
128 128
128 128
128 128
128 128
128 128
128 128
128 128
128 128
128 128
128 128
128 128
128 128
128 128
128 128
128 128
128 128
128 128
128 128
128 128
128 128
128 128
128 128
128 128
128 128
128 128
128 128
128 128
128 128
128 128
128 128
128 128
128 128
128 128
128 128
128 128
128 128
128 128
128 128
128 128
128 128
128 128
128 128
128 128
128 128
128 128
128 128
128 128
128 128
128 128
128 128
128 128
128 128
128 128
128 128
128 128
128 128
128 128
128 128
128 128
128 128
128 128
128 128
128 128
128 128
128 128
128 128
128 128
128 128
128 128
128 128
128 128
128 128
128 128
128 128
128 128
128 128
128 128
128 128
128 128
128 128
128 128
128 128
128 128
128 128
128 128
128 128
128 128
128 128
128 128
128 128
128 128
128 128
128 128
128 128
128 128
128 128
128 128
128 128
128 128
128 128
128 128
128 128
128 128
128 128
128 128
128 128
128 128
128 128
128 128
128 128
128 128
128 128
128 128
128 128
128 128
128 128
128 128
128 128
128 128
128 128
128 128
128 128
128 128
128 128
128 128
128 128
128 128
128 128
128 128
128 128
128 128
128 128
128 128
128 128
128 128
128 128
128 128
128 128
128 128
128 128
128 128
128 128
128 128
128 128
128 128
128 128
128 128
128 128
128 128
128 128
128 128
128 128
128 128
128 128
128 128
128 128
128 128
128 128
128 128
128 128
128 128
128 128
128 128
128 128
128 128
128 128
128 128
128 128
128 128
128 128
128 128
128 128
128 128
128 128
128 128
128 128
128 128
128 128
128 128
128 128
128 128
128 128
128 128
128 128
128 128
128 128
128 128
128 128
128 128
128 128
128 128
128 128
128 128
128 128
128 128
128 128
128 128
128 128
128 128
128 128
128 128
128 128
128 128
128 128
128 128
128 128
128 128
128 128
128 128
128 128
128 128
128 128
128 128
128 128
128 128
128 128
128 128
128 128
128 128
128 128
128 128
128 128
128 128
128 128
128 128
128 128
128 128
128 128
128 128
128 128
128 128
128 128
128 128
128 128
128 128
128 128
128 128
128 128
128 128
128 128
128 128
128 128
128 128
128 128
128 128
128 128
128 128
128 128
128 128
128 128
128 128
128 128
128 128
128 128
128 128
128 128
128 128
128 128
128 128
128 128
128 128
128 128
128 128
128 128
128 128
128 128
128 128
128 128
128 128
128 128
128 128
128 128
128 128
128 128
128 128
128 128
128 128
128 128
128 128
128 128
128 128
128 128
128 128
128 128
128 128
128 128
128 128
128 128
128 128
128 128
128 128
128 128
128 128
128 128
128 128
128 128
128 128
128 128
128 128
128 128
128 128
128 128
128 128
128 128
128 128
128 128
128 128
128 128
128 128
128 128
128 128
128 128
128 128
128 128
128 128
128 128
128 128
128 128
128 128
128 128
128 128
128 128
128 128
128 128
128 128
128 128
128 128
128 128
128 128
128 128
128 128
128 128
128 128
128 128
128 128
128 128
128 128
128 128
128 128
128 128
128 128
128 128
128 128
128 128
128 128
128 128
128 128
128 128
128 128
128 128
128 128
128 128
128 128
128 128
128 128
128 128
128 128
128 128
128 128
128 128
128 128
128 128
128 128
128 128
128 128
128 128
128 128
128 128
128 128
128 128
128 128
128 128
128 128
128 128
128 128
128 128
128 128
128 128
128 128
128 128
128 128
128 128
128 128
128 128
128 128
128 128
128 128
128 128
128 128
128 128
128 128
128 128
128 128
128 128
128 128
128 128
128 128
128 128
128 128
128 128
128 128
128 128
128 128
128 128
128 128
128 128
128 128
128 128
128 128
128 128
128 128
128 128
128 128
128 128
128 128
128 128
128 128
128 128
128 128
128 128
128 128
128 128
128 128
128 128
128 128
128 128
128 128
128 128
128 128
128 128
128 128
128 128
128 128
128 128
128 128
128 128
128 128
128 128
128 128
128 128
128 128
128 128
128 128
128 128
128 128
128 128
128 128
128 128
128 128
128 128
128 128
128 128
128 128
128 128
128 128
128 128
128 128
128 128
128 128
128 128
128 128
128 128
128 128
128 128
128 128
128 128
128 128
128 128
128 128
128 128
128 128
128 128
128 128
128 128
128 128
128 128
128 128
128 128
128 128
128 128
128 128
128 128
128 128
128 128
128 128
128 128
128 128
128 128
128 128
128 128
128 128
128 128
128 128
128 128
128 128
128 128
128 128
128 128
128 128
128 128
128 128
128 128
128 128
128 128
128 128
128 128
128 128
128 128
128 128
128 128
128 128
128 128
128 128
128 128
128 128
128 128
128 128
128 128
128 128
128 128
128 128
128 128
128 128
128 128
128 128
128 128
128 128
128 128
128 128
128 128
128 128
128 128
128 128
128 128
128 128
128 128
128 128
128 128
128 128
128 128
128 128
128 128
128 128
128 128
128 128
128 128
128 128
128 128
128 128
128 128
128 128
128 128
128 128
128 128
128 128
128 128
128 128
128 128
128 128
128 128
128 128
128 128
128 128
128 128
128 128
128 128
128 128
128 128
128 128
128 128
128 128
128 128
128 128
128 128
128 128
128 128
128 128
128 128
128 128
128 128
128 128
128 128
128 128
128 128
128 128
128 128
128 128
128 128
128 128
128 128
128 128
128 128
128 128
128 128
128 128
128 128
128 128
128 128
128 128
128 128
128 128
128 128
128 128
128 128
128 128
128 128
128 128
128 128
128 128
128 128
128 128
128 128
128 128
128 128
128 128
128 128
128 128
128 128
128 128
128 128
128 128
128 128
128 128
128 128
128 128
128 128
128 128
128 128
128 128
128 128
128 128
128 128
128 128
128 128
128 128
128 128
128 128
128 128
128 128
128 128
128 128
128 128
128 128
128 128
128 128
128 128
128 128
128 128
128 128
128 128
128 128
128 128
128 128
128 128
128 128
128 128
128 128
128 128
128 128
128 128
128 128
128 128
128 128
128 128
128 128
128 128
128 128
128 128
128 128
128 128
128 128
128 128
128 128
128 128
128 128
128 128
128 128
128 128
128 128
128 128
128 128
128 128
128 128
128 128
128 128
128 128
128 128
128 128
128 128
128 128
128 128
128 128
128 128
128 128
128 128
128 128
128 128
128 128
128 128
128 128
128 128
128 128
128 128
128 128
128 128
128 128
128 128
128 128
128 128
128 128
128 128
128 128
128 128
128 128
128 128
128 128
128 128
128 128
128 128
128 128
128 128
128 128
128 128
128 128
128 128
128 128
128 128
128 128
128 128
128 128
128 128
128 128
128 128
128 128
128 128
128 128
128 128
128 128
128 128
128 128
128 128
128 128
128 128
128 128
128 128
128 128
128 128
128 128
128 128
128 128
128 128
128 128
128 128
128 128
128 128
128 128
128 128
128 128
128 128
128 128
128 128
128 128
128 128
128 128
128 128
128 128
128 128
128 128
128 128
128 128
128 128
128 128
128 128
128 128
128 128
128 128
128 128
128 128
128 128
128 128
128 128
128 128
128 128
128 128
128 128
128 128
128 128
128 128
128 128
128 128
128 128
128 128
128 128
128 128
128 128
128 128
128 128
128 128
128 128
128 128
128 128
128 128
128 128
128 128
128 128
128 128
128 128
128 128
128 128
128 128
128 128
128 128
128 128
128 128
128 128
128 128
128 128
128 128
128 128
128 128
128 128
128 128
128 128
128 128
128 128
128 128
128 128
128 128
128 128
128 128
128 128
128 128
128 128
128 128
128 128
128 128
128 128
128 128
128 128
128 128
128 128
128 128
128 128
128 128
128 128
128 128
128 128
128 128
128 128
128 128
128 128
128 128
128 128
128 128
128 128
128 128
128 128
128 128
128 128
128 128
128 128
128 128
128 128
128 128
128 128
128 128
128 128
128 128
128 128
128 128
128 128
128 128
128 128
128 128
128 128
128 128
128 128
128 128
128 128
128 128
128 128
128 128
128 128
128 128
128 128
128 128
128 128
128 128
128 128
128 128
128 128
128 128
128 128
128 128
128 128
128 128
128 128
128 128
128 128
128 128
128 128
128 128
128 128
128 128
128 128
128 128
128 128
128 128
128 128
128 128
128 128
128 128
128 128
128 128
128 128
128 128
128 128
128 128
128 128
128 128
128 128
128 128
128 128
128 128
128 128
128 128
128 128
128 128
128 128
128 128
128 128
128 128
128 128
128 128
128 128
128 128
128 128
128 128
128 128
128 128
128 128
128 128
128 128
128 128
128 128
128 128
128 128
128 128
128 128
128 128
128 128
128 128
128 128
128 128
128 128
128 128
128 128
128 128
128 128
128 128
128 128
128 128
128 128
128 128
128 128
128 128
128 128
128 128
128 128
128 128
128 128
128 128
128 128
128 128
128 128
128 128
128 128
128 128
128 128
128 128
128 128
128 128
128 128
128 128
128 128
128 128
128 128
128 128
128 128
128 128
128 128
128 128
128 128
128 128
128 128
128 128
128 128
128 128
128 128
128 128
128 128
128 128
128 128
128 128
128 128
128 128
128 128
128 128
128 128
128 128
128 128
128 128
128 128
128 128
128 128
128 128
128 128
128 128
128 128
128 128
128 128
128 128
128 128
128 128
128 128
128 128
128 128
128 128
128 128
128 128
128 128
128 128
128 128
128 128
128 128
128 128
128 128
128 128
128 128
128 128
128 128
128 128
128 128
128 128
128 128
128 128
128 128
128 128
128 128
128 128
128 128
128 128
128 128
128 128
128 128
128 128
128 128
128 128
128 128
128 128
128 128
128 128
128 128
128 128
128 128
128 128
128 128
128 128
128 128
128 128
128 128
128 128
128 128
128 128
128 128
128 128
128 128
128 128
128 128
128 128
128 128
128 128
128 128
128 128
128 128
128 128
128 128
128 128
128 128
128 128
128 128
128 128
128 128
128 128
128 128
128 128
128 128
128 128
128 128
128 128
128 128
128 128
128 128
128 128
128 128
128 128
128 128
128 128
128 128
128 128
128 128
128 128
128 128
128 128
128 128
128 128
128 128
128 128
128 128
128 128
128 128
128 128
128 128
128 128
128 128
128 128
128 128
128 128
128 128
128 128
128 128
128 128
128 128
128 128
128 128
128 128
128 128
128 128
128 128
128 128
128 128
128 128
128 128
128 128
128 128
128 128
128 128
128 128
128 128
128 128
128 128
128 128
128 128
128 128
128 128
128 128
128 128
128 128
128 128
128 128
128 128
128 128
128 128
128 128
128 128
128 128
128 128
128 128
128 128
128 128
128 128
128 128
128 128
128 128
128 128
128 128
128 128
128 128
128 128
128 128
128 128
128 128
128 128
128 128
128 128
128 128
128 128
128 128
128 128
128 128
128 128
128 128
128 128
128 128
128 128
128 128
128 128
128 128
128 128
128 128
128 128
128 128
128 128
128 128
128 128
128 128
128 128
128 128
128 128
128 128
128 128
128 128
128 128
128 128
128 128
128 128
128 128
128 128
128 128
128 128
128 128
128 128
128 128
128 128
128 128
128 128
128 128
128 128
128 128
128 128
128 128
128 128
128 128
128 128
128 128
128 128
128 128
128 128
128 128
128 128
128 128
128 128
128 128
128 128
128 128
128 128
128 128
128 128
128 128
128 128
128 128
128 128
128 128
128 128
128 128
128 128
128 128
128 128
128 128
128 128
128 128
128 128
128 128
128 128
128 128
128 128
128 128
128 128
128 128
128 128
128 128
128 128
128 128
128 128
128 128
128 128
128 128
128 128
128 128
128 128
128 128
128 128
128 128
128 128
128 128
128 128
128 128
128 128
128 128
128 128
128 128
128 128
128 128
128 128
128 128
128 128
128 128
128 128
128 128
128 128
128 128
128 128
128 128
128 128
128 128
128 128
128 128
128 128
128 128
128 128
128 128
128 128
128 128
128 128
128 128
128 128
128 128
128 128
128 128
128 128
128 128
128 128
128 128
128 128
128 128
128 128
128 128
128 128
128 128
128 128
128 128
128 128
128 128
128 128
128 128
128 128
128 128
128 128
128 128
128 128
128 128
128 128
128 128
128 128
128 128
128 128
128 128
128 128
128 128
128 128
128 128
128 128
128 128
128 128
128 128
128 128
128 128
128 128
128 128
128 128
128 128
128 128
128 128
128 128
128 128
128 128
128 128
128 128
128 128
128 128
128 128
128 128
128 128
128 128
128 128
128 128
128 128
128 128
128 128
128 128
128 128
128 128
128 128
128 128
128 128
128 128
128 128
128 128
128 128
128 128
128 128
128 128
128 128
128 128
128 128
128 128
128 128
128 128
128 128
128 128
128 128
128 128
128 128
128 128
128 128
128 128
128 128
128 128
128 128
128 128
128 128
128 128
128 128
128 128
128 128
128 128
128 128
128 128
128 128
128 128
128 128
128 128
128 128
128 128
128 128
128 128
128 128
128 128
128 128
128 128
128 128
128 128
128 128
128 128
128 128
128 128
128 128
128 128
128 128
128 128
128 128
128 128
128 128
128 128
128 128
128 128
128 128
128 128
128 128
128 128
128 128
128 128
128 128
128 128
128 128
128 128
128 128
128 128
128 128
128 128
128 128
128 128
128 128
128 128
128 128
128 128
128 128
128 128
128 128
128 128
128 128
128 128
128 128
128 128
128 128
128 128
128 128
128 128
128 128
128 128
128 128
128 128
128 128
128 128
128 128
128 128
128 128
128 128
128 128
128 128
128 128
128 128
128 128
128 128
128 128
128 128
128 128
128 128
128 128
128 128
128 128
128 128
128 128
128 128
128 128
128 128
128 128
128 128
128 128
128 128
128 128
128 128
128 128
128 128
128 128
128 128
128 128
128 128
128 128
128 128
128 128
128 128
128 128
128 128
128 128
128 128
128 128
128 128
128 128
128 128
128 128
128 128
128 128
128 128
128 128
128 128
128 128
128 128
128 128
128 128
128 128
128 128
128 128
128 128
128 128
128 128
128 128
128 128
128 128
128 128
128 128
128 128
128 128
128 128
128 128
128 128
128 128
128 128
128 128
128 128
128 128
128 128
128 128
128 128
128 128
128 128
128 128
128 128
128 128
128 128
128 128
128 128
128 128
128 128
128 128
128 128
128 128
128 128
128 128
128 128
128 128
128 128
128 128
128 128
128 128
128 128
128 128
128 128
128 128
128 128
128 128
128 128
128 128
128 128
128 128
128 128
128 128
128 128
128 128
128 128
128 128
128 128
128 128
128 128
128 128
128 128
128 128
128 128
128 128
128 128
128 128
128 128
128 128
128 128
128 128
128 128
128 128
128 128
128 128
128 128
128 128
128 128
128 128
128 128
128 128
128 128
128 128
128 128
128 128
128 128
128 128
128 128
128 128
128 128
128 128
128 128
128 128
128 128
128 128
128 128
128 128
128 128
128 128
128 128
128 128
128 128
128 128
128 128
128 128
128 128
128 128
128 128
128 128
128 128
128 128
128 128
128 128
128 128
128 128
128 128
128 128
128 128
128 128
128 128
128 128
128 128
128 128
128 128
128 128
128 128
128 128
128 128
128 128
128 128
128 128
128 128
128 128
128 128
128 128
128 128
128 128
128 128
128 128
128 128
128 128
128 128
128 128
128 128
128 128
128 128
128 128
128 128
128 128
128 128
128 128
128 128
128 128
128 128
128 128
128 128
128 128
128 128
128 128
128 128
128 128
128 128
128 128
128 128
128 128
128 128
128 128
128 128
128 128
128 128
128 128
128 128
128 128
128 128
128 128
128 128
128 128
128 128
128 128
128 128
128 128
128 128
128 128
128 128
128 128
128 128
128 128
128 128
128 128
128 128
128 128
128 128
128 128
128 128
128 128
128 128
128 128
128 128
128 128
128 128
128 128
128 128
128 128
128 128
128 128
128 128
128 128
128 128
128 128
128 128
128 128
128 128
128 128
128 128
128 128
128 128
128 128
128 128
128 128
128 128
128 128
128 128
128 128
128 128
128 128
128 128
128 128
128 128
128 128
128 128
128 128
128 128
128 128
128 128
128 128
128 128
128 128
128 128
128 128
128 128
128 128
128 128
128 128
128 128
128 128
128 128
128 128
128 128
128 128
128 128
128 128
128 128
128 128
128 128
128 128
128 128
128 128
128 128
128 128
128 128
128 128
128 128
128 128
128 128
128 128
128 128
128 128
128 128
128 128
128 128
128 128
128 128
128 128
128 128
128 128
128 128
128 128
128 128
128 128
128 128
128 128
128 128
128 128
128 128
128 128
128 128
128 128
128 128
128 128
128 128
128 128
128 128
128 128
128 128
128 128
128 128
128 128
128 128
128 128
128 128
128 128
128 128
128 128
128 128
128 128
128 128
128 128
128 128
128 128
128 128
128 128
128 128
128 128
128 128
128 128
128 128
128 128
128 128
128 128
128 128
128 128
128 128
128 128
128 128
128 128
128 128
128 128
128 128
128 128
128 128
128 128
128 128
128 128
128 128
128 128
128 128
128 128
128 128
128 128
128 128
128 128
128 128
128 128
128 128
128 128
128 128
128 128
128 128
128 128
128 128
128 128
128 128
128 128
128 128
128 128
128 128
128 128
128 128
128 128
128 128
128 128
128 128
128 128
128 128
128 128
128 128
128 128
128 128
128 128
128 128
128 128
128 128
128 128
128 128
128 128
128 128
128 128
128 128
128 128
128 128
128 128
128 128
128 128
128 128
128 128
128 128
128 128
128 128
128 128
128 128
128 128
128 128
128 128
128 128
128 128
128 128
128 128
128 128
128 128
128 128
128 128
128 128
128 128
128 128
128 128
128 128
128 128
128 128
128 128
128 128
128 128
128 128
128 128
128 128
128 128
128 128
128 128
128 128
128 128
128 128
128 128
128 128
128 128
128 128
128 128
128 128
128 128
128 128
128 128
128 128
128 128
128 128
128 128
128 128
128 128
128 128
128 128
128 128
128 128
128 128
128 128
128 128
128 128
128 128
128 128
128 128
128 128
128 128
128 128
128 128
128 128
128 128
128 128
128 128
128 128
128 128
128 128
128 128
128 128
128 128
128 128
128 128
128 128
128 128
128 128
128 128
128 128
128 128
128 128
128 128
128 128
128 128
128 128
128 128
128 128
128 128
128 128
128 128
128 128
128 128
128 128
128 128
128 128
128 128
128 128
128 128
128 128
128 128
128 128
128 128
128 128
128 128
128 128
128 128
128 128
128 128
128 128
128 128
128 128
128 128
128 128
128 128
128 128
128 128
128 128
128 128
128 128
128 128
128 128
128 128
128 128
128 128
128 128
128 128
128 128
128 128
128 128
128 128
128 128
128 128
128 128
128 128
128 128
128 128
128 128
128 128
128 128
128 128
128 128
128 128
128 128
128 128
128 128
128 128
128 128
128 128
128 128
128 128
128 128
128 128
128 128
128 128
128 128
128 128
128 128
128 128
128 128
128 128
128 128
128 128
128 128
128 128
128 128
128 128
128 128
128 128
128 128
128 128
128 128
128 128
128 128
128 128
128 128
128 128
128 128
128 128
128 128
128 128
128 128
128 128
128 128
128 128
128 128
128 128
128 128
128 128
128 128
128 128
128 128
128 128
128 128
128 128
128 128
128 128
128 128
128 128
128 128
128 128
128 128
128 128
128 128
128 128
128 128
128 128
128 128
128 128
128 128
128 128
128 128
128 128
128 128
128 128
128 128
128 128
128 128
128 128
128 128
128 128
128 128
128 128
128 128
128 128
128 128
128 128
128 128
128 128
128 128
128 128
128 128
128 128
128 128
128 128
128 128
128 128
128 128
128 128
128 128
128 128
128 128
128 128
128 128
128 128
128 128
128 128
128 128
128 128
128 128
128 128
128 128
128 128
128 128
128 128
128 128
128 128
128 128
128 128
128 128
128 128
128 128
128 128
128 128
128 128
128 128
128 128
128 128
128 128
128 128
128 128
128 128
128 128
128 128
128 128
128 128
128 128
128 128
128 128
128 128
128 128
128 128
128 128
128 128
128 128
128 128
128 128
128 128
128 128
128 128
128 128
128 128
128 128
128 128
128 128
128 128
128 128
128 128
128 128
128 128
128 128
128 128
128 128
128 128
128 128
128 128
128 128
128 128
128 128
128 128
128 128
128 128
128 128
128 128
128 128
128 128
128 128
128 128
128 128
128 128
128 128
128 128
128 128
128 128
128 128
128 128
128 128
128 128
128 128
128 128
128 128
128 128
128 128
128 128
128 128
128 128
128 128
128 128
128 128
128 128
128 128
128 128
128 128
128 128
128 128
128 128
128 128
128 128
128 128
128 128
128 128
128 128
128 128
128 128
128 128
128 128
128 128
128 128
128 128
128 128
128 128
128 128
128 128
128 128
128 128
128 128
128 128
128 128
128 128
128 128
128 128
128 128
128 128
128 128
128 128
128 128
128 128
128 128
128 128
128 128
128 128
128 128
128 128
128 128
128 128
128 128
128 128
128 128
128 128
128 128
128 128
128 128
128 128
128 128
128 128
128 128
128 128
128 128
128 128
128 128
128 128
128 128
128 128
128 128
128 128
128 128
128 128
128 128
128 128
128 128
128 128
128 128
128 128
128 128
128 128
128 128
128 128
128 128
128 128
128 128
128 128
128 128
128 128
128 128
128 128
128 128
128 128
128 128
128 128
128 128
128 128
128 128
128 128
128 128
128 128
128 128
128 128
128 128
128 128
128 128
128 128
128 128
128 128
128 128
128 128
128 128
128 128
128 128
128 128
128 128
128 128
128 128
128 128
128 128
128 128
128 128
128 128
128 128
128 128
128 128
128 128
128 128
128 128
128 128
128 128
128 128
128 128
128 128
128 128
128 128
128 128
128 128
128 128
128 128
128 128
128 128
128 128
128 128
128 128
128 128
128 128
128 128
128 128
128 128
128 128
128 128
128 128
128 128
128 128
128 128
128 128
128 128
128 128
128 128
128 128
128 128
128 128
128 128
128 128
128 128
128 128
128 128
128 128
128 128
128 128
128 128
128 128
128 128
128 128
128 128
128 128
128 128
128 128
128 128
128 128
128 128
128 128
128 128
128 128
128 128
128 128
128 128
128 128
128 128
128 128
128 128
128 128
128 128
128 128
128 128
128 128
128 128
128 128
128 128
128 128
128 128
128 128
128 128
128 128
128 128
128 128
128 128
128 128
128 128
128 128
128 128
128 128
128 128
128 128
128 128
128 128
128 128
128 128
128 128
128 128
128 128
128 128
128 128
128 128
128 128
128 128
128 128
128 128
128 128
128 128
128 128
128 128
128 128
128 128
128 128
128 128
128 128
128 128
128 128
128 128
128 128
128 128
128 128
128 128
128 128
128 128
128 128
128 128
128 128
128 128
128 128
128 128
128 128
128 128
128 128
128 128
128 128
128 128
128 128
128 128
128 128
128 128
128 128
128 128
128 128
128 128
128 128
128 128
128 128
128 128
128 128
128 128
128 128
128 128
128 128
128 128
128 128
128 128
128 128
128 128
128 128
128 128
128 128
128 128
128 128
128 128
128 128
128 128
128 128
128 128
128 128
128 128
128 128
128 128
128 128
128 128
128 128
128 128
128 128
128 128
128 128
128 128
128 128
128 128
128 128
128 128
128 128
128 128
128 128
128 128
128 128
128 128
128 128
128 128
128 128
128 128
128 128
128 128
128 128
128 128
128 128
128 128
128 128
128 128
128 128
128 128
128 128
128 128
128 128
128 128
128 128
128 128
128 128
128 128
128 128
128 128
128 128
128 128
128 128
128 128
128 128
128 128
128 128
128 128
128 128
128 128
128 128
128 128
128 128
128 128
128 128
128 128
128 128
128 128
128 128
128 128
128 128
128 128
128 128
128 128
128 128
128 128
128 128
128 128
128 128
128 128
128 128
128 128
128 128
128 128
128 128
128 128
128 128
128 128
128 128
128 128
128 128
128 128
128 128
128 128
128 128
128 128
128 128
128 128
128 128
128 128
128 128
128 128
128 128
128 128
128 128
128 128
128 128
128 128
128 128
128 128
128 128
128 128
128 128
128 128
128 128
128 128
128 128
128 128
128 128
128 128
128 128
128 128
128 128
128 128
128 128
128 128
128 128
128 128
128 128
128 128
128 128
128 128
128 128
128 128
128 128
128 128
128 128
128 128
128 128
128 128
128 128
128 128
128 128
128 128
128 128
128 128
128 128
128 128
128 128
128 128
128 128
128 128
128 128
128 128
128 128
128 128
128 128
128 128
128 128
128 128
128 128
128 128
128 128
128 128
128 128
128 128
128 128
128 128
128 128
128 128
128 128
128 128
128 128
128 128
128 128
128 128
128 128
128 128
128 128
128 128
128 128
128 128
128 128
128 128
128 128
128 128
128 128
128 128
128 128
128 128
128 128
128 128
128 128
128 128
128 128
128 128
128 128
128 128
128 128
128 128
128 128
128 128
128 128
128 128
128 128
128 128
128 128
128 128
128 128
128 128
128 128
128 128
128 128
128 128
128 128
128 128
128 128
128 128
128 128
128 128
128 128
128 128
128 128
128 128
128 128
128 128
128 128
128 128
128 128
128 128
128 128
128 128
128 128
128 128
128 128
128 128
128 128
128 128
128 128
128 128
128 128
128 128
128 128
128 128
128 128
128 128
128 128
128 128
128 128
128 128
128 128
128 128
128 128
128 128
128 128
128 128
128 128
128 128
128 128
128 128
128 128
128 128
128 128
128 128
128 128
128 128
128 128
128 128
128 128
128 128
128 128
128 128
128 128
128 128
128 128
128 128
128 128
128 128
128 128
128 128
128 128
128 128
128 128
128 128
128 128
128 128
128 128
128 128
128 128
128 128
128 128
128 128
128 128
128 128
128 128
128 128
128 128
128 128
128 128
128 128
128 128
128 128
128 128
128 128
128 128
128 128
128 128
128 128
128 128
128 128
128 128
128 128
128 128
128 128
128 128
128 128
128 128
128 128
128 128
128 128
128 128
128 128
128 128
128 128
128 128
128 128
128 128
128 128
128 128
128 128
128 128
128 128
128 128
128 128
128 128
128 128
128 128
128 128
128 128
128 128
128 128
128 128
128 128
128 128
128 128
128 128
128 128
128 128
128 128
128 128
128 128
128 128
128 128
128 128
128 128
128 128
128 128
128 128
128 128
128 128
128 128
128 128
128 128
128 128
128 128
128 128
128 128
128 128
128 128
128 128
128 128
128 128
128 128
128 128
128 128
128 128
128 128
128 128
128 128
128 128
128 128
128 128
128 128
128 128
128 128
128 128
128 128
128 128
128 128
128 128
128 128
128 128
128 128
128 128
128 128
128 128
128 128
128 128
128 128
128 128
128 128
128 128
128 128
128 128
128 128
128 128
128 128
128 128
128 128
128 128
128 128
128 128
128 128
128 128
128 128
128 128
128 128
128 128
128 128
128 128
128 128
128 128
128 128
128 128
128 128
128 128
128 128
128 128
128 128
128 128
128 128
128 128
128 128
128 128
128 128
128 128
128 128
128 128
128 128
128 128
128 128
128 128
128 128
128 128
128 128
128 128
128 128
128 128
128 128
128 128
128 128
128 128
128 128
128 128
128 128
128 128
128 128
128 128
128 128
128 128
128 128
128 128
128 128
128 128
128 128
128 128
128 128
128 128
128 128
128 128
128 128
128 128
128 128
128 128
128 128
128 128
128 128
128 128
128 128
128 128
128 128
128 128
128 128
128 128
128 128
128 128
128 128
128 128
128 128
128 128
128 128
128 128
128 128
128 128
128 128
128 128
128 128
128 128
128 128
128 128
128 128
128 128
128 128
128 128
128 128
128 128
128 128
128 128
128 128
128 128
128 128
128 128
128 128
128 128
128 128
128 128
128 128
128 128
128 128
128 128
128 128
128 128
128 128
128 128
128 128
128 128
128 128
128 128
128 128
128 128
128 128
128 128
128 128
128 128
128 128
128 128
128 128
128 128
128 128
128 128
128 128
128 128
128 128
128 128
128 128
128 128
128 128
128 128
128 128
128 128
128 128
128 128
128 128
128 128
128 128
128 128
128 128
128 128
128 128
128 128
128 128
128 128
128 128
128 128
128 128
128 128
128 128
128 128
128 128
128 128
128 128
128 128
128 128
128 128
128 128
128 128
128 128
128 128
128 128
128 128
128 128
128 128
128 128
128 128
128 128
128 128
128 128
128 128
128 128
128 128
128 128
128 128
128 128
128 128
128 128
128 128
128 128
128 128
128 128
128 128
128 128
128 128
128 128
128 128
128 128
128 128
128 128
128 128
128 128
128 128
128 128
128 128
128 128
128 128
128 128
128 128
128 128
128 128
128 128
128 128
128 128
128 128
128 128
128 128
128 128
128 128
128 128
128 128
128 128
128 128
128 128
128 128
128 128
128 128
128 128
128 128
128 128
128 128
128 128
128 128
128 128
128 128
128 128
128 128
128 128
128 128
128 128
128 128
128 128
128 128
128 128
128 128
128 128
128 128
128 128
128 128
128 128
128 128
128 128
128 128
128 128
128 128
128 128
128 128
128 128
128 128
128 128
128 128
128 128
128 128
128 128
128 128
128 128
128 128
128 128
128 128
128 128
128 128
128 128
128 128
128 128
128 128
128 128
128 128
128 128
128 128
128 128
128 128
128 128
128 128
128 128
128 128
128 128
128 128
128 128
128 128
128 128
128 128
128 128
128 128
128 128
128 128
128 128
128 128
128 128
128 128
128 128
128 128
128 128
128 128
128 128
128 128
128 128
128 128
128 128
128 128
128 128
128 128
128 128
128 128
128 128
128 128
128 128
128 128
128 128
128 128
128 128
128 128
128 128
128 128
128 128
128 128
128 128
128 128
128 128
128 128
128 128
128 128
128 128
128 128
128 128
128 128
128 128
128 128
128 128
128 128
128 128
128 128
128 128
128 128
128 128
128 128
128 128
128 128
128 128
128 128
128 128
128 128
128 128
128 128
128 128
128 128
128 128
128 128
128 128
128 128
128 128
128 128
128 128
128 128
128 128
128 128
128 128
128 128
128 128
128 128
128 128
128 128
128 128
128 128
128 128
128 128
128 128
128 128
128 128
128 128
128 128
128 128
128 128
128 128
128 128
128 128
128 128
128 128
128 128
128 128
128 128
128 128
128 128
128 128
128 128
128 128
128 128
128 128
128 128
128 128
128 128
128 128
128 128
128 128
128 128
128 128
128 128
128 128
128 128
128 128
128 128
128 128
128 128
128 128
128 128
128 128
128 128
128 128
128 128
128 128
128 128
128 128
128 128
128 128
128 128
128 128
128 128
128 128
128 128
128 128
128 128
128 128
128 128
128 128
128 128
128 128
128 128
128 128
128 128
128 128
128 128
128 128
128 128
128 128
128 128
128 128
128 128
128 128
128 128
128 128
128 128
128 128
128 128
128 128
128 128
128 128
128 128
128 128
128 128
128 128
128 128
128 128
128 128
128 128
128 128
128 128
128 128
128 128
128 128
128 128
128 128
128 128
128 128
128 128
128 128
128 128
128 128
128 128
128 128
128 128
128 128
128 128
128 128
128 128
128 128
128 128
128 128
128 128
128 128
128 128
128 128
128 128
128 128
128 128
128 128
128 128
128 128
128 128
128 128
128 128
128 128
128 128
128 128
128 128
128 128
128 128
128 128
128 128
128 128
128 128
128 128
128 128
128 128
128 128
128 128
128 128
128 128
128 128
128 128
128 128
128 128
128 128
128 128
128 128
128 128
128 128
128 128
128 128
128 128
128 128
128 128
128 128
128 128
128 128
128 128
128 128
128 128
128 128
128 128
128 128
128 128
128 128
128 128
128 128
128 128
128 128
128 128
128 128
128 128
128 128
128 128
128 128
128 128
128 128
128 128
128 128
128 128
128 128
128 128
128 128
128 128
128 128
128 128
128 128
128 128
128 128
128 128
128 128
128 128
128 128
128 128
128 128
128 128
128 128
128 128
128 128
128 128
128 128
128 128
128 128
128 128
128 128
128 128
128 128
128 128
128 128
128 128
128 128
128 128
128 128
128 128
128 128
128 128
128 128
128 128
128 128
128 128
128 128
128 128
128 128
128 128
128 128
128 128
128 128
128 128
128 128
128 128
128 128
128 128
128 128
128 128
128 128
128 128
128 128
128 128
128 128
128 128
128 128
128 128
128 128
128 128
128 128
128 128
128 128
128 128
128 128
128 128
128 128
128 128
128 128
128 128
128 128
128 128
128 128
128 128
128 128
128 128
128 128
128 128
128 128
128 128
128 128
128 128
128 128
128 128
128 128
128 128
128 128
128 128
128 128
128 128
128 128
128 128
128 128
128 128
128 128
128 128
128 128
128 128
128 128
128 128
128 128
128 128
128 128
128 128
128 128
128 128
128 128
128 128
128 128
128 128
128 128
128 128
128 128
128 128
128 128
128 128
128 128
128 128
128 128
128 128
128 128
128 128
128 128
128 128
128 128
128 128
128 128
128 128
128 128
128 128
128 128
128 128
128 128
128 128
128 128
128 128
128 128
128 128
128 128
128 128
128 128
128 128
128 128
128 128
128 128
128 128
128 128
128 128
128 128
128 128
128 128
128 128
128 128
128 128
128 128
128 128
128 128
128 128
128 128
128 128
128 128
128 128
128 128
128 128
128 128
128 128
128 128
128 128
128 128
128 128
128 128
128 128
128 128
128 128
128 128
128 128
128 128
128 128
128 128
128 128
128 128
128 128
128 128
128 128
128 128
128 128
128 128
128 128
128 128
128 128
128 128
128 128
128 128
128 128
128 128
128 128
128 128
128 128
128 128
128 128
128 128
128 128
128 128
128 128
128 128
128 128
128 128
128 128
128 128
128 128
128 128
128 128
128 128
128 128
128 128
128 128
128 128
128 128
128 128
128 128
128 128
128 128
128 128
128 128
128 128
128 128
128 128
128 128
128 128
128 128
128 128
128 128
128 128
128 128
128 128
128 128
128 128
128 128
128 128
128 128
128 128
128 128
128 128
128 128
128 128
128 128
128 128
128 128
128 128
128 128
128 128
128 128
128 128
128 128
128 128
128 128
128 128
128 128
128 128
128 128
128 128
128 128
128 128
128 128
128 128
128 128
128 128
128 128
128 128
128 128
128 128
128 128
128 128
128 128
128 128
128 128
128 128
128 128
128 128
128 128
128 128
128 128
128 128
128 128
128 128
128 128
128 128
128 128
128 128
128 128
128 128
128 128
128 128
128 128
128 128
128 128
128 128
128 128
128 128
128 128
128 128
128 128
128 128
128 128
128 128
128 128
128 128
128 128
128 128
128 128
128 128
128 128
128 128
128 128
128 128
128 128
128 128
128 128
128 128
128 128
128 128
128 128
128 128
128 128
128 128
128 128
128 128
128 128
128 128
128 128
128 128
128 128
128 128
128 128
128 128
128 128
128 128
128 128
128 128
128 128
128 128
128 128
128 128
128 128
128 128
128 128
128 128
128 128
128 128
128 128
128 128
128 128
128 128
128 128
128 128
128 128
128 128
128 128
128 128
128 128
128 128
128 128
128 128
128 128
128 128
128 128
128 128
128 128
128 128
128 128
128 128
128 128
128 128
128 128
128 128
128 128
128 128
128 128
128 128
128 128
128 128
128 128
128 128
128 128
128 128
128 128
128 128
128 128
128 128
128 128
128 128
128 128
128 128
128 128
128 128
128 128
128 128
128 128
128 128
128 128
128 128
128 128
128 128
128 128
128 128
128 128
128 128
128 128
128 128
128 128
128 128
128 128
128 128
128 128
128 128
128 128
128 128
128 128
128 128
128 128
128 128
128 128
128 128
128 128
128 128
128 128
128 128
128 128
128 128
128 128
128 128
128 128
128 128
128 128
128 128
128 128
128 128
128 128
128 128
128 128
128 128
128 128
128 128
128 128
128 128
128 128
128 128
128 128
128 128
128 128
128 128
128 128
128 128
128 128
128 128
128 128
128 128
128 128
128 128
128 128
128 128
128 128
128 128
128 128
128 128
128 128
128 128
128 128
128 128
128 128
128 128
128 128
128 128
128 128
128 128
128 128
128 128
128 128
128 128
128 128
128 128
128 128
128 128
128 128
128 128
128 128
128 128
128 128
128 128
128 128
128 128
128 128
128 128
128 128
128 128
128 128
128 128
128 128
128 128
128 128
128 128
128 128
128 128
128 128
128 128
128 128
128 128
128 128
128 128
128 128
128 128
128 128
128 128
128 128
128 128
128 128
128 128
128 128
128 128
128 128
128 128
128 128
128 128
128 128
128 128
128 128
128 128
128 128
128 128
128 128
128 128
128 128
128 128
128 128
128 128
128 128
128 128
128 128
128 128
128 128
128 128
128 128
128 128
128 128
128 128
128 128
128 128
128 128
128 128
128 128
128 128
128 128
128 128
128 128
128 128
128 128
128 128
128 128
128 128
128 128
128 128
128 128
128 128
128 128
128 128
128 128
128 128
128 128
128 128
128 128
128 128
128 128
128 128
128 128
128 128
128 128
128 128
128 128
128 128
128 128
128 128
128 128
128 128
128 128
128 128
128 128
128 128
128 128
128 128
128 128
128 128
128 128
128 128
128 128
128 128
128 128
128 128
128 128
128 128
128 128
128 128
128 128
128 128
128 128
128 128
128 128
128 128
128 128
128 128
128 128
128 128
128 128
128 128
128 128
128 128
128 128
128 128
128 128
128 128
128 128
128 128
128 128
128 128
128 128
128 128
128 128
128 128
128 128
128 128
128 128
128 128
128 128
128 128
128 128
128 128
128 128
128 128
128 128
128 128
128 128
128 128
128 128
128 128
128 128
128 128
128 128
128 128
128 128
128 128
128 128
128 128
128 128
128 128
128 128
128 128
128 128
128 128
128 128
128 128
128 128
128 128
128 128
128 128
128 128
128 128
128 128
128 128
128 128
128 128
128 128
128 128
128 128
128 128
128 128
128 128
128 128
128 128
128 128
128 128
128 128
128 128
128 128
128 128
128 128
128 128
128 128
128 128
128 128
128 128
128 128
128 128
128 128
128 128
128 128
128 128
128 128
128 128
128 128
128 128
128 128
128 128
128 128
128 128
128 128
128 128
128 128
128 128
128 128
128 128
128 128
128 128
128 128
128 128
128 128
128 128
128 128
128 128
128 128
128 128
128 128
128 128
128 128
128 128
128 128
128 128
128 128
128 128
128 128
128 128
128 128
128 128
128 128
128 128
128 128
128 128
128 128
128 128
128 128
128 128
128 128
128 128
128 128
128 128
128 128
128 128
128 128
128 128
128 128
128 128
128 128
128 128
128 128
128 128
128 128
128 128
128 128
128 128
128 128
128 128
128 128
128 128
128 128
128 128
128 128
128 128
128 128
128 128
128 128
128 128
128 128
128 128
128 128
128 128
128 128
128 128
128 128
128 128
128 128
128 128
128 128
128 128
128 128
128 128
128 128
128 128
128 128
128 128
128 128
128 128
128 128
128 128
128 128
128 128
128 128
128 128
128 128
128 128
128 128
128 128
128 128
128 128
128 128
128 128
128 128
128 128
128 128
128 128
128 128
128 128
128 128
128 128
128 128
128 128
128 128
128 128
128 128
128 128
128 128
128 128
128 128
128 128
128 128
128 128
128 128
128 128
128 128
128 128
128 128
128 128
128 128
128 128
128 128
128 128
128 128
128 128
128 128
128 128
128 128
128 128
128 128
128 128
128 128
128 128
128 128
128 128
128 128
128 128
128 128
128 128
128 128
128 128
128 128
128 128
128 128
128 128
128 128
128 128
128 128
128 128
128 128
128 128
128 128
128 128
128 128
128 128
128 128
128 128
128 128
128 128
128 128
128 128
128 128
128 128
128 128
128 128
128 128
128 128
128 128
128 128
128 128
128 128
128 128
128 128
128 128
128 128
128 128
128 128
128 128
128 128
128 128
128 128
128 128
128 128
128 128
128 128
128 128
128 128
128 128
128 128
128 128
128 128
128 128
128 128
128 128
128 128
128 128
128 128
128 128
128 128
128 128
128 128
128 128
128 128
128 128
128 128
128 128
128 128
128 128
128 128
128 128
128 128
128 128
128 128
128 128
128 128
128 128
128 128
128 128
128 128
128 128
128 128
128 128
128 128
128 128
128 128
128 128
128 128
128 128
128 128
128 128
128 128
128 128
128 128
128 128
128 128
128 128
128 128
128 128
128 128
128 128
128 128
128 128
128 128
128 128
128 128
128 128
128 128
128 128
128 128
128 128
128 128
128 128
128 128
128 128
128 128
128 128
128 128
128 128
128 128
128 128
128 128
128 128
128 128
128 128
128 128
128 128
128 128
128 128
128 128
128 128
128 128
128 128
128 128
128 128
128 128
128 128
128 128
128 128
128 128
128 128
128 128
128 128
128 128
128 128
128 128
128 128
128 128
128 128
128 128
128 128
128 128
128 128
128 128
128 128
128 128
128 128
128 128
128 128
128 128
128 128
128 128
128 128
128 128
128 128
128 128
128 128
128 128
128 128
128 128
128 128
128 128
128 128
128 128
128 128
128 128
128 128
128 128
128 128
128 128
128 128
128 128
128 128
128 128
128 128
128 128
128 128
128 128
128 128
128 128
128 128
128 128
128 128
128 128
128 128
128 128
128 128
128 128
128 128
128 128
128 128
128 128
128 128
128 128
128 128
128 128
128 128
128 128
128 128
128 128
128 128
128 128
128 128
128 128
128 128
128 128
128 128
128 128
128 128
128 128
128 128
128 128
128 128
128 128
128 128
128 128
128 128
128 128
128 128
128 128
128 128
128 128
128 128
128 128
128 128
128 128
128 128
128 128
128 128
128 128
128 128
128 128
128 128
128 128
128 128
128 128
128 128
128 128
128 128
128 128
128 128
128 128
128 128
128 128
128 128
128 128
128 128
128 128
128 128
128 128
128 128
128 128
128 128
128 128
128 128
128 128
128 128
128 128
128 128
128 128
128 128
128 128
128 128
128 128
128 128
128 128
128 128
128 128
128 128
128 128
128 128
128 128
128 128
128 128
128 128
128 128
128 128
128 128
128 128
128 128
128 128
128 128
128 128
128 128
128 128
128 128
128 128
128 128
128 128
128 128
128 128
128 128
128 128
128 128
128 128
128 128
128 128
128 128
128 128
128 128
128 128
128 128
128 128
128 128
128 128
128 128
128 128
128 128
128 128
128 128
128 128
128 128
128 128
128 128
128 128
128 128
128 128
128 128
128 128
128 128
128 128
128 128
128 128
128 128
128 128
128 128
128 128
128 128
128 128
128 128
128 128
128 128
128 128
128 128
128 128
128 128
128 128
128 128
128 128
128 128
128 128
128 128
128 128
128 128
128 128
128 128
128 128
128 128
128 128
128 128
128 128
128 128
128 128
128 128
128 128
128 128
128 128
128 128
128 128
128 128
128 128
128 128
128 128
128 128
128 128
128 128
128 128
128 128
128 128
128 128
128 128
128 128
128 128
128 128
128 128
128 128
128 128
128 128
128 128
128 128
128 128
128 128
128 128
128 128
128 128
128 128
128 128
128 128
128 128
128 128
128 128
128 128
128 128
128 128
128 128
128 128
128 128
128 128
128 128
128 128
128 128
128 128
128 128
128 128
128 128
128 128
128 128
128 128
128 128
128 128
128 128
128 128
128 128
128 128
128 128
128 128
128 128
128 128
128 128
128 128
128 128
128 128
128 128
128 128
128 128
128 128
128 128
128 128
128 128
128 128
128 128
128 128
128 128
128 128
128 128
128 128
128 128
128 128
128 128
128 128
128 128
128 128
128 128
128 128
128 128
128 128
128 128
128 128
128 128
128 128
128 128
128 128
128 128
128 128
128 128
128 128
128 128
128 128
128 128
128 128
128 128
128 128
128 128
128 128
128 128
128 128
128 128
128 128
128 128
128 128
128 128
128 128
128 128
128 128
128 128
128 128
128 128
128 128
128 128
128 128
128 128
128 128
128 128
128 128
128 128
128 128
128 128
128 128
128 128
128 128
128 128
128 128
128 128
128 128
128 128
128 128
128 128
128 128
128 128
128 128
128 128
128 128
128 128
128 128
128 128
128 128
128 128
128 128
128 128
128 128
128 128
128 128
128 128
128 128
128 128
128 128
128 128
128 128
128 128
128 128
128 128
128 128
128 128
128 128
128 128
128 128
128 128
128 128
128 128
128 128
128 128
128 128
128 128
128 128
128 128
128 128
128 128
128 128
128 128
128 128
128 128
128 128
128 128
128 128
128 128
128 128
128 128
128 128
128 128
128 128
128 128
128 128
128 128
128 128
128 128
128 128
128 128
128 128
128 128
128 128
128 128
128 128
128 128
128 128
128 128
128 128
128 128
128 128
128 128
128 128
128 128
128 128
128 128
128 128
128 128
128 128
128 128
128 128
128 128
128 128
128 128
128 128
128 128
128 128
128 128
128 128
128 128
128 128
128 128
128 128
128 128
128 128
128 128
128 128
128 128
128 128
128 128
128 128
128 128
128 128
128 128
128 128
128 128
128 128
128 128
128 128
128 128
128 128
128 128
128 128
128 128
128 128
128 128
128 128
128 128
128 128
128 128
128 128
128 128
128 128
128 128
128 128
128 128
128 128
128 128
128 128
128 128
128 128
128 128
128 128
128 128
128 128
128 128
128 128
128 128
128 128
128 128
128 128
128 128
128 128
128 128
128 128
128 128
128 128
128 128
128 128
128 128
128 128
128 128
128 128
128 128
128 128
128 128
128 128
128 128
128 128
128 128
128 128
128 128
128 128
128 128
128 128
128 128
128 128
128 128
128 128
128 128
128 128
128 128
128 128
128 128
128 128
128 128
128 128
128 128
128 128
128 128
128 128
128 128
128 128
128 128
128 128
128 128
128 128
128 128
128 128
128 128
128 128
128 128
128 128
128 128
128 128
128 128
128 128
128 128
128 128
128 128
128 128
128 128
128 128
128 128
128 128
128 128
128 128
128 128
128 128
128 128
128 128
128 128
128 128
128 128
128 128
128 128
128 128
128 128
128 128
128 128
128 128
128 128
128 128
128 128
128 128
128 128
128 128
128 128
128 128
128 128
128 128
128 128
128 128
128 128
128 128
128 128
128 128
128 128
128 128
128 128
128 128
128 128
128 128
128 128
128 128
128 128
128 128
128 128
128 128
128 128
128 128
128 128
128 128
128 128
128 128
128 128
128 128
128 128
128 128
128 128
128 128
128 128
128 128
128 128
128 128
128 128
128 128
128 128
128 128
128 128
128 128
128 128
128 128
128 128
128 128
128 128
128 128
128 128
128 128
128 128
128 128
128 128
128 128
128 128
128 128
128 128
128 128
128 128
128 128
128 128
128 128
128 128
128 128
128 128
128 128
128 128
128 128
128 128
128 128
128 128
128 128
128 128
128 128
128 128
128 128
128 128
128 128
128 128
128 128
128 128
128 128
128 128
128 128
128 128
128 128
128 128
128 128
128 128
128 128
128 128
128 128
128 128
128 128
128 128
128 128
128 128
128 128
128 128
128 128
128 128
128 128
128 128
128 128
128 128
128 128
128 128
128 128
128 128
128 128
128 128
128 128
128 128
128 128
128 128
128 128
128 128
128 128
128 128
128 128
128 128
128 128
128 128
128 128
128 128
128 128
128 128
128 128
128 128
128 128
128 128
128 128
128 128
128 128
128 128
128 128
128 128
128 128
128 128
128 128
128 128
128 128
128 128
128 128
128 128
128 128
128 128
128 128
128 128
128 128
128 128
128 128
128 128
128 128
128 128
128 128
128 128
128 128
128 128
128 128
128 128
128 128
128 128
128 128
128 128
128 128
128 128
128 128
128 128
128 128
128 128
128 128
128 128
128 128
128 128
128 128
128 128
128 128
128 128
128 128
128 128
128 128
128 128
128 128
128 128
128 128
128 128
128 128
128 128
128 128
128 128
128 128
128 128
128 128
128 128
128 128
128 128
128 128
128 128
128 128
128 128
128 128
128 128
128 128
128 128
128 128
128 128
128 128
128 128
128 128
128 128
128 128
128 128
128 128
128 128
128 128
128 128
128 128
128 128
128 128
128 128
128 128
128 128
128 128
128 128
128 128
128 128
128 128
128 128
128 128
128 128
128 128
128 128
128 128
128 128
128 128
128 128
128 128
128 128
128 128
128 128
128 128
128 128
128 128
128 128
128 128
128 128
128 128
128 128
128 128
128 128
128 128
128 128
128 128
128 128
128 128
128 128
128 128
128 128
128 128
128 128
128 128
128 128
128 128
128 128
128 128
128 128
128 128
128 128
128 128
128 128
128 128
128 128
128 128
128 128
128 128
128 128
128 128
128 128
128 128
128 128
128 128
128 128
128 128
128 128
128 128
128 128
128 128
128 128
128 128
128 128
128 128
128 128
128 128
128 128
128 128
128 128
128 128
128 128
128 128
128 128
128 128
128 128
128 128
128 128
128 128
128 128
128 128
128 128
128 128
128 128
128 128
128 128
128 128
128 128
128 128
128 128
128 128
128 128
128 128
128 128
128 128
128 128
128 128
128 128
128 128
128 128
128 128
128 128
128 128
128 128
128 128
128 128
128 128
128 128
128 128
128 128
128 128
128 128
128 128
128 128
128 128
128 128
128 128
128 128
128 128
128 128
128 128
128 128
128 128
128 128
128 128
128 128
128 128
128 128
128 128
128 128
128 128
128 128
128 128
128 128
128 128
128 128
128 128
128 128
128 128
128 128
128 128
128 128
128 128
128 128
128 128
128 128
128 128
128 128
128 128
128 128
128 128
128 128
128 128
128 128
128 128
128 128
128 128
128 128
128 128
128 128
128 128
128 128
128 128
128 128
128 128
128 128
128 128
128 128
128 128
128 128
128 128
128 128
128 128
128 128
128 128
128 128
128 128
128 128
128 128
128 128
128 128
128 128
128 128
128 128
128 128
128 128
128 128
128 128
128 128
128 128
128 128
128 128
128 128
128 128
128 128
128 128
128 128
128 128
128 128
128 128
128 128
128 128
128 128
128 128
128 128
128 128
128 128
128 128
128 128
128 128
128 128
128 128
128 128
128 128
128 128
128 128
128 128
128 128
128 128
128 128
128 128
128 128
128 128
128 128
128 128
128 128
128 128
128 128
128 128
128 128
128 128
128 128
128 128
128 128
128 128
128 128
128 128
128 128
128 128
128 128
128 128
128 128
128 128
128 128
128 128
128 128
128 128
128 128
128 128
128 128
128 128
128 128
128 128
128 128
128 128
128 128
128 128
128 128
128 128
128 128
128 128
128 128
128 128
128 128
128 128
128 128
128 128
128 128
128 128
128 128
128 128
128 128
128 128
128 128
128 128
128 128
128 128
128 128
128 128
128 128
128 128
128 128
128 128
128 128
128 128
128 128
128 128
128 128
128 128
128 128
128 128
128 128
128 128
128 128
128 128
128 128
128 128
128 128
128 128
128 128
128 128
128 128
128 128
128 128
128 128
128 128
128 128
128 128
128 128
128 128
128 128
128 128
128 128
128 128
128 128
128 128
128 128
128 128
128 128
128 128
128 128
128 128
128 128
128 128
128 128
128 128
128 128
128 128
128 128
128 128
128 128
128 128
128 128
128 128
128 128
128 128
128 128
128 128
128 128
128 128
128 128
128 128
128 128
128 128
128 128
128 128
128 128
128 128
128 128
128 128
128 128
128 128
128 128
128 128
128 128
128 128
128 128
128 128
128 128
128 128
128 128
128 128
128 128
128 128
128 128
128 128
128 128
128 128
128 128
128 128
128 128
128 128
128 128
128 128
128 128
128 128
128 128
128 128
128 128
128 128
128 128
128 128
128 128
128 128
128 128
128 128
128 128
128 128
128 128
128 128
128 128
128 128
128 128
128 128
128 128
128 128
128 128
128 128
128 128
128 128
128 128
128 128
128 128
128 128
128 128
128 128
128 128
128 128
128 128
128 128
128 128
128 128
128 128
128 128
128 128
128 128
128 128
128 128
128 128
128 128
128 128
128 128
128 128
128 128
128 128
128 128
128 128
128 128
128 128
128 128
128 128
128 128
128 128
128 128
128 128
128 128
128 128
128 128
128 128
128 128
128 128
128 128
128 128
128 128
128 128
128 128
128 128
128 128
128 128
128 128
128 128
128 128
128 128
128 128
128 128
128 128
128 128
128 128
128 128
128 128
128 128
128 128
128 128
128 128
128 128
128 128
128 128
128 128
128 128
128 128
128 128
128 128
128 128
128 128
128 128
128 128
128 128
128 128
128 128
128 128
128 128
128 128
128 128
128 128
128 128
128 128
128 128
128 128
128 128
128 128
128 128
128 128
128 128
128 128
128 128
128 128
128 128
128 128
128 128
128 128
128 128
128 128
128 128
128 128
128 128
128 128
128 128
128 128
128 128
128 128
128 128
128 128
128 128
128 128
128 128
128 128
128 128
128 128
128 128
128 128
128 128
128 128
128 128
128 128
128 128
128 128
128 128
128 128
128 128
128 128
128 128
128 128
128 128
128 128
128 128
128 128
128 128
128 128
128 128
128 128
128 128
128 128
128 128
128 128
128 128
128 128
128 128
128 128
128 128
128 128
128 128
128 128
128 128
128 128
128 128
128 128
128 128
128 128
128 128
128 128
128 128
128 128
128 128
128 128
128 128
128 128
128 128
128 128
128 128
128 128
128 128
128 128
128 128
128 128
128 128
128 128
128 128
128 128
128 128
128 128
128 128
128 128
128 128
128 128
128 128
128 128
128 128
128 128
128 128
128 128
128 128
128 128
128 128
128 128
128 128
128 128
128 128
128 128
128 128
128 128
128 128
128 128
128 128
128 128
128 128
128 128
128 128
128 128
128 128
128 128
128 128
128 128
128 128
128 128
128 128
128 128
128 128
128 128
128 128
128 128
128 128
128 128
128 128
128 128
128 128
128 128
128 128
128 128
128 128
128 128
128 128
128 128
128 128
128 128
128 128
128 128
128 128
128 128
128 128
128 128
128 128
128 128
128 128
128 128
128 128
128 128
128 128
128 128
128 128
128 128
128 128
128 128
128 128
128 128
128 128
128 128
128 128
128 128
128 128
128 128
128 128
128 128
128 128
128 128
128 128
128 128
128 128
128 128
128 128
128 128
128 128
128 128
128 128
128 128
128 128
128 128
128 128
128 128
128 128
128 128
128 128
128 128
128 128
128 128
128 128
128 128
128 128
128 128
128 128
128 128
128 128
128 128
128 128
128 128
128 128
128 128
128 128
128 128
128 128
128 128
128 128
128 128
128 128
128 128
128 128
128 128
128 128
128 128
128 128
128 128
128 128
128 128
128 128
128 128
128 128
128 128
128 128
128 128
128 128
128 128
128 128
128 128
128 128
128 128
128 128
128 128
128 128
128 128
128 128
128 128
128 128
128 128
128 128
128 128
128 128
128 128
128 128
128 128
128 128
128 128
128 128
128 128
128 128
128 128
128 128
128 128
128 128
128 128
128 128
128 128
128 128
128 128
128 128
128 128
128 128
128 128
128 128
128 128
128 128
128 128
128 128
128 128
128 128
128 128
128 128
128 128
128 128
128 128
128 128
128 128
128 128
128 128
128 128
128 128
128 128
128 128
128 128
128 128
128 128
128 128
128 128
128 128
128 128
128 128
128 128
128 128
128 128
128 128
128 128
128 128
128 128
128 128
128 128
128 128
128 128
128 128
128 128
128 128
128 128
128 128
128 128
128 128
128 128
128 128
128 128
128 128
128 128
128 128
128 128
128 128
128 128
128 128
128 128
128 128
128 128
128 128
128 128
128 128
128 128
128 128
128 128
128 128
128 128
128 128
128 128
128 128
128 128
128 128
128 128
128 128
128 128
128 128
128 128
128 128
128 128
128 128
128 128
128 128
128 128
128 128
128 128
128 128
128 128
128 128
128 128
128 128
128 128
128 128
128 128
128 128
128 128
128 128
128 128
128 128
128 128
128 128
128 128
128 128
128 128
128 128
128 128
128 128
128 128
128 128
128 128
128 128
128 128
128 128
128 128
128 128
128 128
128 128
128 128
128 128
128 128
128 128
128 128
128 128
128 128
128 128
128 128
128 128
128 128
128 128
128 128
128 128
128 128
128 128
128 128
128 128
128 128
128 128
128 128
128 128
128 128
128 128
128 128
128 128
128 128
128 128
128 128
128 128
128 128
128 128
128 128
128 128
128 128
128 128
128 128
128 128
128 128
128 128
128 128
128 128
128 128
128 128
128 128
128 128
128 128
128 128
128 128
128 128
128 128
128 128
128 128
128 128
128 128
128 128
128 128
128 128
128 128
128 128
128 128
128 128
128 128
128 128
128 128
128 128
128 128
128 128
128 128
128 128
128 128
128 128
128 128
128 128
128 128
128 128
128 128
128 128
128 128
128 128
128 128
128 128
128 128
128 128
128 128
128 128
128 128
128 128
128 128
128 128
128 128
128 128
128 128
128 128
128 128
128 128
128 128
128 128
128 128
128 128
128 128
128 128
128 128
128 128
128 128
128 128
128 128
128 128
128 128
128 128
128 128
128 128
128 128
128 128
128 128
128 128
128 128
128 128
128 128
128 128
128 128
128 128
128 128
128 128
128 128
128 128
128 128
128 128
128 128
128 128
128 128
128 128
128 128
128 128
128 128
128 128
128 128
128 128
128 128
128 128
128 128
128 128
128 128
128 128
128 128
128 128
128 128
128 128
128 128
128 128
128 128
128 128
128 128
128 128
128 128
128 128
128 128
128 128
128 128
128 128
128 128
128 128
128 128
128 128
128 128
128 128
128 128
128 128
128 128
128 128
128 128
128 128
128 128
128 128
128 128
128 128
128 128
128 128
128 128
128 128
128 128
128 128
128 128
128 128
128 128
128 128
128 128
128 128
128 128
128 128
128 128
128 128
128 128
128 128
128 128
128 128
128 128
128 128
128 128
128 128
128 128
128 128
128 128
128 128
128 128
128 128
128 128
128 128
128 128
128 128
128 128
128 128
128 128
128 128
128 128
128 128
128 128
128 128
128 128
128 128
128 128
128 128
128 128
128 128
128 128
128 128
128 128
128 128
128 128
128 128
128 128
128 128
128 128
128 128
128 128
128 128
128 128
128 128
128 128
128 128
128 128
128 128
128 128
128 128
128 128
128 128
128 128
128 128
128 128
128 128
128 128
128 128
128 128
128 128
128 128
128 128
128 128
128 128
128 128
128 128
128 128
128 128
128 128
128 128
128 128
128 128
128 128
128 128
128 128
128 128
128 128
128 128
128 128
128 128
128 128
128 128
128 128
128 128
128 128
128 128
128 128
128 128
128 128
128 128
128 128
128 128
128 128
128 128
128 128
128 128
128 128
128 128
128 128
128 128
128 128
128 128
128 128
128 128
128 128
128 128
128 128
128 128
128 128
128 128
128 128
128 128
128 128
128 128
128 128
128 128
128 128
128 128
128 128
128 128
128 128
128 128
128 128
128 128
128 128
128 128
128 128
128 128
128 128
128 128
128 128
128 128
128 128
128 128
128 128
128 128
128 128
128 128
128 128
128 128
128 128
128 128
128 128
128 128
128 128
128 128
128 128
128 128
128 128
128 128
128 128
128 128
128 128
128 128
128 128
128 128
128 128
128 128
128 128
128 128
128 128
128 128
128 128
128 128
128 128
128 128
128 128
128 128
128 128
128 128
128 128
128 128
128 128
128 128
128 128
128 128
128 128
128 128
128 128
128 128
128 128
128 128
128 128
128 128
128 128
128 128
128 128
128 128
128 128
128 128
128 128
128 128
128 128
128 128
128 128
128 128
128 128
128 128
128 128
128 128
128 128
128 128
128 128
128 128
128 128
128 128
128 128
128 128
128 128
128 128
128 128
128 128
128 128
128 128
128 128
128 128
128 128
128 128
128 128
128 128
128 128
128 128
128 128
128 128
128 128
128 128
128 128
128 128
128 128
128 128
128 128
128 128
128 128
128 128
128 128
128 128
128 128
128 128
128 128
128 128
128 128
128 128
128 128
128 128
128 128
128 128
128 128
128 128
128 128
128 128
128 128
128 128
128 128
128 128
128 128
128 128
128 128
128 128
128 128
128 128
128 128
128 128
128 128
128 128
128 128
128 128
128 128
128 128
128 128
128 128
128 128
128 128
128 128
128 128
128 128
128 128
128 128
128 128
128 128
128 128
128 128
128 128
128 128
128 128
128 128
128 128
128 128
128 128
128 128
128 128
128 128
128 128
128 128
128 128
128 128
128 128
128 128
128 128
128 128
128 128
128 128
128 128
128 128
128 128
128 128
128 128
128 128
128 128
128 128
128 128
128 128
128 128
128 128
128 128
128 128
128 128
128 128
128 128
128 128
128 128
128 128
128 128
128 128
128 128
128 128
128 128
128 128
128 128
128 128
128 128
128 128
128 128
128 128
128 128
128 128
128 128
128 128
128 128
128 128
128 128
128 128
128 128
128 128
128 128
128 128
128 128
128 128
128 128
128 128
128 128
128 128
128 128
128 128
128 128
128 128
128 128
128 128
128 128
128 128
128 128
128 128
128 128
128 128
128 128
128 128
128 128
128 128
128 128
128 128
128 128
128 128
128 128
128 128
128 128
128 128
128 128
128 128
128 128
128 128
128 128
128 128
128 128
128 128
128 128
128 128
128 128
128 128
128 128
128 128
128 128
128 128
128 128
128 128
128 128
128 128
128 128
128 128
128 128
128 128
128 128
128 128
128 128
128 128
128 128
128 128
128 128
128 128
128 128
128 128
128 128
128 128
128 128
128 128
128 128
128 128
128 128
128 128
128 128
128 128
128 128
128 128
128 128
128 128
128 128
128 128
128 128
128 128
128 128
128 128
128 128
128 128
128 128
128 128
128 128
128 128
128 128
128 128
128 128
128 128
128 128
128 128
128 128
128 128
128 128
128 128
128 128
128 128
128 128
128 128
128 128
128 128
128 128
128 128
128 128
128 128
128 128
128 128
128 128
128 128
128 128
128 128
128 128
128 128
128 128
128 128
128 128
128 128
128 128
128 128
128 128
128 128
128 128
128 128
128 128
128 128
128 128
128 128
128 128
128 128
128 128
128 128
128 128
128 128
128 128
128 128
128 128
128 128
128 128
128 128
128 128
128 128
128 128
128 128
128 128
128 128
128 128
128 128
128 128
128 128
128 128
128 128
128 128
128 128
128 128
128 128
128 128
128 128
128 128
128 128
128 128
128 128
128 128
128 128
128 128
128 128
128 128
128 128
128 128
128 128
128 128
128 128
128 128
128 128
128 128
128 128
128 128
128 128
128 128
128 128
128 128
128 128
128 128
128 128
128 128
128 128
128 128
128 128
128 128
128 128
128 128
128 128
128 128
128 128
128 128
128 128
128 128
128 128
128 128
128 128
128 128
128 128
128 128
128 128
128 128
128 128
128 128
128 128
128 128
128 128
128 128
128 128
128 128
128 128
128 128
128 128
128 128
128 128
128 128
128 128
128 128
128 128
128 128
128 128
128 128
128 128
128 128
128 128
128 128
128 128
128 128
128 128
128 128
128 128
128 128
128 128
128 128
128 128
128 128
128 128
128 128
128 128
128 128
128 128
128 128
128 128
128 128
128 128
128 128
128 128
128 128
128 128
128 128
128 128
128 128
128 128
128 128
128 128
128 128
128 128
128 128
128 128
128 128
128 128
128 128
128 128
128 128
128 128
128 128
128 128
128 128
128 128
128 128
128 128
128 128
128 128
128 128
128 128
128 128
128 128
128 128
128 128
128 128
128 128
128 128
128 128
128 128
128 128
128 128
128 128
128 128
128 128
128 128
128 128
128 128
128 128
128 128
128 128
128 128
128 128
128 128
128 128
128 128
128 128
128 128
128 128
128 128
128 128
128 128
128 128
128 128
128 128
128 128
128 128
128 128
128 128
128 128
128 128
128 128
128 128
128 128
128 128
128 128
128 128
128 128
128 128
128 128
128 128
128 128
128 128
128 128
128 128
128 128
128 128
128 128
128 128
128 128
128 128
128 128
128 128
128 128
128 128
128 128
128 128
128 128
128 128
128 128
128 128
128 128
128 128
128 128
128 128
128 128
128 128
128 128
128 128
128 128
128 128
128 128
128 128
128 128
128 128
128 128
128 128
128 128
128 128
128 128
128 128
128 128
128 128
128 128
128 128
128 128
128 128
128 128
128 128
128 128
128 128
128 128
128 128
128 128
128 128
128 128
128 128
128 128
128 128
128 128
128 128
128 128
128 128
128 128
128 128
128 128
128 128
128 128
128 128
128 128
128 128
128 128
128 128
128 128
128 128
128 128
128 128
128 128
128 128
128 128
128 128
128 128
128 128
128 128
128 128
128 128
128 128
128 128
128 128
128 128
128 128
128 128
128 128
128 128
128 128
128 128
128 128
128 128
128 128
128 128
128 128
128 128
128 128
128 128
128 128
128 128
128 128
128 128
128 128
128 128
128 128
128 128
128 128
128 128
128 128
128 128
128 128
128 128
128 128
128 128
128 128
128 128
128 128
128 128
128 128
128 128
128 128
128 128
128 128
128 128
128 128
128 128
128 128
128 128
128 128
128 128
128 128
128 128
128 128
128 128
128 128
128 128
128 128
128 128
128 128
128 128
128 128
128 128
128 128
128 128
128 128
128 128
128 128
128 128
128 128
128 128
128 128
128 128
128 128
128 128
128 128
128 128
128 128
128 128
128 128
128 128
128 128
128 128
128 128
128 128
128 128
128 128
128 128
128 128
128 128
128 128
128 128
128 128
128 128
128 128
128 128
128 128
128 128
128 128
128 128
128 128
128 128
128 128
128 128
128 128
128 128
128 128
128 128
128 128
128 128
128 128
128 128
128 128
128 128
128 128
128 128
128 128
128 128
128 128
128 128
128 128
128 128
128 128
128 128
128 128
128 128
128 128
128 128
128 128
128 128
128 128
128 128
128 128
128 128
128 128
128 128
128 128
128 128
128 128
128 128
128 128
128 128
128 128
128 128
128 128
128 128
128 128
128 128
128 128
128 128
128 128
128 128
128 128
128 128
128 128
128 128
128 128
128 128
128 128
128 128
128 128
128 128
128 128
128 128
128 128
128 128
128 128
128 128
128 128
128 128
128 128
128 128
128 128
128 128
128 128
128 128
128 128
128 128
128 128
128 128
128 128
128 128
128 128
128 128
128 128
128 128
128 128
128 128
128 128
128 128
128 128
128 128
128 128
128 128
128 128
128 128
128 128
128 128
128 128
128 128
128 128
128 128
128 128
128 128
128 128
128 128
128 128
128 128
128 128
128 128
128 128
128 128
128 128
128 128
128 128
128 128
128 128
128 128
128 128
128 128
128 128
128 128
128 128
128 128
128 128
128 128
128 128
128 128
128 128
128 128
128 128
128 128
128 128
128 128
128 128
128 128
128 128
128 128
128 128
128 128
128 128
128 128
128 128
128 128
128 128
128 128
128 128
128 128
128 128
128 128
128 128
128 128
128 128
128 128
128 128
128 128
128 128
128 128
128 128
128 128
128 128
128 128
128 128
128 128
128 128
128 128
128 128
128 128
128 128
128 128
128 128
128 128
128 128
128 128
128 128
128 128
128 128
128 128
128 128
128 128
128 128
128 128
128 128
128 128
128 128
128 128
128 128
128 128
128 128
128 128
128 128
128 128
128 128
128 128
128 128
128 128
128 128
128 128
128 128
128 128
128 128
128 128
128 128
128 128
128 128
128 128
128 128
128 128
128 128
128 128
128 128
128 128
128 128
128 128
128 128
128 128
128 128
128 128
128 128
128 128
128 128
128 128
128 128
128 128
128 128
128 128
128 128
128 128
128 128
128 128
128 128
128 128
128 128
128 128
128 128
128 128
128 128
128 128
128 128
128 128
128 128
128 128
128 128
128 128
128 128
128 128
128 128
128 128
128 128
128 128
128 128
128 128
128 128
128 128
128 128
128 128
128 128
128 128
128 128
128 128
128 128
128 128
128 128
128 128
128 128
128 128
128 128
128 128
128 128
128 128
128 128
128 128
128 128
128 128
128 128
128 128
128 128
128 128
128 128
128 128
128 128
128 128
128 128
128 128
128 128
128 128
128 128
128 128
128 128
128 128
128 128
128 128
128 128
128 128
128 128
128 128
128 128
128 128
128 128
128 128
128 128
128 128
128 128
128 128
128 128
128 128
128 128
128 128
128 128
128 128
128 128
128 128
128 128
128 128
128 128
128 128
128 128
128 128
128 128
128 128
128 128
128 128
128 128
128 128
128 128
128 128
128 128
128 128
128 128
128 128
128 128
128 128
128 128
128 128
128 128
128 128
128 128
128 128
128 128
128 128
128 128
128 128
128 128
128 128
128 128
128 128
128 128
128 128
128 128
128 128
128 128
128 128
128 128
128 128
128 128
128 128
128 128
128 128
128 128
128 128
128 128
128 128
128 128
128 128
128 128
128 128
128 128
128 128
128 128
128 128
128 128
128 128
128 128
128 128
128 128
128 128
128 128
128 128
128 128
128 128
128 128
128 128
128 128
128 128
128 128
128 128
128 128
128 128
128 128
128 128
128 128
128 128
128 128
128 128
128 128
128 128
128 128
128 128
128 128
128 128
128 128
128 128
128 128
128 128
128 128
128 128
128 128
128 128
128 128
128 128
128 128
128 128
128 128
128 128
128 128
128 128
128 128
128 128
128 128
128 128
128 128
128 128
128 128
128 128
128 128
128 128
128 128
128 128
128 128
128 128
128 128
128 128
128 128
128 128
128 128
128 128
128 128
128 128
128 128
128 128
128 128
128 128
128 128
128 128
128 128
128 128
128 128
128 128
128 128
128 128
128 128
128 128
128 128
128 128
128 128
128 128
128 128
128 128
128 128
128 128
128 128
128 128
128 128
128 128
128 128
128 128
128 128
128 128
128 128
128 128
128 128
128 128
128 128
128 128
128 128
128 128
128 128
128 128
128 128
128 128
128 128
128 128
128 128
128 128
128 128
128 128
128 128
128 128
128 128
128 128
128 128
128 128
128 128
128 128
128 128
128 128
128 128
128 128
128 128
128 128
128 128
128 128
128 128
128 128
128 128
128 128
128 128
128 128
128 128
128 128
128 128
128 128
128 128
128 128
128 128
128 128
128 128
128 128
128 128
128 128
128 128
128 128
128 128
128 128
128 128
128 128
128 128
128 128
128 128
128 128
128 128
128 128
128 128
128 128
128 128
128 128
128 128
128 128
128 128
128 128
128 128
128 128
128 128
128 128
128 128
128 128
128 128
128 128
128 128
128 128
128 128
128 128
128 128
128 128
128 128
128 128
128 128
128 128
128 128
128 128
128 128
128 128
128 128
128 128
128 128
128 128
128 128
128 128
128 128
128 128
128 128
128 128
128 128
128 128
128 128
128 128
128 128
128 128
128 128
128 128
128 128
128 128
128 128
128 128
128 128
128 128
128 128
128 128
128 128
128 128
128 128
128 128
128 128
128 128
128 128
128 128
128 128
128 128
128 128
128 128
128 128
128 128
128 128
128 128
128 128
128 128
128 128
128 128
128 128
128 128
128 128
128 128
128 128
128 128
128 128
128 128
128 128
128 128
128 128
128 128
128 128
128 128
128 128
128 128
128 128
128 128
128 128
128 128
128 128
128 128
128 128
128 128
128 128
128 128
128 128
128 128
128 128
128 128
128 128
128 128
128 128
128 128
128 128
128 128
128 128
128 128
128 128
128 128
128 128
128 128
128 128
128 128
128 128
128 128
128 128
128 128
128 128
128 128
128 128
128 128
128 128
128 128
128 128
128 128
128 128
128 128
128 128
128 128
128 128
128 128
128 128
128 128
128 128
128 128
128 128
128 128
128 128
128 128
128 128
128 128
128 128
128 128
128 128
128 128
128 128
128 128
128 128
128 128
128 128
128 128
128 128
128 128
128 128
128 128
128 128
128 128
128 128
128 128
128 128
128 128
128 128
128 128
128 128
128 128
128 128
128 128
128 128
128 128
128 128
128 128
128 128
128 128
128 128
128 128
128 128
128 128
128 128
128 128
128 128
128 128
128 128
128 128
128 128
128 128
128 128
128 128
128 128
128 128
128 128
128 128
128 128
128 128
128 128
128 128
128 128
128 128
128 128
128 128
128 128
128 128
128 128
128 128
128 128
128 128
128 128
128 128
128 128
128 128
128 128
128 128
128 128
128 128
128 128
128 128
128 128
128 128
128 128
128 128
128 128
128 128
128 128
128 128
128 128
128 128
128 128
128 128
128 128
128 128
128 128
128 128
128 128
128 128
128 128
128 128
128 128
128 128
128 128
128 128
128 128
128 128
128 128
128 128
128 128
128 128
128 128
128 128
128 128
128 128
128 128
128 128
128 128
128 128
128 128
128 128
128 128
128 128
128 128
128 128
128 128
128 128
128 128
128 128
128 128
128 128
128 128
128 128
128 128
128 128
128 128
128 128
128 128
128 128
128 128
128 128
128 128
128 128
128 128
128 128
128 128
128 128
128 128
128 128
128 128
128 128
128 128
128 128
128 128
128 128
128 128
128 128
128 128
128 128
128 128
128 128
128 128
128 128
128 128
128 128
128 128
128 128
128 128
128 128
128 128
128 128
128 128
128 128
128 128
128 128
128 128
128 128
128 128
128 128
128 128
128 128
128 128
128 128
128 128
128 128
128 128
128 128
128 128
128 128
128 128
128 128
128 128
128 128
128 128
128 128
128 128
128 128
128 128
128 128
128 128
128 128
128 128
128 128
128 128
128 128
128 128
128 128
128 128
128 128
128 128
128 128
128 128
128 128
128 128
128 128
128 128
128 128
128 128
128 128
128 128
128 128
128 128
128 128
128 128
128 128
128 128
128 128
128 128
128 128
128 128
128 128
128 128
128 128
128 128
128 128
128 128
128 128
128 128
128 128
128 128
128 128
128 128
128 128
128 128
128 128
128 128
128 128
128 128
128 128
128 128
128 128
128 128
128 128
128 128
128 128
128 128
128 128
128 128
128 128
128 128
128 128
128 128
128 128
128 128
128 128
128 128
128 128
128 128
128 128
128 128
128 128
128 128
128 128
128 128
128 128
128 128
128 128
128 128
128 128
128 128
128 128
128 128
128 128
128 128
128 128
128 128
128 128
128 128
128 128
128 128
128 128
128 128
128 128
128 128
128 128
128 128
128 128
128 128
128 128
128 128
128 128
128 128
128 128
128 128
128 128
128 128
128 128
128 128
128 128
128 128
128 128
128 128
128 128
128 128
128 128
128 128
128 128
128 128
128 128
128 128
128 128
128 128
128 128
128 128
128 128
128 128
128 128
128 128
128 128
128 128
128 128
128 128
128 128
128 128
128 128
128 128
128 128
128 128
128 128
128 128
128 128
128 128
128 128
128 128
128 128
128 128
128 128
128 128
128 128
128 128
128 128
128 128
128 128
128 128
128 128
128 128
128 128
128 128
128 128
128 128
128 128
128 128
128 128
128 128
128 128
128 128
128 128
128 128
128 128
128 128
128 128
128 128
128 128
128 128
128 128
128 128
128 128
128 128
128 128
128 128
128 128
128 128
128 128
128 128
128 128
128 128
128 128
128 128
128 128
128 128
128 128
128 128
128 128
128 128
128 128
128 128
128 128
128 128
128 128
128 128
128 128
128 128
128 128
128 128
128 128
128 128
128 128
128 128
128 128
128 128
128 128
128 128
128 128
128 128
128 128
128 128
128 128
128 128
128 128
128 128
128 128
128 128
128 128
128 128
128 128
128 128
128 128
128 128
128 128
128 128
128 128
128 128
128 128
128 128
128 128
128 128
128 128
128 128
128 128
128 128
128 128
128 128
128 128
128 128
128 128
128 128
128 128
128 128
128 128
128 128
128 128
128 128
128 128
128 128
128 128
128 128
128 128
128 128
128 128
128 128
128 128
128 128
128 128
128 128
128 128
128 128
128 128
128 128
128 128
128 128
128 128
128 128
128 128
128 128
128 128
128 128
128 128
128 128
128 128
128 128
128 128
128 128
128 128
128 128
128 128
128 128
128 128
128 128
128 128
128 128
128 128
128 128
128 128
128 128
128 128
128 128
128 128
128 128
128 128
128 128
128 128
128 128
128 128
128 128
128 128
128 128
128 128
128 128
128 128
128 128
128 128
128 128
128 128
128 128
128 128
128 128
128 128
128 128
128 128
128 128
128 128
128 128
128 128
128 128
128 128
128 128
128 128
128 128
128 128
128 128
128 128
128 128
128 128
128 128
128 128
128 128
128 128
128 128
128 128
128 128
128 128
128 128
128 128
128 128
128 128
128 128
128 128
128 128
128 128
128 128
128 128
128 128
128 128
128 128
128 128
128 128
128 128
128 128
128 128
128 128
128 128
128 128
128 128
128 128
128 128
128 128
128 128
128 128
128 128
128 128
128 128
128 128
128 128
128 128
128 128
128 128
128 128
128 128
128 128
128 128
128 128
128 128
128 128
128 128
128 128
128 128
128 128
128 128
128 128
128 128
128 128
128 128
128 128
128 128
128 128
128 128
128 128
128 128
128 128
128 128
128 128
128 128
128 128
128 128
128 128
128 128
128 128
128 128
128 128
128 128
128 128
128 128
128 128
128 128
128 128
128 128
128 128
128 128
128 128
128 128
128 128
128 128
128 128
128 128
128 128
128 128
128 128
128 128
128 128
128 128
128 128
128 128
128 128
128 128
128 128
128 128
128 128
128 128
128 128
128 128
128 128
128 128
128 128
128 128
128 128
128 128
128 128
128 128
128 128
128 128
128 128
128 128
128 128
128 128
128 128
128 128
128 128
128 128
128 128
128 128
128 128
128 128
128 128
128 128
128 128
128 128
128 128
128 128
128 128
128 128
128 128
128 128
128 128
128 128
128 128
128 128
128 128
128 128
128 128
128 128
128 128
128 128
128 128
128 128
128 128
128 128
128 128
128 128
128 128
128 128
128 128
128 128
128 128
128 128
128 128
128 128
128 128
128 128
128 128
128 128
128 128
128 128
128 128
128 128
128 128
128 128
128 128
128 128
128 128
128 128
128 128
128 128
128 128
128 128
128 128
128 128
128 128
128 128
128 128
128 128
128 128
128 128
128 128
128 128
128 128
128 128
128 128
128 128
128 128
128 128
128 128
128 128
128 128
128 128
128 128
128 128
128 128
128 128
128 128
128 128
128 128
128 128
128 128
128 128
128 128
128 128
128 128
128 128
128 128
128 128
128 128
128 128
128 128
128 128
128 128
128 128
128 128
128 128
128 128
128 128
128 128
128 128
128 128
128 128
128 128
128 128
128 128
128 128
128 128
128 128
128 128
128 128
128 128
128 128
128 128
128 128
128 128
128 128
128 128
128 128
128 128
128 128
128 128
128 128
128 128
128 128
128 128
128 128
128 128
128 128
128 128
128 128
128 128
128 128
128 128
128 128
128 128
128 128
128 128
128 128
128 128
128 128
128 128
128 128
128 128
128 128
128 128
128 128
128 128
128 128
128 128
128 128
128 128
128 128
128 128
128 128
128 128
128 128
128 128
128 128
128 128
128 128
128 128
128 128
128 128
128 128
128 128
128 128
128 128
128 128
128 128
128 128
128 128
128 128
128 128
128 128
128 128
128 128
128 128
128 128
128 128
128 128
128 128
128 128
128 128
128 128
128 128
128 128
128 128
128 128
128 128
128 128
128 128
128 128
128 128
128 128
128 128
128 128
128 128
128 128
128 128
128 128
128 128
128 128
128 128
128 128
128 128
128 128
128 128
128 128
128 128
128 128
128 128
128 128
128 128
128 128
128 128
128 128
128 128
128 128
128 128
128 128
128 128
128 128
128 128
128 128
128 128
128 128
128 128
128 128
128 128
128 128
128 128
128 128
128 128
128 128
128 128
128 128
128 128
128 128
128 128
128 128
128 128
128 128
128 128
128 128
128 128
128 128
128 128
128 128
128 128
128 128
128 128
128 128
128 128
128 128
128 128
128 128
128 128
128 128
128 128
128 128
128 128
128 128
128 128
128 128
128 128
128 128
128 128
128 128
128 128
128 128
128 128
128 128
128 128
128 128
128 128
128 128
128 128
128 128
128 128
128 128
128 128
128 128
128 128
128 128
128 128
128 128
128 128
128 128
128 128
128 128
128 128
128 128
128 128
128 128
128 128
128 128
128 128
128 128
128 128
128 128
128 128
128 128
128 128
128 128
128 128
128 128
128 128
128 128
128 128
128 128
128 128
128 128
128 128
128 128
128 128
128 128
128 128
128 128
128 128
128 128
128 128
128 128
128 128
128 128
128 128
128 128
128 128
128 128
128 128
128 128
128 128
128 128
128 128
128 128
128 128
128 128
128 128
128 128
128 128
128 128
128 128
128 128
128 128
128 128
128 128
128 128
128 128
128 128
128 128
128 128
128 128
128 128
128 128
128 128
128 128
128 128
128 128
128 128
128 128
128 128
128 128
128 128
128 128
128 128
128 128
128 128
128 128
128 128
128 128
128 128
128 128
128 128
128 128
128 128
128 128
128 128
128 128
128 128
128 128
128 128
128 128
128 128
128 128
128 128
128 128
128 128
128 128
128 128
128 128
128 128
128 128
128 128
128 128
128 128
128 128
128 128
128 128
128 128
128 128
128 128
128 128
128 128
128 128
128 128
128 128
128 128
128 128
128 128
128 128
128 128
128 128
128 128
128 128
128 128
128 128
128 128
128 128
128 128
128 128
128 128
128 128
128 128
128 128
128 128
128 128
128 128
128 128
128 128
128 128
128 128
128 128
128 128
128 128
128 128
128 128
128 128
128 128
128 128
128 128
128 128
128 128
128 128
128 128
128 128
128 128
128 128
128 128
128 128
128 128
128 128
128 128
128 128
128 128
128 128
128 128
128 128
128 128
128 128
128 128
128 128
128 128
128 128
128 128
128 128
128 128
128 128
128 128
128 128
128 128
128 128
128 128
128 128
128 128
128 128
128 128
128 128
128 128
128 128
128 128
128 128
128 128
128 128
128 128
128 128
128 128
128 128
128 128
128 128
128 128
128 128
128 128
128 128
128 128
128 128
128 128
128 128
128 128
128 128
128 128
128 128
128 128
128 128
128 128
128 128
128 128
128 128
128 128
128 128
128 128
128 128
128 128
128 128
128 128
128 128
128 128
128 128
128 128
128 128
128 128
128 128
128 128
128 128
128 128
128 128
128 128
128 128
128 128
128 128
128 128
128 128
128 128
128 128
128 128
128 128
128 128
128 128
128 128
128 128
128 128
128 128
128 128
128 128
128 128
128 128
128 128
128 128
128 128
128 128
128 128
128 128
128 128
128 128
128 128
128 128
128 128
128 128
128 128
128 128
128 128
128 128
128 128
128 128
128 128
128 128
128 128
128 128
128 128
128 128
128 128
128 128
128 128
128 128
128 128
128 128
128 128
128 128
128 128
128 128
128 128
128 128
128 128
128 128
128 128
128 128
128 128
128 128
128 128
128 128
128 128
128 128
128 128
128 128
128 128
128 128
128 128
128 128
128 128
128 128
128 128
128 128
128 128
128 128
128 128
128 128
128 128
128 128
128 128
128 128
128 128
128 128
128 128
128 128
128 128
128 128
128 128
128 128
128 128
128 128
128 128
128 128
128 128
128 128
128 128
128 128
128 128
128 128
128 128
128 128
128 128
128 128
128 128
128 128
128 128
128 128
128 128
128 128
128 128
128 128
128 128
128 128
128 128
128 128
128 128
128 128
128 128
128 128
128 128
128 128
128 128
128 128
128 128
128 128
128 128
128 128
128 128
128 128
128 128
128 128
128 128
128 128
128 128
128 128
128 128
128 128
128 128
128 128
128 128
128 128
128 128
128 128
128 128
128 128
128 128
128 128
128 128
128 128
128 128
128 128
128 128
128 128
128 128
128 128
128 128
128 128
128 128
128 128
128 128
128 128
128 128
128 128
128 128
128 128
128 128
128 128
128 128
128 128
128 128
128 128
128 128
128 128
128 128
128 128
128 128
128 128
128 128
128 128
128 128
128 128
128 128
128 128
128 128
128 128
128 128
128 128
128 128
128 128
128 128
128 128
128 128
128 128
128 128
128 128
128 128
128 128
128 128
128 128
128 128
128 128
128 128
128 128
128 128
128 128
128 128
128 128
128 128
128 128
128 128
128 128
128 128
128 128
128 128
128 128
128 128
128 128
128 128
128 128
128 128
128 128
128 128
128 128
128 128
128 128
128 128
128 128
128 128
128 128
128 128
128 128
128 128
128 128
128 128
128 128
128 128
128 128
128 128
128 128
128 128
128 128
128 128
128 128
128 128
128 128
128 128
128 128
128 128
128 128
128 128
128 128
128 128
128 128
128 128
128 128
128 128
128 128
128 128
128 128
128 128
128 128
128 128
128 128
128 128
128 128
128 128
128 128
128 128
128 128
128 128
128 128
128 128
128 128
128 128
128 128
128 128
128 128
128 128
128 128
128 128
128 128
128 128
128 128
128 128
128 128
128 128
128 128
128 128
128 128
128 128
128 128
128 128
128 128
128 128
128 128
128 128
128 128
128 128
128 128
128 128
128 128
128 128
128 128
128 128
128 128
128 128
128 128
128 128
128 128
128 128
128 128
128 128
128 128
128 128
128 128
128 128
128 128
128 128
128 128
128 128
128 128
128 128
128 128
128 128
128 128
128 128
128 128
128 128
128 128
128 128
128 128
128 128
128 128
128 128
128 128
128 128
128 128
128 128
128 128
128 128
128 128
128 128
128 128
128 128
128 128
128 128
128 128
128 128
128 128
128 128
128 128
128 128
128 128
128 128
128 128
128 128
128 128
128 128
128 128
128 128
128 128
128 128
128 128
128 128
128 128
128 128
128 128
128 128
128 128
128 128
128 128
128 128
128 128
128 128
128 128
128 128
128 128
128 128
128 128
128 128
128 128
128 128
128 128
128 128
128 128
128 128
128 128
128 128
128 128
128 128
128 128
128 128
128 128
128 128
128 128
128 128
128 128
128 128
128 128
128 128
128 128
128 128
128 128
128 128
128 128
128 128
128 128
128 128
128 128
128 128
128 128
128 128
128 128
128 128
128 128
128 128
128 128
128 128
128 128
128 128
128 128
128 128
128 128
128 128
128 128
128 128
128 128
128 128
128 128
128 128
128 128
128 128
128 128
128 128
128 128
128 128
128 128
128 128
128 128
128 128
128 128
128 128
128 128
128 128
128 128
128 128
128 128
128 128
128 128
128 128
128 128
128 128
128 128
128 128
128 128
128 128
128 128
128 128
128 128
128 128
128 128
128 128
128 128
128 128
128 128
128 128
128 128
128 128
128 128
128 128
128 128
128 128
128 128
128 128
128 128
128 128
128 128
128 128
128 128
128 128
128 128
128 128
128 128
128 128
128 128
128 128
128 128
128 128
128 128
128 128
128 128
128 128
128 128
128 128
128 128
128 128
128 128
128 128
128 128
128 128
128 128
128 128
128 128
128 128
128 128
128 128
128 128
128 128
128 128
128 128
128 128
128 128
128 128
128 128
128 128
128 128
128 128
128 128
128 128
128 128
128 128
128 128
128 128
128 128
128 128
128 128
128 128
128 128
128 128
128 128
128 128
128 128
128 128
128 128
128 128
128 128
128 128
128 128
128 128
128 128
128 128
128 128
128 128
128 128
128 128
128 128
128 128
128 128
128 128
128 128
128 128
128 128
128 128
128 128
128 128
128 128
128 128
128 128
128 128
128 128
128 128
128 128
128 128
128 128
128 128
128 128
128 128
128 128
128 128
128 128
128 128
128 128
128 128
128 128
128 128
128 128
128 128
128 128
128 128
128 128
128 128
128 128
128 128
128 128
128 128
128 128
128 128
128 128
128 128
128 128
128 128
128 128
128 128
128 128
128 128
128 128
128 128
128 128
128 128
128 128
128 128
128 128
128 128
128 128
128 128
128 128
128 128
128 128
128 128
128 128
128 128
128 128
128 128
128 128
128 128
128 128
128 128
128 128
128 128
128 128
128 128
128 128
128 128
128 128
128 128
128 128
128 128
128 128
128 128
128 128
128 128
128 128
128 128
128 128
128 128
128 128
128 128
128 128
128 128
128 128
128 128
128 128
128 128
128 128
128 128
128 128
128 128
128 128
128 128
128 128
128 128
128 128
128 128
128 128
128 128
128 128
128 128
128 128
128 128
128 128
128 128
128 128
128 128
128 128
128 128
128 128
128 128
128 128
128 128
128 128
128 128
128 128
128 128
128 128
128 128
128 128
128 128
128 128
128 128
128 128
128 128
128 128
128 128
128 128
128 128
128 128
128 128
128 128
128 128
128 128
128 128
128 128
128 128
128 128
128 128
128 128
128 128
128 128
128 128
128 128
128 128
128 128
128 128
128 128
128 128
128 128
128 128
128 128
128 128
128 128
128 128
128 128
128 128
128 128
128 128
128 128
128 128
128 128
128 128
128 128
128 128
128 128
128 128
128 128
128 128
128 128
128 128
128 128
128 128
128 128
128 128
128 128
128 128
128 128
128 128
128 128
128 128
128 128
128 128
128 128
128 128
128 128
128 128
128 128
128 128
128 128
128 128
128 128
128 128
128 128
128 128
128 128
128 128
128 128
128 128
128 128
128 128
128 128
128 128
128 128
128 128
128 128
128 128
128 128
128 128
128 128
128 128
128 128
128 128
128 128
128 128
128 128
128 128
128 128
128 128
128 128
128 128
128 128
128 128
128 128
128 128
128 128
128 128
128 128
128 128
128 128
128 128
128 128
128 128
128 128
128 128
128 128
128 128
128 128
128 128
128 128
128 128
128 128
128 128
128 128
128 128
128 128
128 128
128 128
128 128
128 128
128 128
128 128
128 128
128 128
128 128
128 128
128 128
128 128
128 128
128 128
128 128
128 128
128 128
128 128
128 128
128 128
128 128
128 128
128 128
128 128
128 128
128 128
128 128
128 128
128 128
128 128
128 128
128 128
128 128
128 128
128 128
128 128
128 128
128 128
128 128
128 128
128 128
128 128
128 128
128 128
128 128
128 128
128 128
128 128
128 128
128 128
128 128
128 128
128 128
128 128
128 128
128 128
128 128
128 128
128 128
128 128
128 128
128 128
128 128
128 128
128 128
128 128
128 128
128 128
128 128
128 128
128 128
128 128
128 128
128 128
128 128
128 128
128 128
128 128
128 128
128 128
128 128
128 128
128 128
128 128
128 128
128 128
128 128
128 128
128 128
128 128
128 128
128 128
128 128
128 128
128 128
128 128
128 128
128 128
128 128
128 128
128 128
128 128
128 128
128 128
128 128
128 128
128 128
128 128
128 128
128 128
128 128
128 128
128 128
128 128
128 128
128 128
128 128
128 128
128 128
128 128
128 128
128 128
128 128
128 128
128 128
128 128
128 128
128 128
128 128
128 128
128 128
128 128
128 128
128 128
128 128
128 128
128 128
128 128
128 128
128 128
128 128
128 128
128 128
128 128
128 128
128 128
128 128
128 128
128 128
128 128
128 128
128 128
128 128
128 128
128 128
128 128
128 128
128 128
128 128
128 128
128 128
128 128
128 128
128 128
128 128
128 128
128 128
128 128
128 128
128 128
128 128
128 128
128 128
128 128
128 128
128 128
128 128
128 128
128 128
128 128
128 128
128 128
128 128
128 128
128 128
128 128
128 128
128 128
128 128
128 128
128 128
128 128
128 128
128 128
128 128
128 128
128 128
128 128
128 128
128 128
128 128
128 128
128 128
128 128
128 128
128 128
128 128
128 128
128 128
128 128
128 128
128 128
128 128
128 128
128 128
128 128
128 128
128 128
128 128
128 128
128 128
128 128
128 128
128 128
128 128
128 128
128 128
128 128
128 128
128 128
128 128
128 128
128 128
128 128
128 128
128 128
128 128
128 128
128 128
128 128
128 128
128 128
128 128
128 128
128 128
128 128
128 128
128 128
128 128
128 128
128 128
128 128
128 128
128 128
128 128
128 128
128 128
128 128
128 128
128 128
128 128
128 128
128 128
128 128
128 128
128 128
128 128
128 128
128 128
128 128
128 128
128 128
128 128
128 128
128 128
128 128
128 128
128 128
128 128
128 128
128 128
128 128
128 128
128 128
128 128
128 128
128 128
128 128
128 128
128 128
128 128
128 128
128 128
128 128
128 128
128 128
128 128
128 128
128 128
128 128
128 128
128 128
128 128
128 128
128 128
128 128
128 128
128 128
128 128
128 128
128 128
128 128
128 128
128 128
128 128
128 128
128 128
128 128
128 128
128 128
128 128
128 128
128 128
128 128
128 128
128 128
128 128
128 128
128 128
128 128
128 128
128 128
128 128
128 128
128 128
128 128
128 128
128 128
128 128
128 128
128 128
128 128
128 128
128 128
128 128
128 128
128 128
128 128
128 128
128 128
128 128
128 128
128 128
128 128
128 128
128 128
128 128
128 128
128 128
128 128
128 128
128 128
128 128
128 128
128 128
128 128
128 128
128 128
128 128
128 128
128 128
128 128
128 128
128 128
128 128
128 128
128 128
128 128
128 128
128 128
128 128
128 128
128 128
128 128
128 128
128 128
128 128
128 128
128 128
128 128
128 128
128 128
128 128
128 128
128 128
128 128
128 128
128 128
128 128
128 128
128 128
128 128
128 128
128 128
128 128
128 128
128 128
128 128
128 128
128 128
128 128
128 128
128 128
128 128
128 128
128 128
128 128
128 128
128 128
128 128
128 128
128 128
128 128
128 128
128 128
128 128
128 128
128 128
128 128
128 128
128 128
128 128
128 128
128 128
128 128
128 128
128 128
128 128
128 128
128 128
128 128
128 128
128 128
128 128
128 128
128 128
128 128
128 128
128 128
128 128
128 128
128 128
128 128
128 128
128 128
128 128
128 128
128 128
128 128
128 128
128 128
128 128
128 128
128 128
128 128
128 128
128 128
128 128
128 128
128 128
128 128
128 128
128 128
128 128
128 128
128 128
128 128
128 128
128 128
128 128
128 128
128 128
128 128
128 128
128 128
128 128
128 128
128 128
128 128
128 128
128 128
128 128
128 128
128 128
128 128
128 128
128 128
128 128
128 128
128 128
128 128
128 128
128 128
128 128
128 128
128 128
128 128
128 128
128 128
128 128
128 128
128 128
128 128
128 128
128 128
128 128
128 128
128 128
128 128
128 128
128 128
128 128
128 128
128 128
128 128
128 128
128 128
128 128
128 128
128 128
128 128
128 128
128 128
128 128
128 128
128 128
128 128
128 128
128 128
128 128
128 128
128 128
128 128
128 128
128 128
128 128
128 128
128 128
128 128
128 128
128 128
128 128
128 128
128 128
128 128
128 128
128 128
128 128
128 128
128 128
128 128
128 128
128 128
128 128
128 128
128 128
128 128
128 128
128 128
128 128
128 128
128 128
128 128
128 128
128 128
128 128
128 128
128 128
128 128
128 128
128 128
128 128
128 128
128 128
128 128
128 128
128 128
128 128
128 128
128 128
128 128
128 128
128 128
128 128
128 128
128 128
128 128
128 128
128 128
128 128
128 128
128 128
128 128
128 128
128 128
128 128
128 128
128 128
128 128
128 128
128 128
128 128
128 128
128 128
128 128
128 128
128 128
128 128
128 128
128 128
128 128
128 128
128 128
128 128
128 128
128 128
128 128
128 128
128 128
128 128
128 128
128 128
128 128
128 128
128 128
128 128
128 128
128 128
128 128
128 128
128 128
128 128
128 128
128 128
128 128
128 128
128 128
128 128
128 128
128 128
128 128
128 128
128 128
128 128
128 128
128 128
128 128
128 128
128 128
128 128
128 128
128 128
128 128
128 128
128 128
128 128
128 128
128 128
128 128
128 128
128 128
128 128
128 128
128 128
128 128
128 128
128 128
128 128
128 128
128 128
128 128
128 128
128 128
128 128
128 128
128 128
128 128
128 128
128 128
128 128
128 128
128 128
128 128
128 128
128 128
128 128
128 128
128 128
128 128
128 128
128 128
128 128
128 128
128 128
128 128
128 128
128 128
128 128
128 128
128 128
128 128
128 128
128 128
128 128
128 128
128 128
128 128
128 128
128 128
128 128
128 128
128 128
128 128
128 128
128 128
128 128
128 128
128 128
128 128
128 128
128 128
128 128
128 128
128 128
128 128
128 128
128 128
128 128
128 128
128 128
128 128
128 128
128 128
128 128
128 128
128 128
128 128
128 128
128 128
128 128
128 128
128 128
128 128
128 128
128 128
128 128
128 128
128 128
128 128
128 128
128 128
128 128
128 128
128 128
128 128
128 128
128 128
128 128
128 128
128 128
128 128
128 128
128 128
128 128
128 128
128 128
128 128
128 128
128 128
128 128
128 128
128 128
128 128
128 128
128 128
128 128
128 128
128 128
128 128
128 128
128 128
128 128
128 128
128 128
128 128
128 128
128 128
128 128
128 128
128 128
128 128
128 128
128 128
128 128
128 128
128 128
128 128
128 128
128 128
128 128
128 128
128 128
128 128
128 128
128 128
128 128
128 128
128 128
128 128
128 128
128 128
128 128
128 128
128 128
128 128
128 128
128 128
128 128
128 128
128 128
128 128
128 128
128 128
128 128
128 128
128 128
128 128
128 128
128 128
128 128
128 128
128 128
128 128
128 128
128 128
128 128
128 128
128 128
128 128
128 128
128 128
128 128
128 128
128 128
128 128
128 128
128 128
128 128
128 128
128 128
128 128
128 128
128 128
128 128
128 128
128 128
128 128
128 128
128 128
128 128
128 128
128 128
128 128
128 128
128 128
128 128
128 128
128 128
128 128
128 128
128 128
128 128
128 128
128 128
128 128
128 128
128 128
128 128
128 128
128 128
128 128
128 128
128 128
128 128
128 128
128 128
128 128
128 128
128 128
128 128
128 128
128 128
128 128
128 128
128 128
128 128
128 128
128 128
128 128
128 128
128 128
128 128
128 128
128 128
128 128
128 128
128 128
128 128
128 128
128 128
128 128
128 128
128 128
128 128
128 128
128 128
128 128
128 128
128 128
128 128
128 128
128 128
128 128
128 128
128 128
128 128
128 128
128 128
128 128
128 128
128 128
128 128
128 128
128 128
128 128
128 128
128 128
128 128
128 128
128 128
128 128
128 128
128 128
128 128
128 128
128 128
128 128
128 128
128 128
128 128
128 128
128 128
128 128
128 128
128 128
128 128
128 128
128 128
128 128
128 128
128 128
128 128
128 128
128 128
128 128
128 128
128 128
128 128
128 128
128 128
128 128
128 128
128 128
128 128
128 128
128 128
128 128
128 128
128 128
128 128
128 128
128 128
128 128
128 128
128 128
128 128
128 128
128 128
128 128
128 128
128 128
128 128
128 128
128 128
128 128
128 128
128 128
128 128
128 128
128 128
128 128
128 128
128 128
128 128
128 128
128 128
128 128
128 128
128 128
128 128
128 128
128 128
128 128
128 128
128 128
128 128
128 128
128 128
128 128
128 128
128 128
128 128
128 128
128 128
128 128
128 128
128 128
128 128
128 128
128 128
128 128
128 128
128 128
128 128
128 128
128 128
128 128
128 128
128 128
128 128
128 128
128 128
128 128
128 128
128 128
128 128
128 128
128 128
128 128
128 128
128 128
128 128
128 128
128 128
128 128
128 128
128 128
128 128
128 128
128 128
128 128
128 128
128 128
128 128
128 128
128 128
128 128
128 128
128 128
128 128
128 128
128 128
128 128
128 128
128 128
128 128
128 128
128 128
128 128
128 128
128 128
128 128
128 128
128 128
128 128
128 128
128 128
128 128
128 128
128 128
128 128
128 128
128 128
128 128
128 128
128 128
128 128
128 128
128 128
128 128
128 128
128 128
128 128
128 128
128 128
128 128
128 128
128 128
128 128
128 128
128 128
128 128
128 128
128 128
128 128
128 128
128 128
128 128
128 128
128 128
128 128
128 128
128 128
128 128
128 128
128 128
128 128
128 128
128 128
128 128
128 128
128 128
128 128
128 128
128 128
128 128
128 128
128 128
128 128
128 128
128 128
128 128
128 128
128 128
128 128
128 128
128 128
128 128
128 128
128 128
128 128
128 128
128 128
128 128
128 128
128 128
128 128
128 128
128 128
128 128
128 128
128 128
128 128
128 128
128 128
128 128
128 128
128 128
128 128
128 128
128 128
128 128
128 128
128 128
128 128
128 128
128 128
128 128
128 128
128 128
128 128
128 128
128 128
128 128
128 128
128 128
128 128
128 128
128 128
128 128
128 128
128 128
128 128
128 128
128 128
128 128
128 128
128 128
128 128
128 128
128 128
128 128
128 128
128 128
128 128
128 128
128 128
128 128
128 128
128 128
128 128
128 128
128 128
128 128
128 128
128 128
128 128
128 128
128 128
128 128
128 128
128 128
128 128
128 128
128 128
128 128
128 128
128 128
128 128
128 128
128 128
128 128
128 128
128 128
128 128
128 128
128 128
128 128
128 128
128 128
128 128
128 128
128 128
128 128
128 128
128 128
128 128
128 128
128 128
128 128
128 128
128 128
128 128
128 128
128 128
128 128
128 128
128 128
128 128
128 128
128 128
128 128
128 128
128 128
128 128
128 128
128 128
128 128
128 128
128 128
128 128
128 128
128 128
128 128
128 128
128 128
128 128
128 128
128 128
128 128
128 128
128 128
128 128
128 128
128 128
128 128
128 128
128 128
128 128
128 128
128 128
128 128
128 128
128 128
128 128
128 128
128 128
128 128
128 128
128 128
128 128
128 128
128 128
128 128
128 128
128 128
128 128
128 128
128 128
128 128
128 128
128 128
128 128
128 128
128 128
128 128
128 128
128 128
128 128
128 128
128 128
128 128
128 128
128 128
128 128
128 128
128 128
128 128
128 128
128 128
128 128
128 128
128 128
128 128
128 128
128 128
128 128
128 128
128 128
128 128
128 128
128 128
128 128
128 128
128 128
128 128
128 128
128 128
128 128
128 128
128 128
128 128
128 128
128 128
128 128
128 128
128 128
128 128
128 128
128 128
128 128
128 128
128 128
128 128
128 128
128 128
128 128
128 128
128 128
128 128
128 128
128 128
128 128
128 128
128 128
128 128
128 128
128 128
128 128
128 128
128 128
128 128
128 128
128 128
128 128
128 128
128 128
128 128
128 128
128 128
128 128
128 128
128 128
128 128
128 128
128 128
128 128
128 128
128 128
128 128
128 128
128 128
128 128
128 128
128 128
128 128
128 128
128 128
128 128
128 128
128 128
128 128
128 128
128 128
128 128
128 128
128 128
128 128
128 128
128 128
128 128
128 128
128 128
128 128
128 128
128 128
128 128
128 128
128 128
128 128
128 128
128 128
128 128
128 128
128 128
128 128
128 128
128 128
128 128
128 128
128 128
128 128
128 128
128 128
128 128
128 128
128 128
128 128
128 128
128 128
128 128
128 128
128 128
128 128
128 128
128 128
128 128
128 128
128 128
128 128
128 128
128 128
128 128
128 128
128 128
128 128
128 128
128 128
128 128
128 128
128 128
128 128
128 128
128 128
128 128
128 128
128 128
128 128
128 128
128 128
128 128
128 128
128 128
128 128
128 128
128 128
128 128
128 128
128 128
128 128
128 128
128 128
128 128
128 128
128 128
128 128
128 128
128 128
128 128
128 128
128 128
128 128
128 128
128 128
128 128
128 128
128 128
128 128
128 128
128 128
128 128
128 128
128 128
128 128
128 128
128 128
128 128
128 128
128 128
128 128
128 128
128 128
128 128
128 128
128 128
128 128
128 128
128 128
128 128
128 128
128 128
128 128
128 128
128 128
128 128
128 128
128 128
128 128
128 128
128 128
128 128
128 128
128 128
128 128
128 128
128 128
128 128
128 128
128 128
128 128
128 128
128 128
128 128
128 128
128 128
128 128
128 128
128 128
128 128
128 128
128 128
128 128
128 128
128 128
128 128
128 128
128 128
128 128
128 128
128 128
128 128
128 128
128 128
128 128
128 128
128 128
128 128
128 128
128 128
128 128
128 128
128 128
128 128
128 128
128 128
128 128
128 128
128 128
128 128
128 128
128 128
128 128
128 128
128 128
128 128
128 128
128 128
128 128
128 128
128 128
128 128
128 128
128 128
128 128
128 128
128 128
128 128
128 128
128 128
128 128
128 128
128 128
128 128
128 128
128 128
128 128
128 128
128 128
128 128
128 128
128 128
128 128
128 128
128 128
128 128
128 128
128 128
128 128
128 128
128 128
128 128
128 128
128 128
128 128
128 128
128 128
128 128
128 128
128 128
128 128
128 128
128 128
128 128
128 128
128 128
128 128
128 128
128 128
128 128
128 128
128 128
128 128
128 128
128 128
128 128
128 128
128 128
128 128
128 128
128 128
128 128
128 128
128 128
128 128
128 128
128 128
128 128
128 128
128 128
128 128
128 128
128 128
128 128
128 128
128 128
128 128
128 128
128 128
128 128
128 128
128 128
128 128
128 128
128 128
128 128
128 128
128 128
128 128
128 128
128 128
128 128
128 128
128 128
128 128
128 128
128 128
128 128
128 128
128 128
128 128
128 128
128 128
128 128
128 128
128 128
128 128
128 128
128 128
128 128
128 128
128 128
128 128
128 128
128 128
128 128
128 128
128 128
128 128
128 128
128 128
128 128
128 128
128 128
128 128
128 128
128 128
128 128
128 128
128 128
128 128
128 128
128 128
128 128
128 128
128 128
128 128
128 128
128 128
128 128
128 128
128 128
128 128
128 128
128 128
128 128
128 128
128 128
128 128
128 128
128 128
128 128
128 128
128 128
128 128
128 128
128 128
128 128
128 128
128 128
128 128
128 128
128 128
128 128
128 128
128 128
128 128
128 128
128 128
128 128
128 128
128 128
128 128
128 128
128 128
128 128
128 128
128 128
128 128
128 128
128 128
128 128
128 128
128 128
128 128
128 128
128 128
128 128
128 128
128 128
128 128
128 128
128 128
128 128
128 128
128 128
128 128
128 128
128 128
128 128
128 128
128 128
128 128
128 128
128 128
128 128
128 128
128 128
128 128
128 128
128 128
128 128
128 128
128 128
128 128
128 128
128 128
128 128
128 128
128 128
128 128
128 128
128 128
128 128
128 128
128 128
128 128
128 128
128 128
128 128
128 128
128 128
128 128
128 128
128 128
128 128
128 128
128 128
128 128
128 128
128 128
128 128
128 128
128 128
128 128
128 128
128 128
128 128
128 128
128 128
128 128
128 128
128 128
128 128
128 128
128 128
128 128
128 128
128 128
128 128
128 128
128 128
128 128
128 128
128 128
128 128
128 128
128 128
128 128
128 128
128 128
128 128
128 128
128 128
128 128
128 128
128 128
128 128
128 128
128 128
128 128
128 128
128 128
128 128
128 128
128 128
128 128
128 128
128 128
128 128
128 128
128 128
128 128
128 128
128 128
128 128
128 128
128 128
128 128
128 128
128 128
128 128
128 128
128 128
128 128
128 128
128 128
128 128
128 128
128 128
128 128
128 128
128 128
128 128
128 128
128 128
128 128
128 128
128 128
128 128
128 128
128 128
128 128
128 128
128 128
128 128
128 128
128 128
128 128
128 128
128 128
128 128
128 128
128 128
128 128
128 128
128 128
128 128
128 128
128 128
128 128
128 128
128 128
128 128
128 128
128 128
128 128
128 128
128 128
128 128
128 128
128 128
128 128
128 128
128 128
128 128
128 128
128 128
128 128
128 128
128 128
128 128
128 128
128 128
128 128
128 128
128 128
128 128
128 128
128 128
128 128
128 128
128 128
128 128
128 128
128 128
128 128
128 128
128 128
128 128
128 128
128 128
128 128
128 128
128 128
128 128
128 128
128 128
128 128
128 128
128 128
128 128
128 128
128 128
128 128
128 128
128 128
128 128
128 128
128 128
128 128
128 128
128 128
128 128
128 128
128 128
128 128
128 128
128 128
128 128
128 128
128 128
128 128
128 128
128 128
128 128
128 128
128 128
128 128
128 128
128 128
128 128
128 128
128 128
128 128
128 128
128 128
128 128
128 128
128 128
128 128
128 128
128 128
128 128
128 128
128 128
128 128
128 128
128 128
128 128
128 128
128 128
128 128
128 128
128 128
128 128
128 128
128 128
128 128
128 128
128 128
128 128
128 128
128 128
128 128
128 128
128 128
128 128
128 128
128 128
128 128
128 128
128 128
128 128
128 128
128 128
128 128
128 128
128 128
128 128
128 128
128 128
128 128
128 128
128 128
128 128
128 128
128 128
128 128
128 128
128 128
128 128
128 128
128 128
128 128
128 128
128 128
128 128
128 128
128 128
128 128
128 128
128 128
128 128
128 128
128 128
128 128
128 128
128 128
128 128
128 128
128 128
128 128
128 128
128 128
128 128
128 128
128 128
128 128
128 128
128 128
128 128
128 128
128 128
128 128
128 128
128 128
128 128
128 128
128 128
128 128
128 128
128 128
128 128
128 128
128 128
128 128
128 128
128 128
128 128
128 128
128 128
128 128
128 128
128 128
128 128
128 128
128 128
128 128
128 128
128 128
128 128
128 128
128 128
128 128
128 128
128 128
128 128
128 128
128 128
128 128
128 128
128 128
128 128
128 128
128 128
128 128
128 128
128 128
128 128
128 128
128 128
128 128
128 128
128 128
128 128
128 128
128 128
128 128
128 128
128 128
128 128
128 128
128 128
128 128
128 128
128 128
128 128
128 128
128 128
128 128
128 128
128 128
128 128
128 128
128 128
128 128
128 128
128 128
128 128
128 128
128 128
128 128
128 128
128 128
128 128
128 128
128 128
128 128
128 128
128 128
128 128
128 128
128 128
128 128
128 128
128 128
128 128
128 128
128 128
128 128
128 128
128 128
128 128
128 128
128 128
128 128
128 128
128 128
128 128
128 128
128 128
128 128
128 128
128 128
128 128
128 128
128 128
128 128
128 128
128 128
128 128
128 128
128 128
128 128
128 128
128 128
128 128
128 128
128 128
128 128
128 128
128 128
128 128
128 128
128 128
128 128
128 128
128 128
128 128
128 128
128 128
128 128
128 128
128 128
128 128
128 128
128 128
128 128
128 128
128 128
128 128
128 128
128 128
128 128
128 128
128 128
128 128
128 128
128 128
128 128
128 128
128 128
128 128
128 128
128 128
128 128
128 128
128 128
128 128
128 128
128 128
128 128
128 128
128 128
128 128
128 128
128 128
128 128
128 128
128 128
128 128
128 128
128 128
128 128
128 128
128 128
128 128
128 128
128 128
128 128
128 128
128 128
128 128
128 128
128 128
128 128
128 128
128 128
128 128
128 128
128 128
128 128
128 128
128 128
128 128
128 128
128 128
128 128
128 128
128 128
128 128
128 128
128 128
128 128
128 128
128 128
128 128
128 128
128 128
128 128
128 128
128 128
128 128
128 128
128 128
128 128
128 128
128 128
128 128
128 128
128 128
128 128
128 128
128 128
128 128
128 128
128 128
128 128
128 128
128 128
128 128
128 128
128 128
128 128
128 128
128 128
128 128
128 128
128 128
128 128
128 128
128 128
128 128
128 128
128 128
128 128
128 128
128 128
128 128
128 128
128 128
128 128
128 128
128 128
128 128
128 128
128 128
128 128
128 128
128 128
128 128
128 128
128 128
128 128
128 128
128 128
128 128
128 128
128 128
128 128
128 128
128 128
128 128
128 128
128 128
128 128
128 128
128 128
128 128
128 128
128 128
128 128
128 128
128 128
128 128
128 128
128 128
128 128
128 128
128 128
128 128
128 128
128 128
128 128
128 128
128 128
128 128
128 128
128 128
128 128
128 128
128 128
128 128
128 128
128 128
128 128
128 128
128 128
128 128
128 128
128 128
128 128
128 128
128 128
128 128
128 128
128 128
128 128
128 128
128 128
128 128
128 128
128 128
128 128
128 128
128 128
128 128
128 128
128 128
128 128
128 128
128 128
128 128
128 128
128 128
128 128
128 128
128 128
128 128
128 128
128 128
128 128
128 128
128 128
128 128
128 128
128 128
128 128
128 128
128 128
128 128
128 128
128 128
128 128
128 128
128 128
128 128
128 128
128 128
128 128
128 128
128 128
128 128
128 128
128 128
128 128
128 128
128 128
128 128
128 128
128 128
128 128
128 128
128 128
128 128
128 128
128 128
128 128
128 128
128 128
128 128
128 128
128 128
128 128
128 128
128 128
128 128
128 128
128 128
128 128
128 128
128 128
128 128
128 128
128 128
128 128
128 128
128 128
128 128
128 128
128 128
128 128
128 128
128 128
128 128
128 128
128 128
128 128
128 128
128 128
128 128
128 128
128 128
128 128
128 128
128 128
128 128
128 128
128 128
128 128
128 128
128 128
128 128
128 128
128 128
128 128
128 128
128 128
128 128
128 128
128 128
128 128
128 128
128 128
128 128
128 128
128 128
128 128
128 128
128 128
128 128
128 128
128 128
128 128
128 128
128 128
128 128
128 128
128 128
128 128
128 128
128 128
128 128
128 128
128 128
128 128
128 128
128 128
128 128
128 128
128 128
128 128
128 128
128 128
128 128
128 128
128 128
128 128
128 128
128 128
128 128
128 128
128 128
128 128
128 128
128 128
128 128
128 128
128 128
128 128
128 128
128 128
128 128
128 128
128 128
128 128
128 128
128 128
128 128
128 128
128 128
128 128
128 128
128 128
128 128
128 128
128 128
128 128
128 128
128 128
128 128
128 128
128 128
128 128
128 128
128 128
128 128
128 128
128 128
128 128
128 128
128 128
128 128
128 128
128 128
128 128
128 128
128 128
128 128
128 128
128 128
128 128
128 128
128 128
128 128
128 128
128 128
128 128
128 128
128 128
128 128
128 128
128 128
128 128
128 128
128 128
128 128
128 128
128 128
128 128
128 128
128 128
128 128
128 128
128 128
128 128
128 128
128 128
128 128
128 128
128 128
128 128
128 128
128 128
128 128
128 128
128 128
128 128
128 128
128 128
128 128
128 128
128 128
128 128
128 128
128 128
128 128
128 128
128 128
128 128
128 128
128 128
128 128
128 128
128 128
128 128
128 128
128 128
128 128
128 128
128 128
128 128
128 128
128 128
128 128
128 128
128 128
128 128
128 128
128 128
128 128
128 128
128 128
128 128
128 128
128 128
128 128
128 128
128 128
128 128
128 128
128 128
128 128
128 128
128 128
128 128
128 128
128 128
128 128
128 128
128 128
128 128
128 128
128 128
128 128
128 128
128 128
128 128
128 128
128 128
128 128
128 128
128 128
128 128
128 128
128 128
128 128
128 128
128 128
128 128
128 128
128 128
128 128
128 128
128 128
128 128
128 128
128 128
128 128
128 128
128 128
128 128
128 128
128 128
128 128
128 128
128 128
128 128
128 128
128 128
128 128
128 128
128 128
128 128
128 128
128 128
128 128
128 128
128 128
128 128
128 128
128 128
128 128
128 128
128 128
128 128
128 128
128 128
128 128
128 128
128 128
128 128
128 128
128 128
128 128
128 128
128 128
128 128
128 128
128 128
128 128
128 128
128 128
128 128
128 128
128 128
128 128
128 128
128 128
128 128
128 128
128 128
128 128
128 128
128 128
128 128
128 128
128 128
128 128
128 128
128 128
128 128
128 128
128 128
128 128
128 128
128 128
128 128
128 128
128 128
128 128
128 128
128 128
128 128
128 128
128 128
128 128
128 128
128 128
128 128
128 128
128 128
128 128
128 128
128 128
128 128
128 128
128 128
128 128
128 128
128 128
128 128
128 128
128 128
128 128
128 128
128 128
128 128
128 128
128 128
128 128
128 128
128 128
128 128
128 128
128 128
128 128
128 128
128 128
128 128
128 128
128 128
128 128
128 128
128 128
128 128
128 128
128 128
128 128
128 128
128 128
128 128
128 128
128 128
128 128
128 128
128 128
128 128
128 128
128 128
128 128
128 128
128 128
128 128
128 128
128 128
128 128
128 128
128 128
128 128
128 128
128 128
128 128
128 128
128 128
128 128
128 128
128 128
128 128
128 128
128 128
128 128
128 128
128 128
128 128
128 128
128 128
128 128
128 128
128 128
128 128
128 128
128 128
128 128
128 128
128 128
128 128
128 128
128 128
128 128
128 128
128 128
128 128
128 128
128 128
128 128
128 128
128 128
128 128
128 128
128 128
128 128
128 128
128 128
128 128
128 128
128 128
128 128
128 128
128 128
128 128
128 128
128 128
128 128
128 128
128 128
128 128
128 128
128 128
128 128
128 128
128 128
128 128
128 128
128 128
128 128
128 128
128 128
128 128
128 128
128 128
128 128
128 128
128 128
128 128
128 128
128 128
128 128
128 128
128 128
128 128
128 128
128 128
128 128
128 128
128 128
128 128
128 128
128 128
128 128
128 128
128 128
128 128
128 128
128 128
128 128
128 128
128 128
128 128
128 128
128 128
128 128
128 128
128 128
128 128
128 128
128 128
128 128
128 128
128 128
128 128
128 128
128 128
128 128
128 128
128 128
128 128
128 128
128 128
128 128
128 128
128 128
128 128
128 128
128 128
128 128
128 128
128 128
128 128
128 128
128 128
128 128
128 128
128 128
128 128
128 128
128 128
128 128
128 128
128 128
128 128
128 128
128 128
128 128
128 128
128 128
128 128
128 128
128 128
128 128
128 128
128 128
128 128
128 128
128 128
128 128
128 128
128 128
128 128
128 128
128 128
128 128
128 128
128 128
128 128
128 128
128 128
128 128
128 128
128 128
128 128
128 128
128 128
128 128
128 128
128 128
128 128
128 128
128 128
128 128
128 128
128 128
128 128
128 128
128 128
128 128
128 128
128 128
128 128
128 128
128 128
128 128
128 128
128 128
128 128
128 128
128 128
128 128
128 128
128 128
128 128
128 128
128 128
128 128
128 128
128 128
128 128
128 128
128 128
128 128
128 128
128 128
128 128
128 128
128 128
128 128
128 128
128 128
128 128
128 128
128 128
128 128
128 128
128 128
128 128
128 128
128 128
128 128
128 128
128 128
128 128
128 128
128 128
128 128
128 128
128 128
128 128
128 128
128 128
128 128
128 128
128 128
128 128
128 128
128 128
128 128
128 128
128 128
128 128
128 128
128 128
128 128
128 128
128 128
128 128
128 128
128 128
128 128
128 128
128 128
128 128
128 128
128 128
128 128
128 128
128 128
128 128
128 128
128 128
128 128
128 128
128 128
128 128
128 128
128 128
128 128
128 128
128 128
128 128
128 128
128 128
128 128
128 128
128 128
128 128
128 128
128 128
128 128
128 128
128 128
128 128
128 128
128 128
128 128
128 128
128 128
128 128
128 128
128 128
128 128
128 128
128 128
128 128
128 128
128 128
128 128
128 128
128 128
128 128
128 128
128 128
128 128
128 128
128 128
128 128
128 128
128 128
128 128
128 128
128 128
128 128
128 128
128 128
128 128
128 128
128 128
128 128
128 128
128 128
128 128
128 128
128 128
128 128
128 128
128 128
128 128
128 128
128 128
128 128
128 128
128 128
128 128
128 128
128 128
128 128
128 128
128 128
128 128
128 128
128 128
128 128
128 128
128 128
128 128
128 128
128 128
128 128
128 128
128 128
128 128
128 128
128 128
128 128
128 128
128 128
128 128
128 128
128 128
128 128
128 128
128 128
128 128
128 128
128 128
128 128
128 128
128 128
128 128
128 128
128 128
128 128
128 128
128 128
128 128
128 128
128 128
128 128
128 128
128 128
128 128
128 128
128 128
128 128
128 128
128 128
128 128
128 128
128 128
128 128
128 128
128 128
128 128
128 128
128 128
128 128
128 128
128 128
128 128
128 128
128 128
128 128
128 128
128 128
128 128
128 128
128 128
128 128
128 128
128 128
128 128
128 128
128 128
128 128
128 128
128 128
128 128
128 128
128 128
128 128
128 128
128 128
128 128
128 128
128 128
128 128
128 128
128 128
128 128
128 128
128 128
128 128
128 128
128 128
128 128
128 128
128 128
128 128
128 128
128 128
128 128
128 128
128 128
128 128
128 128
128 128
128 128
128 128
128 128
128 128
128 128
128 128
128 128
128 128
128 128
128 128
128 128
128 128
128 128
128 128
128 128
128 128
128 128
128 128
128 128
128 128
128 128
128 128
128 128
128 128
128 128
128 128
128 128
128 128
128 128
128 128
128 128
128 128
128 128
128 128
128 128
128 128
128 128
128 128
128 128
128 128
128 128
128 128
128 128
128 128
128 128
128 128
128 128
128 128
128 128
128 128
128 128
128 128
128 128
128 128
128 128
128 128
128 128
128 128
128 128
128 128
128 128
128 128
128 128
128 128
128 128
128 128
128 128
128 128
128 128
128 128
128 128
128 128
128 128
128 128
128 128
128 128
128 128
128 128
128 128
128 128
128 128
128 128
128 128
128 128
128 128
128 128
128 128
128 128
128 128
128 128
128 128
128 128
128 128
128 128
128 128
128 128
128 128
128 128
128 128
128 128
128 128
128 128
128 128
128 128
128 128
128 128
128 128
128 128
128 128
128 128
128 128
128 128
128 128
128 128
128 128
128 128
128 128
128 128
128 128
128 128
128 128
128 128
128 128
128 128
128 128
128 128
128 128
128 128
128 128
128 128
128 128
128 128
128 128
128 128
128 128
128 128
128 128
128 128
128 128
128 128
128 128
128 128
128 128
128 128
128 128
128 128
128 128
128 128
128 128
128 128
128 128
128 128
128 128
128 128
128 128
128 128
128 128
128 128
128 128
128 128
128 128
128 128
128 128
128 128
128 128
128 128
128 128
128 128
128 128
128 128
128 128
128 128
128 128
128 128
128 128
128 128
128 128
128 128
128 128
128 128
128 128
128 128
128 128
128 128
128 128
128 128
128 128
128 128
128 128
128 128
128 128
128 128
128 128
128 128
128 128
128 128
128 128
128 128
128 128
128 128
128 128
128 128
128 128
128 128
128 128
128 128
128 128
128 128
128 128
128 128
128 128
128 128
128 128
128 128
128 128
128 128
128 128
128 128
128 128
128 128
128 128
128 128
128 128
128 128
128 128
128 128
128 128
128 128
128 128
128 128
128 128
128 128
128 128
128 128
128 128
128 128
128 128
128 128
128 128
128 128
128 128
128 128
128 128
128 128
128 128
128 128
128 128
128 128
128 128
128 128
128 128
128 128
128 128
128 128
128 128
128 128
128 128
128 128
128 128
128 128
128 128
128 128
128 128
128 128
128 128
128 128
128 128
128 128
128 128
128 128
128 128
128 128
128 128
128 128
128 128
128 128
128 128
128 128
128 128
128 128
128 128
128 128
128 128
128 128
128 128
128 128
128 128
128 128
128 128
128 128
128 128
128 128
128 128
128 128
128 128
128 128
128 128
128 128
128 128
128 128
128 128
128 128
128 128
128 128
128 128
128 128
128 128
128 128
128 128
128 128
128 128
128 128
128 128
128 128
128 128
128 128
128 128
128 128
128 128
128 128
128 128
128 128
128 128
128 128
128 128
128 128
128 128
128 128
128 128
128 128
128 128
128 128
128 128
128 128
128 128
128 128
128 128
128 128
128 128
128 128
128 128
128 128
128 128
128 128
128 128
128 128
128 128
128 128
128 128
128 128
128 128
128 128
128 128
128 128
128 128
128 128
128 128
128 128
128 128
128 128
128 128
128 128
128 128
128 128
128 128
128 128
128 128
128 128
128 128
128 128
128 128
128 128
128 128
128 128
128 128
128 128
128 128
128 128
128 128
128 128
128 128
128 128
128 128
128 128
128 128
128 128
128 128
128 128
128 128
128 128
128 128
128 128
128 128
128 128
128 128
128 128
128 128
128 128
128 128
128 128
128 128
128 128
128 128
128 128
128 128
128 128
128 128
128 128
128 128
128 128
128 128
128 128
128 128
128 128
128 128
128 128
128 128
128 128
128 128
128 128
128 128
128 128
128 128
128 128
128 128
128 128
128 128
128 128
128 128
128 128
128 128
128 128
128 128
128 128
128 128
128 128
128 128
128 128
128 128
128 128
128 128
128 128
128 128
128 128
128 128
128 128
128 128
128 128
128 128
128 128
128 128
128 128
128 128
128 128
128 128
128 128
128 128
128 128
128 128
128 128
128 128
128 128
128 128
128 128
128 128
128 128
128 128
128 128
128 128
128 128
128 128
128 128
128 128
128 128
128 128
128 128
128 128
128 128
128 128
128 128
128 128
128 128
128 128
128 128
128 128
128 128
128 128
128 128
128 128
128 128
128 128
128 128
128 128
128 128
128 128
128 128
128 128
128 128
128 128
128 128
128 128
128 128
128 128
128 128
128 128
128 128
128 128
128 128
128 128
128 128
128 128
128 128
128 128
128 128
128 128
128 128
128 128
128 128
128 128
128 128
128 128
128 128
128 128
128 128
128 128
128 128
128 128
128 128
128 128
128 128
128 128
128 128
128 128
128 128
128 128
128 128
128 128
128 128
128 128
128 128
128 128
128 128
128 128
128 128
128 128
128 128
128 128
128 128
128 128
128 128
128 128
128 128
128 128
128 128
128 128
128 128
128 128
128 128
128 128
128 128
128 128
128 128
128 128
128 128
128 128
128 128
128 128
128 128
128 128
128 128
128 128
128 128
128 128
128 128
128 128
128 128
128 128
128 128
128 128
128 128
128 128
128 128
128 128
128 128
128 128
128 128
128 128
128 128
128 128
128 128
128 128
128 128
128 128
128 128
128 128
128 128
128 128
128 128
128 128
128 128
128 128
128 128
128 128
128 128
128 128
128 128
128 128
128 128
128 128
128 128
128 128
128 128
128 128
128 128
128 128
128 128
128 128
128 128
128 128
128 128
128 128
128 128
128 128
128 128
128 128
128 128
128 128
128 128
128 128
128 128
128 128
128 128
128 128
128 128
128 128
128 128
128 128
128 128
128 128
128 128
128 128
128 128
128 128
128 128
128 128
128 128
128 128
128 128
128 128
128 128
128 128
128 128
128 128
128 128
128 128
128 128
128 128
128 128
128 128
128 128
128 128
128 128
128 128
128 128
128 128
128 128
128 128
128 128
128 128
128 128
128 128
128 128
128 128
128 128
128 128
128 128
128 128
128 128
128 128
128 128
128 128
128 128
128 128
128 128
128 128
128 128
128 128
128 128
128 128
128 128
128 128
128 128
128 128
128 128
128 128
128 128
128 128
128 128
128 128
128 128
128 128
128 128
128 128
128 128
128 128
128 128
128 128
128 128
128 128
128 128
128 128
128 128
128 128
128 128
128 128
128 128
128 128
128 128
128 128
128 128
128 128
128 128
128 128
128 128
128 128
128 128
128 128
128 128
128 128
128 128
128 128
128 128
128 128
128 128
128 128
128 128
128 128
128 128
128 128
128 128
128 128
128 128
128 128
128 128
128 128
128 128
128 128
128 128
128 128
128 128
128 128
128 128
128 128
128 128
128 128
128 128
128 128
128 128
128 128
128 128
128 128
128 128
128 128
128 128
128 128
128 128
128 128
128 128
128 128
128 128
128 128
128 128
128 128
128 128
128 128
128 128
128 128
128 128
128 128
128 128
128 128
128 128
128 128
128 128
128 128
128 128
128 128
128 128
128 128
128 128
128 128
128 128
128 128
128 128
128 128
128 128
128 128
128 128
128 128
128 128
128 128
128 128
128 128
128 128
128 128
128 128
128 128
128 128
128 128
128 128
128 128
128 128
128 128
128 128
128 128
128 128
128 128
128 128
128 128
128 128
128 128
128 128
128 128
128 128
128 128
128 128
128 128
128 128
128 128
128 128
128 128
128 128
128 128
128 128
128 128
128 128
128 128
128 128
128 128
128 128
128 128
128 128
128 128
128 128
128 128
128 128
128 128
128 128
128 128
128 128
128 128
128 128
128 128
128 128
128 128
128 128
128 128
128 128
128 128
128 128
128 128
128 128
128 128
128 128
128 128
128 128
128 128
128 128
128 128
128 128
128 128
128 128
128 128
128 128
128 128
128 128
128 128
128 128
128 128
128 128
128 128
128 128
128 128
128 128
128 128
128 128
128 128
128 128
128 128
128 128
128 128
128 128
128 128
128 128
128 128
128 128
128 128
128 128
128 128
128 128
128 128
128 128
128 128
128 128
128 128
128 128
128 128
128 128
128 128
128 128
128 128
128 128
128 128
128 128
128 128
128 128
128 128
128 128
128 128
128 128
128 128
128 128
128 128
128 128
128 128
128 128
128 128
128 128
128 128
128 128
128 128
128 128
128 128
128 128
128 128
128 128
128 128
128 128
128 128
128 128
128 128
128 128
128 128
128 128
128 128
128 128
128 128
128 128
128 128
128 128
128 128
128 128
128 128
128 128
128 128
128 128
128 128
128 128
128 128
128 128
128 128
128 128
128 128
128 128
128 128
128 128
128 128
128 128
128 128
128 128
128 128
128 128
128 128
128 128
128 128
128 128
128 128
128 128
128 128
128 128
128 128
128 128
128 128
128 128
128 128
128 128
128 128
128 128
128 128
128 128
128 128
128 128
128 128
128 128
128 128
128 128
128 128
128 128
128 128
128 128
128 128
128 128
128 128
128 128
128 128
128 128
128 128
128 128
128 128
128 128
128 128
128 128
128 128
128 128
128 128
128 128
128 128
128 128
128 128
128 128
128 128
128 128
128 128
128 128
128 128
128 128
128 128
128 128
128 128
128 128
128 128
128 128
128 128
128 128
128 128
128 128
128 128
128 128
128 128
128 128
128 128
128 128
128 128
128 128
128 128
128 128
128 128
128 128
128 128
128 128
128 128
128 128
128 128
128 128
128 128
128 128
128 128
128 128
128 128
128 128
128 128
128 128
128 128
128 128
128 128
128 128
128 128
128 128
128 128
128 128
128 128
128 128
128 128
128 128
128 128
128 128
128 128
128 128
128 128
128 128
128 128
128 128
128 128
128 128
128 128
128 128
128 128
128 128
128 128
128 128
128 128
128 128
128 128
128 128
128 128
128 128
128 128
128 128
128 128
128 128
128 128
128 128
128 128
128 128
128 128
128 128
128 128
128 128
128 128
128 128
128 128
128 128
128 128
128 128
128 128
128 128
128 128
128 128
128 128
128 128
128 128
128 128
128 128
128 128
128 128
128 128
128 128
128 128
128 128
128 128
128 128
128 128
128 128
128 128
128 128
128 128
128 128
128 128
128 128
128 128
128 128
128 128
128 128
128 128
128 128
128 128
128 128
128 128
128 128
128 128
128 128
128 128
128 128
128 128
128 128
128 128
128 128
128 128
128 128
128 128
128 128
128 128
128 128
128 128
128 128
128 128
128 128
128 128
128 128
128 128
128 128
128 128
128 128
128 128
128 128
128 128
128 128
128 128
128 128
128 128
128 128
128 128
128 128
128 128
128 128
128 128
128 128
128 128
128 128
128 128
128 128
128 128
128 128
128 128
128 128
128 128
128 128
128 128
128 128
128 128
128 128
128 128
128 128
128 128
128 128
128 128
128 128
128 128
128 128
128 128
128 128
128 128
128 128
128 128
128 128
128 128
128 128
128 128
128 128
128 128
128 128
128 128
128 128
128 128
128 128
128 128
128 128
128 128
128 128
128 128
128 128
128 128
128 128
128 128
128 128
128 128
128 128
128 128
128 128
128 128
128 128
128 128
128 128
128 128
128 128
128 128
128 128
128 128
128 128
128 128
128 128
128 128
128 128
128 128
128 128
128 128
128 128
128 128
128 128
128 128
128 128
128 128
128 128
128 128
128 128
128 128
128 128
128 128
128 128
128 128
128 128
128 128
128 128
128 128
128 128
128 128
128 128
128 128
128 128
128 128
128 128
128 128
128 128
128 128
128 128
128 128
128 128
128 128
128 128
128 128
128 128
128 128
128 128
128 128
128 128
128 128
128 128
128 128
128 128
128 128
128 128
128 128
128 128
128 128
128 128
128 128
128 128
128 128
128 128
128 128
128 128
128 128
128 128
128 128
128 128
128 128
128 128
128 128
128 128
128 128
128 128
128 128
128 128
128 128
128 128
128 128
128 128
128 128
128 128
128 128
128 128
128 128
128 128
128 128
128 128
128 128
128 128
128 128
128 128
128 128
128 128
128 128
128 128
128 128
128 128
128 128
128 128
128 128
128 128
128 128
128 128
128 128
128 128
128 128
128 128
128 128
128 128
128 128
128 128
128 128
128 128
128 128
128 128
128 128
128 128
128 128
128 128
128 128
128 128
128 128
128 128
128 128
128 128
128 128
128 128
128 128
128 128
128 128
128 128
128 128
128 128
128 128
128 128
128 128
128 128
128 128
128 128
128 128
128 128
128 128
128 128
128 128
128 128
128 128
128 128
128 128
128 128
128 128
128 128
128 128
128 128
128 128
128 128
128 128
128 128
128 128
128 128
128 128
128 128
128 128
128 128
128 128
128 128
128 128
128 128
128 128
128 128
128 128
128 128
128 128
128 128
128 128
128 128
128 128
128 128
128 128
128 128
128 128
128 128
128 128
128 128
128 128
128 128
128 128
128 128
128 128
128 128
128 128
128 128
128 128
128 128
128 128
128 128
128 128
128 128
128 128
128 128
128 128
128 128
128 128
128 128
128 128
128 128
128 128
128 128
128 128
128 128
128 128
128 128
128 128
128 128
128 128
128 128
128 128
128 128
128 128
128 128
128 128
128 128
128 128
128 128
128 128
128 128
128 128
128 128
128 128
128 128
128 128
128 128
128 128
128 128
128 128
128 128
128 128
128 128
128 128
128 128
128 128
128 128
128 128
128 128
128 128
128 128
128 128
128 128
128 128
128 128
128 128
128 128
128 128
128 128
128 128
128 128
128 128
128 128
128 128
128 128
128 128
128 128
128 128
128 128
128 128
128 128
128 128
128 128
128 128
128 128
128 128
128 128
128 128
128 128
128 128
128 128
128 128
128 128
128 128
128 128
128 128
128 128
128 128
128 128
128 128
128 128
128 128
128 128
128 128
128 128
128 128
128 128
128 128
128 128
128 128
128 128
128 128
128 128
128 128
128 128
128 128
128 128
128 128
128 128
128 128
128 128
128 128
128 128
128 128
128 128
128 128
128 128
128 128
128 128
128 128
128 128
128 128
128 128
128 128
128 128
128 128
128 128
128 128
128 128
128 128
128 128
128 128
128 128
128 128
128 128
128 128
128 128
128 128
128 128
128 128
128 128
128 128
128 128
128 128
128 128
128 128
128 128
128 128
128 128
128 128
128 128
128 128
128 128
128 128
128 128
128 128
128 128
128 128
128 128
128 128
128 128
128 128
128 128
128 128
128 128
128 128
128 128
128 128
128 128
128 128
128 128
128 128
128 128
128 128
128 128
128 128
128 128
128 128
128 128
128 128
128 128
128 128
128 128
128 128
128 128
128 128
128 128
128 128
128 128
128 128
128 128
128 128
128 128
128 128
128 128
128 128
128 128
128 128
128 128
128 128
128 128
128 128
128 128
128 128
128 128
128 128
128 128
128 128
128 128
128 128
128 128
128 128
128 128
128 128
128 128
128 128
128 128
128 128
128 128
128 128
128 128
128 128
128 128
128 128
128 128
128 128
128 128
128 128
128 128
128 128
128 128
128 128
128 128
128 128
128 128
128 128
128 128
128 128
128 128
128 128
128 128
128 128
128 128
128 128
128 128
128 128
128 128
128 128
128 128
128 128
128 128
128 128
128 128
128 128
128 128
128 128
128 128
128 128
128 128
128 128
128 128
128 128
128 128
128 128
128 128
128 128
128 128
128 128
128 128
128 128
128 128
128 128
128 128
128 128
128 128
128 128
128 128
128 128
128 128
128 128
128 128
128 128
128 128
128 128
128 128
128 128
128 128
128 128
128 128
128 128
128 128
128 128
128 128
128 128
128 128
128 128
128 128
128 128
128 128
128 128
128 128
128 128
128 128
128 128
128 128
128 128
128 128
128 128
128 128
128 128
128 128
128 128
128 128
128 128
128 128
128 128
128 128
128 128
128 128
128 128
128 128
128 128
128 128
128 128
128 128
128 128
128 128
128 128
128 128
128 128
128 128
128 128
128 128
128 128
128 128
128 128
128 128
128 128
128 128
128 128
128 128
128 128
128 128
128 128
128 128
128 128
128 128
128 128
128 128
128 128
128 128
128 128
128 128
128 128
128 128
128 128
128 128
128 128
128 128
128 128
128 128
128 128
128 128
128 128
128 128
128 128
128 128
128 128
128 128
128 128
128 128
128 128
128 128
128 128
128 128
128 128
128 128
128 128
128 128
128 128
128 128
128 128
128 128
128 128
128 128
128 128
128 128
128 128
128 128
128 128
128 128
128 128
128 128
128 128
128 128
128 128
128 128
128 128
128 128
128 128
128 128
128 128
128 128
128 128
128 128
128 128
128 128
128 128
128 128
128 128
128 128
128 128
128 128
128 128
128 128
128 128
128 128
128 128
128 128
128 128
128 128
128 128
128 128
128 128
128 128
128 128
128 128
128 128
128 128
128 128
128 128
128 128
128 128
128 128
128 128
128 128
128 128
128 128
128 128
128 128
128 128
128 128
128 128
128 128
128 128
128 128
128 128
128 128
128 128
128 128
128 128
128 128
128 128
128 128
128 128
128 128
128 128
128 128
128 128
128 128
128 128
128 128
128 128
128 128
128 128
128 128
128 128
128 128
128 128
128 128
128 128
128 128
128 128
128 128
128 128
128 128
128 128
128 128
128 128
128 128
128 128
128 128
128 128
128 128
128 128
128 128
128 128
128 128
128 128
128 128
128 128
128 128
128 128
128 128
128 128
128 128
128 128
128 128
128 128
128 128
128 128
128 128
128 128
128 128
128 128
128 128
128 128
128 128
128 128
128 128
128 128
128 128
128 128
128 128
128 128
128 128
128 128
128 128
128 128
128 128
128 128
128 128
128 128
128 128
128 128
128 128
128 128
128 128
128 128
128 128
128 128
128 128
128 128
128 128
128 128
128 128
128 128
128 128
128 128
128 128
128 128
128 128
128 128
128 128
128 128
128 128
128 128
128 128
128 128
128 128
128 128
128 128
128 128
128 128
128 128
128 128
128 128
128 128
128 128
128 128
128 128
128 128
128 128
128 128
128 128
128 128
128 128
128 128
128 128
128 128
128 128
128 128
128 128
128 128
128 128
128 128
128 128
128 128
128 128
128 128
128 128
128 128
128 128
128 128
128 128
128 128
128 128
128 128
128 128
128 128
128 128
128 128
128 128
128 128
128 128
128 128
128 128
128 128
128 128
128 128
128 128
128 128
128 128
128 128
128 128
128 128
128 128
128 128
128 128
128 128
128 128
128 128
128 128
128 128
128 128
128 128
128 128
128 128
128 128
128 128
128 128
128 128
128 128
128 128
128 128
128 128
128 128
128 128
128 128
128 128
128 128
128 128
128 128
128 128
128 128
128 128
128 128
128 128
128 128
128 128
128 128
128 128
128 128
128 128
128 128
128 128
128 128
128 128
128 128
128 128
128 128
128 128
128 128
128 128
128 128
128 128
128 128
128 128
128 128
128 128
128 128
128 128
128 128
128 128
128 128
128 128
128 128
128 128
128 128
128 128
128 128
128 128
128 128
128 128
128 128
128 128
128 128
128 128
128 128
128 128
128 128
128 128
128 128
128 128
128 128
128 128
128 128
128 128
128 128
128 128
128 128
128 128
128 128
128 128
128 128
128 128
128 128
128 128
128 128
128 128
128 128
128 128
128 128
128 128
128 128
128 128
128 128
128 128
128 128
128 128
128 128
128 128
128 128
128 128
128 128
128 128
128 128
128 128
128 128
128 128
128 128
128 128
128 128
128 128
128 128
128 128
128 128
128 128
128 128
128 128
128 128
128 128
128 128
128 128
128 128
128 128
128 128
128 128
128 128
128 128
128 128
128 128
128 128
128 128
128 128
128 128
128 128
128 128
128 128
128 128
128 128
128 128
128 128
128 128
128 128
128 128
128 128
128 128
128 128
128 128
128 128
128 128
128 128
128 128
128 128
128 128
128 128
128 128
128 128
128 128
128 128
128 128
128 128
128 128
128 128
128 128
128 128
128 128
128 128
128 128
128 128
128 128
128 128
128 128
128 128
128 128
128 128
128 128
128 128
128 128
128 128
128 128
128 128
128 128
128 128
128 128
128 128
128 128
128 128
128 128
128 128
128 128
128 128
128 128
128 128
128 128
128 128
128 128
128 128
128 128
128 128
128 128
128 128
128 128
128 128
128 128
128 128
128 128
128 128
128 128
128 128
128 128
128 128
128 128
128 128
128 128
128 128
128 128
128 128
128 128
128 128
128 128
128 128
128 128
128 128
128 128
128 128
128 128
128 128
128 128
128 128
128 128
128 128
128 128
128 128
128 128
128 128
128 128
128 128
128 128
128 128
128 128
128 128
128 128
128 128
128 128
128 128
128 128
128 128
128 128
128 128
128 128
128 128
128 128
128 128
128 128
128 128
128 128
128 128
128 128
128 128
128 128
128 128
128 128
128 128
128 128
128 128
128 128
128 128
128 128
128 128
128 128
128 128
128 128
128 128
128 128
128 128
128 128
128 128
128 128
128 128
128 128
128 128
128 128
128 128
128 128
128 128
128 128
128 128
128 128
128 128
128 128
128 128
128 128
128 128
128 128
128 128
128 128
128 128
128 128
128 128
128 128
128 128
128 128
128 128
128 128
128 128
128 128
128 128
128 128
128 128
128 128
128 128
128 128
128 128
128 128
128 128
128 128
128 128
128 128
128 128
128 128
128 128
128 128
128 128
128 128
128 128
128 128
128 128
128 128
128 128
128 128
128 128
128 128
128 128
128 128
128 128
128 128
128 128
128 128
128 128
128 128
128 128
128 128
128 128
128 128
128 128
128 128
128 128
128 128
128 128
128 128
128 128
128 128
128 128
128 128
128 128
128 128
128 128
128 128
128 128
128 128
128 128
128 128
128 128
128 128
128 128
128 128
128 128
128 128
128 128
128 128
128 128
128 128
128 128
128 128
128 128
128 128
128 128
128 128
128 128
128 128
128 128
128 128
128 128
128 128
128 128
128 128
128 128
128 128
128 128
128 128
128 128
128 128
128 128
128 128
128 128
128 128
128 128
128 128
128 128
128 128
128 128
128 128
128 128
128 128
128 128
128 128
128 128
128 128
128 128
128 128
128 128
128 128
128 128
128 128
128 128
128 128
128 128
128 128
128 128
128 128
128 128
128 128
128 128
128 128
128 128
128 128
128 128
128 128
128 128
128 128
128 128
128 128
128 128
128 128
128 128
128 128
128 128
128 128
128 128
128 128
128 128
128 128
128 128
128 128
128 128
128 128
128 128
128 128
128 128
128 128
128 128
128 128
128 128
128 128
128 128
128 128
128 128
128 128
128 128
128 128
128 128
128 128
128 128
128 128
128 128
128 128
128 128
128 128
128 128
128 128
128 128
128 128
128 128
128 128
128 128
128 128
128 128
128 128
128 128
128 128
128 128
128 128
128 128
128 128
128 128
128 128
128 128
128 128
128 128
128 128
128 128
128 128
128 128
128 128
128 128
128 128
128 128
128 128
128 128
128 128
128 128
128 128
128 128
128 128
128 128
128 128
128 128
128 128
128 128
128 128
128 128
128 128
128 128
128 128
128 128
128 128
128 128
128 128
128 128
128 128
128 128
128 128
128 128
128 128
128 128
128 128
128 128
128 128
128 128
128 128
128 128
128 128
128 128
128 128
128 128
128 128
128 128
128 128
128 128
128 128
128 128
128 128
128 128
128 128
128 128
128 128
128 128
128 128
128 128
128 128
128 128
128 128
128 128
128 128
128 128
128 128
128 128
128 128
128 128
128 128
128 128
128 128
128 128
128 128
128 128
128 128
128 128
128 128
128 128
128 128
128 128
128 128
128 128
128 128
128 128
128 128
128 128
128 128
128 128
128 128
128 128
128 128
128 128
128 128
128 128
128 128
128 128
128 128
128 128
128 128
128 128
128 128
128 128
128 128
128 128
128 128
128 128
128 128
128 128
128 128
128 128
128 128
128 128
128 128
128 128
128 128
128 128
128 128
128 128
128 128
128 128
128 128
128 128
128 128
128 128
128 128
128 128
128 128
128 128
128 128
128 128
128 128
128 128
128 128
128 128
128 128
128 128
128 128
128 128
128 128
128 128
128 128
128 128
128 128
128 128
128 128
128 128
128 128
128 128
128 128
128 128
128 128
128 128
128 128
128 128
128 128
128 128
128 128
128 128
128 128
128 128
128 128
128 128
128 128
128 128
128 128
128 128
128 128
128 128
128 128
128 128
128 128
128 128
128 128
128 128
128 128
128 128
128 128
128 128
128 128
128 128
128 128
128 128
128 128
128 128
128 128
128 128
128 128
128 128
128 128
128 128
128 128
128 128
128 128
128 128
128 128
128 128
128 128
128 128
128 128
128 128
128 128
128 128
128 128
128 128
128 128
128 128
128 128
128 128
128 128
128 128
128 128
128 128
128 128
128 128
128 128
128 128
128 128
128 128
128 128
128 128
128 128
128 128
128 128
128 128
128 128
128 128
128 128
128 128
128 128
128 128
128 128
128 128
128 128
128 128
128 128
128 128
128 128
128 128
128 128
128 128
128 128
128 128
128 128
128 128
128 128
128 128
128 128
128 128
128 128
128 128
128 128
128 128
128 128
128 128
128 128
128 128
128 128
128 128
128 128
128 128
128 128
128 128
128 128
128 128
128 128
128 128
128 128
128 128
128 128
128 128
128 128
128 128
128 128
128 128
128 128
128 128
128 128
128 128
128 128
128 128
128 128
128 128
128 128
128 128
128 128
128 128
128 128
128 128
128 128
128 128
128 128
128 128
128 128
128 128
128 128
128 128
128 128
128 128
128 128
128 128
128 128
128 128
128 128
128 128
128 128
128 128
128 128
128 128
128 128
128 128
128 128
128 128
128 128
128 128
128 128
128 128
128 128
128 128
128 128
128 128
128 128
128 128
128 128
128 128
128 128
128 128
128 128
128 128
128 128
128 128
128 128
128 128
128 128
128 128
128 128
128 128
128 128
128 128
128 128
128 128
128 128
128 128
128 128
128 128
128 128
128 128
128 128
128 128
128 128
128 128
128 128
128 128
128 128
128 128
128 128
128 128
128 128
128 128
128 128
128 128
128 128
128 128
128 128
128 128
128 128
128 128
128 128
128 128
128 128
128 128
128 128
128 128
128 128
128 128
128 128
128 128
128 128
128 128
128 128
128 128
128 128
128 128
128 128
128 128
128 128
128 128
128 128
128 128
128 128
128 128
128 128
128 128
128 128
128 128
128 128
128 128
128 128
128 128
128 128
128 128
128 128
128 128
128 128
128 128
128 128
128 128
128 128
128 128
128 128
128 128
128 128
128 128
128 128
128 128
128 128
128 128
128 128
128 128
128 128
128 128
128 128
128 128
128 128
128 128
128 128
128 128
128 128
128 128
128 128
128 128
128 128
128 128
128 128
128 128
128 128
128 128
128 128
128 128
128 128
128 128
128 128
128 128
128 128
128 128
128 128
128 128
128 128
128 128
128 128
128 128
128 128
128 128
128 128
128 128
128 128
128 128
128 128
128 128
128 128
128 128
128 128
128 128
128 128
128 128
128 128
128 128
128 128
128 128
128 128
128 128
128 128
128 128
128 128
128 128
128 128
128 128
128 128
128 128
128 128
128 128
128 128
128 128
128 128
128 128
128 128
128 128
128 128
128 128
128 128
128 128
128 128
128 128
128 128
128 128
128 128
128 128
128 128
128 128
128 128
128 128
128 128
128 128
128 128
128 128
128 128
128 128
128 128
128 128
128 128
128 128
128 128
128 128
128 128
128 128
128 128
128 128
128 128
128 128
128 128
128 128
128 128
128 128
128 128
128 128
128 128
128 128
128 128
128 128
128 128
128 128
128 128
128 128
128 128
128 128
128 128
128 128
128 128
128 128
128 128
128 128
128 128
128 128
128 128
128 128
128 128
128 128
128 128
128 128
128 128
128 128
128 128
128 128
128 128
128 128
128 128
128 128
128 128
128 128
128 128
128 128
128 128
128 128
128 128
128 128
128 128
128 128
128 128
128 128
128 128
128 128
128 128
128 128
128 128
128 128
128 128
128 128
128 128
128 128
128 128
128 128
128 128
128 128
128 128
128 128
128 128
128 128
128 128
128 128
128 128
128 128
128 128
128 128
128 128
128 128
128 128
128 128
128 128
128 128
128 128
128 128
128 128
128 128
128 128
128 128
128 128
128 128
128 128
128 128
128 128
128 128
128 128
128 128
128 128
128 128
128 128
128 128
128 128
128 128
128 128
128 128
128 128
128 128
128 128
128 128
128 128
128 128
128 128
128 128
128 128
128 128
128 128
128 128
128 128
128 128
128 128
128 128
128 128
128 128
128 128
128 128
128 128
128 128
128 128
128 128
128 128
128 128
128 128
128 128
128 128
128 128
128 128
128 128
128 128
128 128
128 128
128 128
128 128
128 128
128 128
128 128
128 128
128 128
128 128
128 128
128 128
128 128
128 128
128 128
128 128
128 128
128 128
128 128
128 128
128 128
128 128
128 128
128 128
128 128
128 128
128 128
128 128
128 128
128 128
128 128
128 128
128 128
128 128
128 128
128 128
128 128
128 128
128 128
128 128
128 128
128 128
128 128
128 128
128 128
128 128
128 128
128 128
128 128
128 128
128 128
128 128
128 128
128 128
128 128
128 128
128 128
128 128
128 128
128 128
128 128
128 128
128 128
128 128
128 128
128 128
128 128
128 128
128 128
128 128
128 128
128 128
128 128
128 128
128 128
128 128
128 128
128 128
128 128
128 128
128 128
128 128
128 128
128 128
128 128
128 128
128 128
128 128
128 128
128 128
128 128
128 128
128 128
128 128
128 128
128 128
128 128
128 128
128 128
128 128
128 128
128 128
128 128
128 128
128 128
128 128
128 128
128 128
128 128
128 128
128 128
128 128
128 128
128 128
128 128
128 128
128 128
128 128
128 128
128 128
128 128
128 128
128 128
128 128
128 128
128 128
128 128
128 128
128 128
128 128
128 128
128 128
128 128
128 128
128 128
128 128
128 128
128 128
128 128
128 128
128 128
128 128
128 128
128 128
128 128
128 128
128 128
128 128
128 128
128 128
128 128
128 128
128 128
128 128
128 128
128 128
128 128
128 128
128 128
128 128
128 128
128 128
128 128
128 128
128 128
128 128
128 128
128 128
128 128
128 128
128 128
128 128
128 128
128 128
128 128
128 128
128 128
128 128
128 128
128 128
128 128
128 128
128 128
128 128
128 128
128 128
128 128
128 128
128 128
128 128
128 128
128 128
128 128
128 128
128 128
128 128
128 128
128 128
128 128
128 128
128 128
128 128
128 128
128 128
128 128
128 128
128 128
128 128
128 128
128 128
128 128
128 128
128 128
128 128
128 128
128 128
128 128
128 128
128 128
128 128
128 128
128 128
128 128
128 128
128 128
128 128
128 128
128 128
128 128
128 128
128 128
128 128
128 128
128 128
128 128
128 128
128 128
128 128
128 128
128 128
128 128
128 128
128 128
128 128
128 128
128 128
128 128
128 128
128 128
128 128
128 128
128 128
128 128
128 128
128 128
128 128
128 128
128 128
128 128
128 128
128 128
128 128
128 128
128 128
128 128
128 128
128 128
128 128
128 128
128 128
128 128
128 128
128 128
128 128
128 128
128 128
128 128
128 128
128 128
128 128
128 128
128 128
128 128
128 128
128 128
128 128
128 128
128 128
128 128
128 128
128 128
128 128
128 128
128 128
128 128
128 128
128 128
128 128
128 128
128 128
128 128
128 128
128 128
128 128
128 128
128 128
128 128
128 128
128 128
128 128
128 128
128 128
128 128
128 128
128 128
128 128
128 128
128 128
128 128
128 128
128 128
128 128
128 128
128 128
128 128
128 128
128 128
128 128
128 128
128 128
128 128
128 128
128 128
128 128
128 128
128 128
128 128
128 128
128 128
128 128
128 128
128 128
128 128
128 128
128 128
128 128
128 128
128 128
128 128
128 128
128 128
128 128
128 128
128 128
128 128
128 128
128 128
128 128
128 128
128 128
128 128
128 128
128 128
128 128
128 128
128 128
128 128
128 128
128 128
128 128
128 128
128 128
128 128
128 128
128 128
128 128
128 128
128 128
128 128
128 128
128 128
128 128
128 128
128 128
128 128
128 128
128 128
128 128
128 128
128 128
128 128
128 128
128 128
128 128
128 128
128 128
128 128
128 128
128 128
128 128
128 128
128 128
128 128
128 128
128 128
128 128
128 128
128 128
128 128
128 128
128 128
128 128
128 128
128 128
128 128
128 128
128 128
128 128
128 128
128 128
128 128
128 128
128 128
128 128
128 128
128 128
128 128
128 128
128 128
128 128
128 128
128 128
128 128
128 128
128 128
128 128
128 128
128 128
128 128
128 128
128 128
128 128
128 128
128 128
128 128
128 128
128 128
128 128
128 128
128 128
128 128
128 128
128 128
128 128
128 128
128 128
128 128
128 128
128 128
128 128
128 128
128 128
128 128
128 128
128 128
128 128
128 128
128 128
128 128
128 128
128 128
128 128
128 128
128 128
128 128
128 128
128 128
128 128
128 128
128 128
128 128
128 128
128 128
128 128
128 128
128 128
128 128
128 128
128 128
128 128
128 128
128 128
128 128
128 128
128 128
128 128
128 128
128 128
128 128
128 128
128 128
128 128
128 128
128 128
128 128
128 128
128 128
128 128
128 128
128 128
128 128
128 128
128 128
128 128
128 128
128 128
128 128
128 128
128 128
128 128
128 128
128 128
128 128
128 128
128 128
128 128
128 128
128 128
128 128
128 128
128 128
128 128
128 128
128 128
128 128
128 128
128 128
128 128
128 128
128 128
128 128
128 128
128 128
128 128
128 128
128 128
128 128
128 128
128 128
128 128
128 128
128 128
128 128
128 128
128 128
128 128
128 128
128 128
128 128
128 128
128 128
128 128
128 128
128 128
128 128
128 128
128 128
128 128
128 128
128 128
128 128
128 128
128 128
128 128
128 128
128 128
128 128
128 128
128 128
128 128
128 128
128 128
128 128
128 128
128 128
128 128
128 128
128 128
128 128
128 128
128 128
128 128
128 128
128 128
128 128
128 128
128 128
128 128
128 128
128 128
128 128
128 128
128 128
128 128
128 128
128 128
128 128
128 128
128 128
128 128
128 128
128 128
128 128
128 128
128 128
128 128
128 128
128 128
128 128
128 128
128 128
128 128
128 128
128 128
128 128
128 128
128 128
128 128
128 128
128 128
128 128
128 128
128 128
128 128
128 128
128 128
128 128
128 128
128 128
128 128
128 128
128 128
128 128
128 128
128 128
128 128
128 128
128 128
128 128
128 128
128 128
128 128
128 128
128 128
128 128
128 128
128 128
128 128
128 128
128 128
128 128
128 128
128 128
128 128
128 128
128 128
128 128
128 128
128 128
128 128
128 128
128 128
128 128
128 128
128 128
128 128
128 128
128 128
128 128
128 128
128 128
128 128
128 128
128 128
128 128
128 128
128 128
128 128
128 128
128 128
128 128
128 128
128 128
128 128
128 128
128 128
128 128
128 128
128 128
128 128
128 128
128 128
128 128
128 128
128 128
128 128
128 128
128 128
128 128
128 128
128 128
128 128
128 128
128 128
128 128
128 128
128 128
128 128
128 128
128 128
128 128
128 128
128 128
128 128
128 128
128 128
128 128
128 128
128 128
128 128
128 128
128 128
128 128
128 128
128 128
128 128
128 128
128 128
128 128
128 128
128 128
128 128
128 128
128 128
128 128
128 128
128 128
128 128
128 128
128 128
128 128
128 128
128 128
128 128
128 128
128 128
128 128
128 128
128 128
128 128
128 128
128 128
128 128
128 128
128 128
128 128
128 128
128 128
128 128
128 128
128 128
128 128
128 128
128 128
128 128
128 128
128 128
128 128
128 128
128 128
128 128
128 128
128 128
128 128
128 128
128 128
128 128
128 128
128 128
128 128
128 128
128 128
128 128
128 128
128 128
128 128
128 128
128 128
128 128
128 128
128 128
128 128
128 128
128 128
128 128
128 128
128 128
128 128
128 128
128 128
128 128
128 128
128 128
128 128
128 128
128 128
128 128
128 128
128 128
128 128
128 128
128 128
128 128
128 128
128 128
128 128
128 128
128 128
128 128
128 128
128 128
128 128
128 128
128 128
128 128
128 128
128 128
128 128
128 128
128 128
128 128
128 128
128 128
128 128
128 128
128 128
128 128
128 128
128 128
128 128
128 128
128 128
128 128
128 128
128 128
128 128
128 128
128 128
128 128
128 128
128 128
128 128
128 128
128 128
128 128
128 128
128 128
128 128
128 128
128 128
128 128
128 128
128 128
128 128
128 128
128 128
128 128
128 128
128 128
128 128
128 128
128 128
128 128
128 128
128 128
128 128
128 128
128 128
128 128
128 128
128 128
128 128
128 128
128 128
128 128
128 128
128 128
128 128
128 128
128 128
128 128
128 128
128 128
128 128
128 128
128 128
128 128
128 128
128 128
128 128
128 128
128 128
128 128
128 128
128 128
128 128
128 128
128 128
128 128
128 128
128 128
128 128
128 128
128 128
128 128
128 128
128 128
128 128
128 128
128 128
128 128
128 128
128 128
128 128
128 128
128 128
128 128
128 128
128 128
128 128
128 128
128 128
128 128
128 128
128 128
128 128
128 128
128 128
128 128
128 128
128 128
128 128
128 128
128 128
128 128
128 128
128 128
128 128
128 128
128 128
128 128
128 128
128 128
128 128
128 128
128 128
128 128
128 128
128 128
128 128
128 128
128 128
128 128
128 128
128 128
128 128
128 128
128 128
128 128
128 128
128 128
128 128
128 128
128 128
128 128
128 128
128 128
128 128
128 128
128 128
128 128
128 128
128 128
128 128
128 128
128 128
128 128
128 128
128 128
128 128
128 128
128 128
128 128
128 128
128 128
128 128
128 128
128 128
128 128
128 128
128 128
128 128
128 128
128 128
128 128
128 128
128 128
128 128
128 128
128 128
128 128
128 128
128 128
128 128
128 128
128 128
128 128
128 128
128 128
128 128
128 128
128 128
128 128
128 128
128 128
128 128
128 128
128 128
128 128
128 128
128 128
128 128
128 128
128 128
128 128
128 128
128 128
128 128
128 128
128 128
128 128
128 128
128 128
128 128
128 128
128 128
128 128
128 128
128 128
128 128
128 128
128 128
128 128
128 128
128 128
128 128
128 128
128 128
128 128
128 128
128 128
128 128
128 128
128 128
128 128
128 128
128 128
128 128
128 128
128 128
128 128
128 128
128 128
128 128
128 128
128 128
128 128
128 128
128 128
128 128
128 128
128 128
128 128
128 128
128 128
128 128
128 128
128 128
128 128
128 128
128 128
128 128
128 128
128 128
128 128
128 128
128 128
128 128
128 128
128 128
128 128
128 128
128 128
128 128
128 128
128 128
128 128
128 128
128 128
128 128
128 128
128 128
128 128
128 128
128 128
128 128
128 128
128 128
128 128
128 128
128 128
128 128
128 128
128 128
128 128
128 128
128 128
128 128
128 128
128 128
128 128
128 128
128 128
128 128
128 128
128 128
128 128
128 128
128 128
128 128
128 128
128 128
128 128
128 128
128 128
128 128
128 128
128 128
128 128
128 128
128 128
128 128
128 128
128 128
128 128
128 128
128 128
128 128
128 128
128 128
128 128
128 128
128 128
128 128
128 128
128 128
128 128
128 128
128 128
128 128
128 128
128 128
128 128
128 128
128 128
128 128
128 128
128 128
128 128
128 128
128 128
128 128
128 128
128 128
128 128
128 128
128 128
128 128
128 128
128 128
128 128
128 128
128 128
128 128
128 128
128 128
128 128
128 128
128 128
128 128
128 128
128 128
128 128
128 128
128 128
128 128
128 128
128 128
128 128
128 128
128 128
128 128
128 128
128 128
128 128
128 128
128 128
128 128
128 128
128 128
128 128
128 128
128 128
128 128
128 128
128 128
128 128
128 128
128 128
128 128
128 128
128 128
128 128
128 128
128 128
128 128
128 128
128 128
128 128
128 128
128 128
128 128
128 128
128 128
128 128
128 128
128 128
128 128
128 128
128 128
128 128
128 128
128 128
128 128
128 128
128 128
128 128
128 128
128 128
128 128
128 128
128 128
128 128
128 128
128 128
128 128
128 128
128 128
128 128
128 128
128 128
128 128
128 128
128 128
128 128
128 128
128 128
128 128
128 128
128 128
128 128
128 128
128 128
128 128
128 128
128 128
128 128
128 128
128 128
128 128
128 128
128 128
128 128
128 128
128 128
128 128
128 128
128 128
128 128
128 128
128 128
128 128
128 128
128 128
128 128
128 128
128 128
128 128
128 128
128 128
128 128
128 128
128 128
128 128
128 128
128 128
128 128
128 128
128 128
128 128
128 128
128 128
128 128
128 128
128 128
128 128
128 128
128 128
128 128
128 128
128 128
128 128
128 128
128 128
128 128
128 128
128 128
128 128
128 128
128 128
128 128
128 128
128 128
128 128
128 128
128 128
128 128
128 128
128 128
128 128
128 128
128 128
128 128
128 128
128 128
128 128
128 128
128 128
128 128
128 128
128 128
128 128
128 128
128 128
128 128
128 128
128 128
128 128
128 128
128 128
128 128
128 128
128 128
128 128
128 128
128 128
128 128
128 128
128 128
128 128
128 128
128 128
128 128
128 128
128 128
128 128
128 128
128 128
128 128
128 128
128 128
128 128
128 128
128 128
128 128
128 128
128 128
128 128
128 128
128 128
128 128
128 128
128 128
128 128
128 128
128 128
128 128
128 128
128 128
128 128
128 128
128 128
128 128
128 128
128 128
128 128
128 128
128 128
128 128
128 128
128 128
128 128
128 128
128 128
128 128
128 128
128 128
128 128
128 128
128 128
128 128
128 128
128 128
128 128
128 128
128 128
128 128
128 128
128 128
128 128
128 128
128 128
128 128
128 128
128 128
128 128
128 128
128 128
128 128
128 128
128 128
128 128
128 128
128 128
128 128
128 128
128 128
128 128
128 128
128 128
128 128
128 128
128 128
128 128
128 128
128 128
128 128
128 128
128 128
128 128
128 128
128 128
128 128
128 128
128 128
128 128
128 128
128 128
128 128
128 128
128 128
128 128
128 128
128 128
128 128
128 128
128 128
128 128
128 128
128 128
128 128
128 128
128 128
128 128
128 128
128 128
128 128
128 128
128 128
128 128
128 128
128 128
128 128
128 128
128 128
128 128
128 128
128 128
128 128
128 128
128 128
128 128
128 128
128 128
128 128
128 128
128 128
128 128
128 128
128 128
128 128
128 128
128 128
128 128
128 128
128 128
128 128
128 128
128 128
128 128
128 128
128 128
128 128
128 128
128 128
128 128
128 128
128 128
128 128
128 128
128 128
128 128
128 128
128 128
128 128
128 128
128 128
128 128
128 128
128 128
128 128
128 128
128 128
128 128
128 128
128 128
128 128
128 128
128 128
128 128
128 128
128 128
128 128
128 128
128 128
128 128
128 128
128 128
128 128
128 128
128 128
128 128
128 128
128 128
128 128
128 128
128 128
128 128
128 128
128 128
128 128
128 128
128 128
128 128
128 128
128 128
128 128
128 128
128 128
128 128
128 128
128 128
128 128
128 128
128 128
128 128
128 128
128 128
128 128
128 128
128 128
128 128
128 128
128 128
128 128
128 128
128 128
128 128
128 128
128 128
128 128
128 128
128 128
128 128
128 128
128 128
128 128
128 128
128 128
128 128
128 128
128 128
128 128
128 128
128 128
128 128
128 128
128 128
128 128
128 128
128 128
128 128
128 128
128 128
128 128
128 128
128 128
128 128
128 128
128 128
128 128
128 128
128 128
128 128
128 128
128 128
128 128
128 128
128 128
128 128
128 128
128 128
128 128
128 128
128 128
128 128
128 128
128 128
128 128
128 128
128 128
128 128
128 128
128 128
128 128
128 128
128 128
128 128
128 128
128 128
128 128
128 128
128 128
128 128
128 128
128 128
128 128
128 128
128 128
128 128
128 128
128 128
128 128
128 128
128 128
128 128
128 128
128 128
128 128
128 128
128 128
128 128
128 128
128 128
128 128
128 128
128 128
128 128
128 128
128 128
128 128
128 128
128 128
128 128
128 128
128 128
128 128
128 128
128 128
128 128
128 128
128 128
128 128
128 128
128 128
128 128
128 128
128 128
128 128
128 128
128 128
128 128
128 128
128 128
128 128
128 128
128 128
128 128
128 128
128 128
128 128
128 128
128 128
128 128
128 128
128 128
128 128
128 128
128 128
128 128
128 128
128 128
128 128
128 128
128 128
128 128
128 128
128 128
128 128
128 128
128 128
128 128
128 128
128 128
128 128
128 128
128 128
128 128
128 128
128 128
128 128
128 128
128 128
128 128
128 128
128 128
128 128
128 128
128 128
128 128
128 128
128 128
128 128
128 128
128 128
128 128
128 128
128 128
128 128
128 128
128 128
128 128
128 128
128 128
128 128
128 128
128 128
128 128
128 128
128 128
128 128
128 128
128 128
128 128
128 128
128 128
128 128
128 128
128 128
128 128
128 128
128 128
128 128
128 128
128 128
128 128
128 128
128 128
128 128
128 128
128 128
128 128
128 128
128 128
128 128
128 128
128 128
128 128
128 128
128 128
128 128
128 128
128 128
128 128
128 128
128 128
128 128
128 128
128 128
128 128
128 128
128 128
128 128
128 128
128 128
128 128
128 128
128 128
128 128
128 128
128 128
128 128
128 128
128 128
128 128
128 128
128 128
128 128
128 128
128 128
128 128
128 128
128 128
128 128
128 128
128 128
128 128
128 128
128 128
128 128
128 128
128 128
128 128
128 128
128 128
128 128
128 128
128 128
128 128
128 128
128 128
128 128
128 128
128 128
128 128
128 128
128 128
128 128
128 128
128 128
128 128
128 128
128 128
128 128
128 128
128 128
128 128
128 128
128 128
128 128
128 128
128 128
128 128
128 128
128 128
128 128
128 128
128 128
128 128
128 128
128 128
128 128
128 128
128 128
128 128
128 128
128 128
128 128
128 128
128 128
128 128
128 128
128 128
128 128
128 128
128 128
128 128
128 128
128 128
128 128
128 128
128 128
128 128
128 128
128 128
128 128
128 128
128 128
128 128
128 128
128 128
128 128
128 128
128 128
128 128
128 128
128 128
128 128
128 128
128 128
128 128
128 128
128 128
128 128
128 128
128 128
128 128
128 128
128 128
128 128
128 128
128 128
128 128
128 128
128 128
128 128
128 128
128 128
128 128
128 128
128 128
128 128
128 128
128 128
128 128
128 128
128 128
128 128
128 128
128 128
128 128
128 128
128 128
128 128
128 128
128 128
128 128
128 128
128 128
128 128
128 128
128 128
128 128
128 128
128 128
128 128
128 128
128 128
128 128
128 128
128 128
128 128
128 128
128 128
128 128
128 128
128 128
128 128
128 128
128 128
128 128
128 128
128 128
128 128
128 128
128 128
128 128
128 128
128 128
128 128
128 128
128 128
128 128
128 128
128 128
128 128
128 128
128 128
128 128
128 128
128 128
128 128
128 128
128 128
128 128
128 128
128 128
128 128
128 128
128 128
128 128
128 128
128 128
128 128
128 128
128 128
128 128
128 128
128 128
128 128
128 128
128 128
128 128
128 128
128 128
128 128
128 128
128 128
128 128
128 128
128 128
128 128
128 128
128 128
128 128
128 128
128 128
128 128
128 128
128 128
128 128
128 128
128 128
128 128
128 128
128 128
128 128
128 128
128 128
128 128
128 128
128 128
128 128
128 128
128 128
128 128
128 128
128 128
128 128
128 128
128 128
128 128
128 128
128 128
128 128
128 128
128 128
128 128
128 128
128 128
128 128
128 128
128 128
128 128
128 128
128 128
128 128
128 128
128 128
128 128
128 128
128 128
128 128
128 128
128 128
128 128
128 128
128 128
128 128
128 128
128 128
128 128
128 128
128 128
128 128
128 128
128 128
128 128
128 128
128 128
128 128
128 128
128 128
128 128
128 128
128 128
128 128
128 128
128 128
128 128
128 128
128 128
128 128
128 128
128 128
128 128
128 128
128 128
128 128
128 128
128 128
128 128
128 128
128 128
128 128
128 128
128 128
128 128
128 128
128 128
128 128
128 128
128 128
128 128
128 128
128 128
128 128
128 128
128 128
128 128
128 128
128 128
128 128
128 128
128 128
128 128
128 128
128 128
128 128
128 128
128 128
128 128
128 128
128 128
128 128
128 128
128 128
128 128
128 128
128 128
128 128
128 128
128 128
128 128
128 128
128 128
128 128
128 128
128 128
128 128
128 128
128 128
128 128
128 128
128 128
128 128
128 128
128 128
128 128
128 128
128 128
128 128
128 128
128 128
128 128
128 128
128 128
128 128
128 128
128 128
128 128
128 128
128 128
128 128
128 128
128 128
128 128
128 128
128 128
128 128
128 128
128 128
128 128
128 128
128 128
128 128
128 128
128 128
128 128
128 128
128 128
128 128
128 128
128 128
128 128
128 128
128 128
128 128
128 128
128 128
128 128
128 128
128 128
128 128
128 128
128 128
128 128
128 128
128 128
128 128
128 128
128 128
128 128
128 128
128 128
128 128
128 128
128 128
128 128
128 128
128 128
128 128
128 128
128 128
128 128
128 128
128 128
128 128
128 128
128 128
128 128
128 128
128 128
128 128
128 128
128 128
128 128
128 128
128 128
128 128
128 128
128 128
128 128
128 128
128 128
128 128
128 128
128 128
128 128
128 128
128 128
128 128
128 128
128 128
128 128
128 128
128 128
128 128
128 128
128 128
128 128
128 128
128 128
128 128
128 128
128 128
128 128
128 128
128 128
128 128
128 128
128 128
128 128
128 128
128 128
128 128
128 128
128 128
128 128
128 128
128 128
128 128
128 128
128 128
128 128
128 128
128 128
128 128
128 128
128 128
128 128
128 128
128 128
128 128
128 128
128 128
128 128
128 128
128 128
128 128
128 128
128 128
128 128
128 128
128 128
128 128
128 128
128 128
128 128
128 128
128 128
128 128
128 128
128 128
128 128
128 128
128 128
128 128
128 128
128 128
128 128
128 128
128 128
128 128
128 128
128 128
128 128
128 128
128 128
128 128
128 128
128 128
128 128
128 128
128 128
128 128
128 128
128 128
128 128
128 128
128 128
128 128
128 128
128 128
128 128
128 128
128 128
128 128
128 128
128 128
128 128
128 128
128 128
128 128
128 128
128 128
128 128
128 128
128 128
128 128
128 128
128 128
128 128
128 128
128 128
128 128
128 128
128 128
128 128
128 128
128 128
128 128
128 128
128 128
128 128
128 128
128 128
128 128
128 128
128 128
128 128
128 128
128 128
128 128
128 128
128 128
128 128
128 128
128 128
128 128
128 128
128 128
128 128
128 128
128 128
128 128
128 128
128 128
128 128
128 128
128 128
128 128
128 128
128 128
128 128
128 128
128 128
128 128
128 128
128 128
128 128
128 128
128 128
128 128
128 128
128 128
128 128
128 128
128 128
128 128
128 128
128 128
128 128
128 128
128 128
128 128
128 128
128 128
128 128
128 128
128 128
128 128
128 128
128 128
128 128
128 128
128 128
128 128
128 128
128 128
128 128
128 128
128 128
128 128
128 128
128 128
128 128
128 128
128 128
128 128
128 128
128 128
128 128
128 128
128 128
128 128
128 128
128 128
128 128
128 128
128 128
128 128
128 128
128 128
128 128
128 128
128 128
128 128
128 128
128 128
128 128
128 128
128 128
128 128
128 128
128 128
128 128
128 128
128 128
128 128
128 128
128 128
128 128
128 128
128 128
128 128
128 128
128 128
128 128
128 128
128 128
128 128
128 128
128 128
128 128
128 128
128 128
128 128
128 128
128 128
128 128
128 128
128 128
128 128
128 128
128 128
128 128
128 128
128 128
128 128
128 128
128 128
128 128
128 128
128 128
128 128
128 128
128 128
128 128
128 128
128 128
128 128
128 128
128 128
128 128
128 128
128 128
128 128
128 128
128 128
128 128
128 128
128 128
128 128
128 128
128 128
128 128
128 128
128 128
128 128
128 128
128 128
128 128
128 128
128 128
128 128
128 128
128 128
128 128
128 128
128 128
128 128
128 128
128 128
128 128
128 128
128 128
128 128
128 128
128 128
128 128
128 128
128 128
128 128
128 128
128 128
128 128
128 128
128 128
128 128
128 128
128 128
128 128
128 128
128 128
128 128
128 128
128 128
128 128
128 128
128 128
128 128
128 128
128 128
128 128
128 128
128 128
128 128
128 128
128 128
128 128
128 128
128 128
128 128
128 128
128 128
128 128
128 128
128 128
128 128
128 128
128 128
128 128
128 128
128 128
128 128
128 128
128 128
128 128
128 128
128 128
128 128
128 128
128 128
128 128
128 128
128 128
128 128
128 128
128 128
128 128
128 128
128 128
128 128
128 128
128 128
128 128
128 128
128 128
128 128
128 128
128 128
128 128
128 128
128 128
128 128
128 128
128 128
128 128
128 128
128 128
128 128
128 128
128 128
128 128
128 128
128 128
128 128
128 128
128 128
128 128
128 128
128 128
128 128
128 128
128 128
128 128
128 128
128 128
128 128
128 128
128 128
128 128
128 128
128 128
128 128
128 128
128 128
128 128
128 128
128 128
128 128
128 128
128 128
128 128
128 128
128 128
128 128
128 128
128 128
128 128
128 128
128 128
128 128
128 128
128 128
128 128
128 128
128 128
128 128
128 128
128 128
128 128
128 128
128 128
128 128
128 128
128 128
128 128
128 128
128 128
128 128
128 128
128 128
128 128
128 128
128 128
128 128
128 128
128 128
128 128
128 128
128 128
128 128
128 128
128 128
128 128
128 128
128 128
128 128
128 128
128 128
128 128
128 128
128 128
128 128
128 128
128 128
128 128
128 128
128 128
128 128
128 128
128 128
128 128
128 128
128 128
128 128
128 128
128 128
128 128
128 128
128 128
128 128
128 128
128 128
128 128
128 128
128 128
128 128
128 128
128 128
128 128
128 128
128 128
128 128
128 128
128 128
128 128
128 128
128 128
128 128
128 128
128 128
128 128
128 128
128 128
128 128
128 128
128 128
128 128
128 128
128 128
128 128
128 128
128 128
128 128
128 128
128 128
128 128
128 128
128 128
128 128
128 128
128 128
128 128
128 128
128 128
128 128
128 128
128 128
128 128
128 128
128 128
128 128
128 128
128 128
128 128
128 128
128 128
128 128
128 128
128 128
128 128
128 128
128 128
128 128
128 128
128 128
128 128
128 128
128 128
128 128
128 128
128 128
128 128
128 128
128 128
128 128
128 128
128 128
128 128
128 128
128 128
128 128
128 128
128 128
128 128
128 128
128 128
128 128
128 128
128 128
128 128
128 128
128 128
128 128
128 128
128 128
128 128
128 128
128 128
128 128
128 128
128 128
128 128
128 128
128 128
128 128
128 128
128 128
128 128
128 128
128 128
128 128
128 128
128 128
128 128
128 128
128 128
128 128
128 128
128 128
128 128
128 128
128 128
128 128
128 128
128 128
128 128
128 128
128 128
128 128
128 128
128 128
128 128
128 128
128 128
128 128
128 128
128 128
128 128
128 128
128 128
128 128
128 128
128 128
128 128
128 128
128 128
128 128
128 128
128 128
128 128
128 128
128 128
128 128
128 128
128 128
128 128
128 128
128 128
128 128
128 128
128 128
128 128
128 128
128 128
128 128
128 128
128 128
128 128
128 128
128 128
128 128
128 128
128 128
128 128
128 128
128 128
128 128
128 128
128 128
128 128
128 128
128 128
128 128
128 128
128 128
128 128
128 128
128 128
128 128
128 128
128 128
128 128
128 128
128 128
128 128
128 128
128 128
128 128
128 128
128 128
128 128
128 128
128 128
128 128
128 128
128 128
128 128
128 128
128 128
128 128
128 128
128 128
128 128
128 128
128 128
128 128
128 128
128 128
128 128
128 128
128 128
128 128
128 128
128 128
128 128
128 128
128 128
128 128
128 128
128 128
128 128
128 128
128 128
128 128
128 128
128 128
128 128
128 128
128 128
128 128
128 128
128 128
128 128
128 128
128 128
128 128
128 128
128 128
128 128
128 128
128 128
128 128
128 128
128 128
128 128
128 128
128 128
128 128
128 128
128 128
128 128
128 128
128 128
128 128
128 128
128 128
128 128
128 128
128 128
128 128
128 128
128 128
128 128
128 128
128 128
128 128
128 128
128 128
128 128
128 128
128 128
128 128
128 128
128 128
128 128
128 128
128 128
128 128
128 128
128 128
128 128
128 128
128 128
128 128
128 128
128 128
128 128
128 128
128 128
128 128
128 128
128 128
128 128
128 128
128 128
128 128
128 128
128 128
128 128
128 128
128 128
128 128
128 128
128 128
128 128
128 128
128 128
128 128
128 128
128 128
128 128
128 128
128 128
128 128
128 128
128 128
128 128
128 128
128 128
128 128
128 128
128 128
128 128
128 128
128 128
128 128
128 128
128 128
128 128
128 128
128 128
128 128
128 128
128 128
128 128
128 128
128 128
128 128
128 128
128 128
128 128
128 128
128 128
128 128
128 128
128 128
128 128
128 128
128 128
128 128
128 128
128 128
128 128
128 128
128 128
128 128
128 128
128 128
128 128
128 128
128 128
128 128
128 128
128 128
128 128
128 128
128 128
128 128
128 128
128 128
128 128
128 128
128 128
128 128
128 128
128 128
128 128
128 128
128 128
128 128
128 128
128 128
128 128
128 128
128 128
128 128
128 128
128 128
128 128
128 128
128 128
128 128
128 128
128 128
128 128
128 128
128 128
128 128
128 128
128 128
128 128
128 128
128 128
128 128
128 128
128 128
128 128
128 128
128 128
128 128
128 128
128 128
128 128
128 128
128 128
128 128
128 128
128 128
128 128
128 128
128 128
128 128
128 128
128 128
128 128
128 128
128 128
128 128
128 128
128 128
128 128
128 128
128 128
128 128
128 128
128 128
128 128
128 128
128 128
128 128
128 128
128 128
128 128
128 128
128 128
128 128
128 128
128 128
128 128
128 128
128 128
128 128
128 128
128 128
128 128
128 128
128 128
128 128
128 128
128 128
128 128
128 128
128 128
128 128
128 128
128 128
128 128
128 128
128 128
128 128
128 128
128 128
128 128
128 128
128 128
128 128
128 128
128 128
128 128
128 128
128 128
128 128
128 128
128 128
128 128
128 128
128 128
128 128
128 128
128 128
128 128
128 128
128 128
128 128
128 128
128 128
128 128
128 128
128 128
128 128
128 128
128 128
128 128
128 128
128 128
128 128
128 128
128 128
128 128
128 128
128 128
128 128
128 128
128 128
128 128
128 128
128 128
128 128
128 128
128 128
128 128
128 128
128 128
128 128
128 128
128 128
128 128
128 128
128 128
128 128
128 128
128 128
128 128
128 128
128 128
128 128
128 128
128 128
128 128
128 128
128 128
128 128
128 128
128 128
128 128
128 128
128 128
128 128
128 128
128 128
128 128
128 128
128 128
128 128
128 128
128 128
128 128
128 128
128 128
128 128
128 128
128 128
128 128
128 128
128 128
128 128
128 128
128 128
128 128
128 128
128 128
128 128
128 128
128 128
128 128
128 128
128 128
128 128
128 128
128 128
128 128
128 128
128 128
128 128
128 128
128 128
128 128
128 128
128 128
128 128
128 128
128 128
128 128
128 128
128 128
128 128
128 128
128 128
128 128
128 128
128 128
128 128
128 128
128 128
128 128
128 128
128 128
128 128
128 128
128 128
128 128
128 128
128 128
128 128
128 128
128 128
128 128
128 128
128 128
128 128
128 128
128 128
128 128
128 128
128 128
128 128
128 128
128 128
128 128
128 128
128 128
128 128
128 128
128 128
128 128
128 128
128 128
128 128
128 128
128 128
128 128
128 128
128 128
128 128
128 128
128 128
128 128
128 128
128 128
128 128
128 128
128 128
128 128
128 128
128 128
128 128
128 128
128 128
128 128
128 128
128 128
128 128
128 128
128 128
128 128
128 128
128 128
128 128
128 128
128 128
128 128
128 128
128 128
128 128
128 128
128 128
128 128
128 128
128 128
128 128
128 128
128 128
128 128
128 128
128 128
128 128
128 128
128 128
128 128
128 128
128 128
128 128
128 128
128 128
128 128
128 128
128 128
128 128
128 128
128 128
128 128
128 128
128 128
128 128
128 128
128 128
128 128
128 128
128 128
128 128
128 128
128 128
128 128
128 128
128 128
128 128
128 128
128 128
128 128
128 128
128 128
128 128
128 128
128 128
128 128
128 128
128 128
128 128
128 128
128 128
128 128
128 128
128 128
128 128
128 128
128 128
128 128
128 128
128 128
128 128
128 128
128 128
128 128
128 128
128 128
128 128
128 128
128 128
128 128
128 128
128 128
128 128
128 128
128 128
128 128
128 128
128 128
128 128
128 128
128 128
128 128
128 128
128 128
128 128
128 128
128 128
128 128
128 128
128 128
128 128
128 128
128 128
128 128
128 128
128 128
128 128
128 128
128 128
128 128
128 128
128 128
128 128
128 128
128 128
128 128
128 128
128 128
128 128
128 128
128 128
128 128
128 128
128 128
128 128
128 128
128 128
128 128
128 128
128 128
128 128
128 128
128 128
128 128
128 128
128 128
128 128
128 128
128 128
128 128
128 128
128 128
128 128
128 128
128 128
128 128
128 128
128 128
128 128
128 128
128 128
128 128
128 128
128 128
128 128
128 128
128 128
128 128
128 128
128 128
128 128
128 128
128 128
128 128
128 128
128 128
128 128
128 128
128 128
128 128
128 128
128 128
128 128
128 128
128 128
128 128
128 128
128 128
128 128
128 128
128 128
128 128
128 128
128 128
128 128
128 128
128 128
128 128
128 128
128 128
128 128
128 128
128 128
128 128
128 128
128 128
128 128
128 128
128 128
128 128
128 128
128 128
128 128
128 128
128 128
128 128
128 128
128 128
128 128
128 128
128 128
128 128
128 128
128 128
128 128
128 128
128 128
128 128
128 128
128 128
128 128
128 128
128 128
128 128
128 128
128 128
128 128
128 128
128 128
128 128
128 128
128 128
128 128
128 128
128 128
128 128
128 128
128 128
128 128
128 128
128 128
128 128
128 128
128 128
128 128
128 128
128 128
128 128
128 128
128 128
128 128
128 128
128 128
128 128
128 128
128 128
128 128
128 128
128 128
128 128
128 128
128 128
128 128
128 128
128 128
128 128
128 128
128 128
128 128
128 128
128 128
128 128
128 128
128 128
128 128
128 128
128 128
128 128
128 128
128 128
128 128
128 128
128 128
128 128
128 128
128 128
128 128
128 128
128 128
128 128
128 128
128 128
128 128
128 128
128 128
128 128
128 128
128 128
128 128
128 128
128 128
128 128
128 128
128 128
128 128
128 128
128 128
128 128
128 128
128 128
128 128
128 128
128 128
128 128
128 128
128 128
128 128
128 128
128 128
128 128
128 128
128 128
128 128
128 128
128 128
128 128
128 128
128 128
128 128
128 128
128 128
128 128
128 128
128 128
128 128
128 128
128 128
128 128
128 128
128 128
128 128
128 128
128 128
128 128
128 128
128 128
128 128
128 128
128 128
128 128
128 128
128 128
128 128
128 128
128 128
128 128
128 128
128 128
128 128
128 128
128 128
128 128
128 128
128 128
128 128
128 128
128 128
128 128
128 128
128 128
128 128
128 128
128 128
128 128
128 128
128 128
128 128
128 128
128 128
128 128
128 128
128 128
128 128
128 128
128 128
128 128
128 128
128 128
128 128
128 128
128 128
128 128
128 128
128 128
128 128
128 128
128 128
128 128
128 128
128 128
128 128
128 128
128 128
128 128
128 128
128 128
128 128
128 128
128 128
128 128
128 128
128 128
128 128
128 128
128 128
128 128
128 128
128 128
128 128
128 128
128 128
128 128
128 128
128 128
128 128
128 128
128 128
128 128
128 128
128 128
128 128
128 128
128 128
128 128
128 128
128 128
128 128
128 128
128 128
128 128
128 128
128 128
128 128
128 128
128 128
128 128
128 128
128 128
128 128
128 128
128 128
128 128
128 128
128 128
128 128
128 128
128 128
128 128
128 128
128 128
128 128
128 128
128 128
128 128
128 128
128 128
128 128
128 128
128 128
128 128
128 128
128 128
128 128
128 128
128 128
128 128
128 128
128 128
128 128
128 128
128 128
128 128
128 128
128 128
128 128
128 128
128 128
128 128
128 128
128 128
128 128
128 128
128 128
128 128
128 128
128 128
128 128
128 128
128 128
128 128
128 128
128 128
128 128
128 128
128 128
128 128
128 128
128 128
128 128
128 128
128 128
128 128
128 128
128 128
128 128
128 128
128 128
128 128
128 128
128 128
128 128
128 128
128 128
128 128
128 128
128 128
128 128
128 128
128 128
128 128
128 128
128 128
128 128
128 128
128 128
128 128
128 128
128 128
128 128
128 128
128 128
128 128
128 128
128 128
128 128
128 128
128 128
128 128
128 128
128 128
128 128
128 128
128 128
128 128
128 128
128 128
128 128
128 128
128 128
128 128
128 128
128 128
128 128
128 128
128 128
128 128
128 128
128 128
128 128
128 128
128 128
128 128
128 128
128 128
128 128
128 128
128 128
128 128
128 128
128 128
128 128
128 128
128 128
128 128
128 128
128 128
128 128
128 128
128 128
128 128
128 128
128 128
128 128
128 128
128 128
128 128
128 128
128 128
128 128
128 128
128 128
128 128
128 128
128 128
128 128
128 128
128 128
128 128
128 128
128 128
128 128
128 128
128 128
128 128
128 128
128 128
128 128
128 128
128 128
128 128
128 128
128 128
128 128
128 128
128 128
128 128
128 128
128 128
128 128
128 128
128 128
128 128
128 128
128 128
128 128
128 128
128 128
128 128
128 128
128 128
128 128
128 128
128 128
128 128
128 128
128 128
128 128
128 128
128 128
128 128
128 128
128 128
128 128
128 128
128 128
128 128
128 128
128 128
128 128
128 128
128 128
128 128
128 128
128 128
128 128
128 128
128 128
128 128
128 128
128 128
128 128
128 128
128 128
128 128
128 128
128 128
128 128
128 128
128 128
128 128
128 128
128 128
128 128
128 128
128 128
128 128
128 128
128 128
128 128
128 128
128 128
128 128
128 128
128 128
128 128
128 128
128 128
128 128
128 128
128 128
128 128
128 128
128 128
128 128
128 128
128 128
128 128
128 128
128 128
128 128
128 128
128 128
128 128
128 128
128 128
128 128
128 128
128 128
128 128
128 128
128 128
128 128
128 128
128 128
128 128
128 128
128 128
128 128
128 128
128 128
128 128
128 128
128 128
128 128
128 128
128 128
128 128
128 128
128 128
128 128
128 128
128 128
128 128
128 128
128 128
128 128
128 128
128 128
128 128
128 128
128 128
128 128
128 128
128 128
128 128
128 128
128 128
128 128
128 128
128 128
128 128
128 128
128 128
128 128
128 128
128 128
128 128
128 128
128 128
128 128
128 128
128 128
128 128
128 128
128 128
128 128
128 128
128 128
128 128
128 128
128 128
128 128
128 128
128 128
128 128
128 128
128 128
128 128
128 128
128 128
128 128
128 128
128 128
128 128
128 128
128 128
128 128
128 128
128 128
128 128
128 128
128 128
128 128
128 128
128 128
128 128
128 128
128 128
128 128
128 128
128 128
128 128
128 128
128 128
128 128
128 128
128 128
128 128
128 128
128 128
128 128
128 128
128 128
128 128
128 128
128 128
128 128
128 128
128 128
128 128
128 128
128 128
128 128
128 128
128 128
128 128
128 128
128 128
128 128
128 128
128 128
128 128
128 128
128 128
128 128
128 128
128 128
128 128
128 128
128 128
128 128
128 128
128 128
128 128
128 128
128 128
128 128
128 128
128 128
128 128
128 128
128 128
128 128
128 128
128 128
128 128
128 128
128 128
128 128
128 128
128 128
128 128
128 128
128 128
128 128
128 128
128 128
128 128
128 128
128 128
128 128
128 128
128 128
128 128
128 128
128 128
128 128
128 128
128 128
128 128
128 128
128 128
128 128
128 128
128 128
128 128
128 128
128 128
128 128
128 128
128 128
128 128
128 128
128 128
128 128
128 128
128 128
128 128
128 128
128 128
128 128
128 128
128 128
128 128
128 128
128 128
128 128
128 128
128 128
128 128
128 128
128 128
128 128
128 128
128 128
128 128
128 128
128 128
128 128
128 128
128 128
128 128
128 128
128 128
128 128
128 128
128 128
128 128
128 128
128 128
128 128
128 128
128 128
128 128
128 128
128 128
128 128
128 128
128 128
128 128
128 128
128 128
128 128
128 128
128 128
128 128
128 128
128 128
128 128
128 128
128 128
128 128
128 128
128 128
128 128
128 128
128 128
128 128
128 128
128 128
128 128
128 128
128 128
128 128
128 128
128 128
128 128
128 128
128 128
128 128
128 128
128 128
128 128
128 128
128 128
128 128
128 128
128 128
128 128
128 128
128 128
128 128
128 128
128 128
128 128
128 128
128 128
128 128
128 128
128 128
128 128
128 128
128 128
128 128
128 128
128 128
128 128
128 128
128 128
128 128
128 128
128 128
128 128
128 128
128 128
128 128
128 128
128 128
128 128
128 128
128 128
128 128
128 128
128 128
128 128
128 128
128 128
128 128
128 128
128 128
128 128
128 128
128 128
128 128
128 128
128 128
128 128
128 128
128 128
128 128
128 128
128 128
128 128
128 128
128 128
128 128
128 128
128 128
128 128
128 128
128 128
128 128
128 128
128 128
128 128
128 128
128 128
128 128
128 128
128 128
128 128
128 128
128 128
128 128
128 128
128 128
128 128
128 128
128 128
128 128
128 128
128 128
128 128
128 128
128 128
128 128
128 128
128 128
128 128
128 128
128 128
128 128
128 128
128 128
128 128
128 128
128 128
128 128
128 128
128 128
128 128
128 128
128 128
128 128
128 128
128 128
128 128
128 128
128 128
128 128
128 128
128 128
128 128
128 128
128 128
128 128
128 128
128 128
128 128
128 128
128 128
128 128
128 128
128 128
128 128
128 128
128 128
128 128
128 128
128 128
128 128
128 128
128 128
128 128
128 128
128 128
128 128
128 128
128 128
128 128
128 128
128 128
128 128
128 128
128 128
128 128
128 128
128 128
128 128
128 128
128 128
128 128
128 128
128 128
128 128
128 128
128 128
128 128
128 128
128 128
128 128
128 128
128 128
128 128
128 128
128 128
128 128
128 128
128 128
128 128
128 128
128 128
128 128
128 128
128 128
128 128
128 128
128 128
128 128
128 128
128 128
128 128
128 128
128 128
128 128
128 128
128 128
128 128
128 128
128 128
128 128
128 128
128 128
128 128
128 128
128 128
128 128
128 128
128 128
128 128
128 128
128 128
128 128
128 128
128 128
128 128
128 128
128 128
128 128
128 128
128 128
128 128
128 128
128 128
128 128
128 128
128 128
128 128
128 128
128 128
128 128
128 128
128 128
128 128
128 128
128 128
128 128
128 128
128 128
128 128
128 128
128 128
128 128
128 128
128 128
128 128
128 128
128 128
128 128
128 128
128 128
128 128
128 128
128 128
128 128
128 128
128 128
128 128
128 128
128 128
128 128
128 128
128 128
128 128
128 128
128 128
128 128
128 128
128 128
128 128
128 128
128 128
128 128
128 128
128 128
128 128
128 128
128 128
128 128
128 128
128 128
128 128
128 128
128 128
128 128
128 128
128 128
128 128
128 128
128 128
128 128
128 128
128 128
128 128
128 128
128 128
128 128
128 128
128 128
128 128
128 128
128 128
128 128
128 128
128 128
128 128
128 128
128 128
128 128
128 128
128 128
128 128
128 128
128 128
128 128
128 128
128 128
128 128
128 128
128 128
128 128
128 128
128 128
128 128
128 128
128 128
128 128
128 128
128 128
128 128
128 128
128 128
128 128
128 128
128 128
128 128
128 128
128 128
128 128
128 128
128 128
128 128
128 128
128 128
128 128
128 128
128 128
128 128
128 128
128 128
128 128
128 128
128 128
128 128
128 128
128 128
128 128
128 128
128 128
128 128
128 128
128 128
128 128
128 128
128 128
128 128
128 128
128 128
128 128
128 128
128 128
128 128
128 128
128 128
128 128
128 128
128 128
128 128
128 128
128 128
128 128
128 128
128 128
128 128
128 128
128 128
128 128
128 128
128 128
128 128
128 128
128 128
128 128
128 128
128 128
128 128
128 128
128 128
128 128
128 128
128 128
128 128
128 128
128 128
128 128
128 128
128 128
128 128
128 128
128 128
128 128
128 128
128 128
128 128
128 128
128 128
128 128
128 128
128 128
128 128
128 128
128 128
128 128
128 128
128 128
128 128
128 128
128 128
128 128
128 128
128 128
128 128
128 128
128 128
128 128
128 128
128 128
128 128
128 128
128 128
128 128
128 128
128 128
128 128
128 128
128 128
128 128
128 128
128 128
128 128
128 128
128 128
128 128
128 128
128 128
128 128
128 128
128 128
128 128
128 128
128 128
128 128
128 128
128 128
128 128
128 128
128 128
128 128
128 128
128 128
128 128
128 128
128 128
128 128
128 128
128 128
128 128
128 128
128 128
128 128
128 128
128 128
128 128
128 128
128 128
128 128
128 128
128 128
128 128
128 128
128 128
128 128
128 128
128 128
128 128
128 128
128 128
128 128
128 128
128 128
128 128
128 128
128 128
128 128
128 128
128 128
128 128
128 128
128 128
128 128
128 128
128 128
128 128
128 128
128 128
128 128
128 128
128 128
128 128
128 128
128 128
128 128
128 128
128 128
128 128
128 128
128 128
128 128
128 128
128 128
128 128
128 128
128 128
128 128
128 128
128 128
128 128
128 128
128 128
128 128
128 128
128 128
128 128
128 128
128 128
128 128
128 128
128 128
128 128
128 128
128 128
128 128
128 128
128 128
128 128
128 128
128 128
128 128
128 128
128 128
128 128
128 128
128 128
128 128
128 128
128 128
128 128
128 128
128 128
128 128
128 128
128 128
128 128
128 128
128 128
128 128
128 128
128 128
128 128
128 128
128 128
128 128
128 128
128 128
128 128
128 128
128 128
128 128
128 128
128 128
128 128
128 128
128 128
128 128
128 128
128 128
128 128
128 128
128 128
128 128
128 128
128 128
128 128
128 128
128 128
128 128
128 128
128 128
128 128
128 128
128 128
128 128
128 128
128 128
128 128
128 128
128 128
128 128
128 128
128 128
128 128
128 128
128 128
128 128
128 128
128 128
128 128
128 128
128 128
128 128
128 128
128 128
128 128
128 128
128 128
128 128
128 128
128 128
128 128
128 128
128 128
128 128
128 128
128 128
128 128
128 128
128 128
128 128
128 128
128 128
128 128
128 128
128 128
128 128
128 128
128 128
128 128
128 128
128 128
128 128
128 128
128 128
128 128
128 128
128 128
128 128
128 128
128 128
128 128
128 128
128 128
128 128
128 128
128 128
128 128
128 128
128 128
128 128
128 128
128 128
128 128
128 128
128 128
128 128
128 128
128 128
128 128
128 128
128 128
128 128
128 128
128 128
128 128
128 128
128 128
128 128
128 128
128 128
128 128
128 128
128 128
128 128
128 128
128 128
128 128
128 128
128 128
128 128
128 128
128 128
128 128
128 128
128 128
128 128
128 128
128 128
128 128
128 128
128 128
128 128
128 128
128 128
128 128
128 128
128 128
128 128
128 128
128 128
128 128
128 128
128 128
128 128
128 128
128 128
128 128
128 128
128 128
128 128
128 128
128 128
128 128
128 128
128 128
128 128
128 128
128 128
128 128
128 128
128 128
128 128
128 128
128 128
128 128
128 128
128 128
128 128
128 128
128 128
128 128
128 128
128 128
128 128
128 128
128 128
128 128
128 128
128 128
128 128
128 128
128 128
128 128
128 128
128 128
128 128
128 128
128 128
128 128
128 128
128 128
128 128
128 128
128 128
128 128
128 128
128 128
128 128
128 128
128 128
128 128
128 128
128 128
128 128
128 128
128 128
128 128
128 128
128 128
128 128
128 128
128 128
128 128
128 128
128 128
128 128
128 128
128 128
128 128
128 128
128 128
128 128
128 128
128 128
128 128
128 128
128 128
128 128
128 128
128 128
128 128
128 128
128 128
128 128
128 128
128 128
128 128
128 128
128 128
128 128
128 128
128 128
128 128
128 128
128 128
128 128
128 128
128 128
128 128
128 128
128 128
128 128
128 128
128 128
128 128
128 128
128 128
128 128
128 128
128 128
128 128
128 128
128 128
128 128
128 128
128 128
128 128
128 128
128 128
128 128
128 128
128 128
128 128
128 128
128 128
128 128
128 128
128 128
128 128
128 128
128 128
128 128
128 128
128 128
128 128
128 128
128 128
128 128
128 128
128 128
128 128
128 128
128 128
128 128
128 128
128 128
128 128
128 128
128 128
128 128
128 128
128 128
128 128
128 128
128 128
128 128
128 128
128 128
128 128
128 128
128 128
128 128
128 128
128 128
128 128
128 128
128 128
128 128
128 128
128 128
128 128
128 128
128 128
128 128
128 128
128 128
128 128
128 128
128 128
128 128
128 128
128 128
128 128
128 128
128 128
128 128
128 128
128 128
128 128
128 128
128 128
128 128
128 128
128 128
128 128
128 128
128 128
128 128
128 128
128 128
128 128
128 128
128 128
128 128
128 128
128 128
128 128
128 128
128 128
128 128
128 128
128 128
128 128
128 128
128 128
128 128
128 128
128 128
128 128
128 128
128 128
128 128
128 128
128 128
128 128
128 128
128 128
128 128
128 128
128 128
128 128
128 128
128 128
128 128
128 128
128 128
128 128
128 128
128 128
128 128
128 128
128 128
128 128
128 128
128 128
128 128
128 128
128 128
128 128
128 128
128 128
128 128
128 128
128 128
128 128
128 128
128 128
128 128
128 128
128 128
128 128
128 128
128 128
128 128
128 128
128 128
128 128
128 128
128 128
128 128
128 128
128 128
128 128
128 128
128 128
128 128
128 128
128 128
128 128
128 128
128 128
128 128
128 128
128 128
128 128
128 128
128 128
128 128
128 128
128 128
128 128
128 128
128 128
128 128
128 128
128 128
128 128
128 128
128 128
128 128
128 128
128 128
128 128
128 128
128 128
128 128
128 128
128 128
128 128
128 128
128 128
128 128
128 128
128 128
128 128
128 128
128 128
128 128
128 128
128 128
128 128
128 128
128 128
128 128
128 128
128 128
128 128
128 128
128 128
128 128
128 128
128 128
128 128
128 128
128 128
128 128
128 128
128 128
128 128
128 128
128 128
128 128
128 128
128 128
128 128
128 128
128 128
128 128
128 128
128 128
128 128
128 128
128 128
128 128
128 128
128 128
128 128
128 128
128 128
128 128
128 128
128 128
128 128
128 128
128 128
128 128
128 128
128 128
128 128
128 128
128 128
128 128
128 128
128 128
128 128
128 128
128 128
128 128
128 128
128 128
128 128
128 128
128 128
128 128
128 128
128 128
128 128
128 128
128 128
128 128
128 128
128 128
128 128
128 128
128 128
128 128
128 128
128 128
128 128
128 128
128 128
128 128
128 128
128 128
128 128
128 128
128 128
128 128
128 128
128 128
128 128
128 128
128 128
128 128
128 128
128 128
128 128
128 128
128 128
128 128
128 128
128 128
128 128
128 128
128 128
128 128
128 128
128 128
128 128
128 128
128 128
128 128
128 128
128 128
128 128
128 128
128 128
128 128
128 128
128 128
128 128
128 128
128 128
128 128
128 128
128 128
128 128
128 128
128 128
128 128
128 128
128 128
128 128
128 128
128 128
128 128
128 128
128 128
128 128
128 128
128 128
128 128
128 128
128 128
128 128
128 128
128 128
128 128
128 128
128 128
128 128
128 128
128 128
128 128
128 128
128 128
128 128
128 128
128 128
128 128
128 128
128 128
128 128
128 128
128 128
128 128
128 128
128 128
128 128
128 128
128 128
128 128
128 128
128 128
128 128
128 128
128 128
128 128
128 128
128 128
128 128
128 128
128 128
128 128
128 128
128 128
128 128
128 128
128 128
128 128
128 128
128 128
128 128
128 128
128 128
128 128
128 128
128 128
128 128
128 128
128 128
128 128
128 128
128 128
128 128
128 128
128 128
128 128
128 128
128 128
128 128
128 128
128 128
128 128
128 128
128 128
128 128
128 128
128 128
128 128
128 128
128 128
128 128
128 128
128 128
128 128
128 128
128 128
128 128
128 128
128 128
128 128
128 128
128 128
128 128
128 128
128 128
128 128
128 128
128 128
128 128
128 128
128 128
128 128
128 128
128 128
128 128
128 128
128 128
128 128
128 128
128 128
128 128
128 128
128 128
128 128
128 128
128 128
128 128
128 128
128 128
128 128
128 128
128 128
128 128
128 128
128 128
128 128
128 128
128 128
128 128
128 128
128 128
128 128
128 128
128 128
128 128
128 128
128 128
128 128
128 128
128 128
128 128
128 128
128 128
128 128
128 128
128 128
128 128
128 128
128 128
128 128
128 128
128 128
128 128
128 128
128 128
128 128
128 128
128 128
128 128
128 128
128 128
128 128
128 128
128 128
128 128
128 128
128 128
128 128
128 128
128 128
128 128
128 128
128 128
128 128
128 128
128 128
128 128
128 128
128 128
128 128
128 128
128 128
128 128
128 128
128 128
128 128
128 128
128 128
128 128
128 128
128 128
128 128
128 128
128 128
128 128
128 128
128 128
128 128
128 128
128 128
128 128
128 128
128 128
128 128
128 128
128 128
128 128
128 128
128 128
128 128
128 128
128 128
128 128
128 128
128 128
128 128
128 128
128 128
128 128
128 128
128 128
128 128
128 128
128 128
128 128
128 128
128 128
128 128
128 128
128 128
128 128
128 128
128 128
128 128
128 128
128 128
128 128
128 128
128 128
128 128
128 128
128 128
128 128
128 128
128 128
128 128
128 128
128 128
128 128
128 128
128 128
128 128
128 128
128 128
128 128
128 128
128 128
128 128
128 128
128 128
128 128
128 128
128 128
128 128
128 128
128 128
128 128
128 128
128 128
128 128
128 128
128 128
128 128
128 128
128 128
128 128
128 128
128 128
128 128
128 128
128 128
128 128
128 128
128 128
128 128
128 128
128 128
128 128
128 128
128 128
128 128
128 128
128 128
128 128
128 128
128 128
128 128
128 128
128 128
128 128
128 128
128 128
128 128
128 128
128 128
128 128
128 128
128 128
128 128
128 128
128 128
128 128
128 128
128 128
128 128
128 128
128 128
128 128
128 128
128 128
128 128
128 128
128 128
128 128
128 128
128 128
128 128
128 128
128 128
128 128
128 128
128 128
128 128
128 128
128 128
128 128
128 128
128 128
128 128
128 128
128 128
128 128
128 128
128 128
128 128
128 128
128 128
128 128
128 128
128 128
128 128
128 128
128 128
128 128
128 128
128 128
128 128
128 128
128 128
128 128
128 128
128 128
128 128
128 128
128 128
128 128
128 128
128 128
128 128
128 128
128 128
128 128
128 128
128 128
128 128
128 128
128 128
128 128
128 128
128 128
128 128
128 128
128 128
128 128
128 128
128 128
128 128
128 128
128 128
128 128
128 128
128 128
128 128
128 128
128 128
128 128
128 128
128 128
128 128
128 128
128 128
128 128
128 128
128 128
128 128
128 128
128 128
128 128
128 128
128 128
128 128
128 128
128 128
128 128
128 128
128 128
128 128
128 128
128 128
128 128
128 128
128 128
128 128
128 128
128 128
128 128
128 128
128 128
128 128
128 128
128 128
128 128
128 128
128 128
128 128
128 128
128 128
128 128
128 128
128 128
128 128
128 128
128 128
128 128
128 128
128 128
128 128
128 128
128 128
128 128
128 128
128 128
128 128
128 128
128 128
128 128
128 128
128 128
128 128
128 128
128 128
128 128
128 128
128 128
128 128
128 128
128 128
128 128
128 128
128 128
128 128
128 128
128 128
128 128
128 128
128 128
128 128
128 128
128 128
128 128
128 128
128 128
128 128
128 128
128 128
128 128
128 128
128 128
128 128
128 128
128 128
128 128
128 128
128 128
128 128
128 128
128 128
128 128
128 128
128 128
128 128
128 128
128 128
128 128
128 128
128 128
128 128
128 128
128 128
128 128
128 128
128 128
128 128
128 128
128 128
128 128
128 128
128 128
128 128
128 128
128 128
128 128
128 128
128 128
128 128
128 128
128 128
128 128
128 128
128 128
128 128
128 128
128 128
128 128
128 128
128 128
128 128
128 128
128 128
128 128
128 128
128 128
128 128
128 128
128 128
128 128
128 128
128 128
128 128
128 128
128 128
128 128
128 128
128 128
128 128
128 128
128 128
128 128
128 128
128 128
128 128
128 128
128 128
128 128
128 128
128 128
128 128
128 128
128 128
128 128
128 128
128 128
128 128
128 128
128 128
128 128
128 128
128 128
128 128
128 128
128 128
128 128
128 128
128 128
128 128
128 128
128 128
128 128
128 128
128 128
128 128
128 128
128 128
128 128
128 128
128 128
128 128
128 128
128 128
128 128
128 128
128 128
128 128
128 128
128 128
128 128
128 128
128 128
128 128
128 128
128 128
128 128
128 128
128 128
128 128
128 128
128 128
128 128
128 128
128 128
128 128
128 128
128 128
128 128
128 128
128 128
128 128
128 128
128 128
128 128
128 128
128 128
128 128
128 128
128 128
128 128
128 128
128 128
128 128
128 128
128 128
128 128
128 128
128 128
128 128
128 128
128 128
128 128
128 128
128 128
128 128
128 128
128 128
128 128
128 128
128 128
128 128
128 128
128 128
128 128
128 128
128 128
128 128
128 128
128 128
128 128
128 128
128 128
128 128
128 128
128 128
128 128
128 128
128 128
128 128
128 128
128 128
128 128
128 128
128 128
128 128
128 128
128 128
128 128
128 128
128 128
128 128
128 128
128 128
128 128
128 128
128 128
128 128
128 128
128 128
128 128
128 128
128 128
128 128
128 128
128 128
128 128
128 128
128 128
128 128
128 128
128 128
128 128
128 128
128 128
128 128
128 128
128 128
128 128
128 128
128 128
128 128
128 128
128 128
128 128
128 128
128 128
128 128
128 128
128 128
128 128
128 128
128 128
128 128
128 128
128 128
128 128
128 128
128 128
128 128
128 128
128 128
128 128
128 128
128 128
128 128
128 128
128 128
128 128
128 128
128 128
128 128
128 128
128 128
128 128
128 128
128 128
128 128
128 128
128 128
128 128
128 128
128 128
128 128
128 128
128 128
128 128
128 128
128 128
128 128
128 128
128 128
128 128
128 128
128 128
128 128
128 128
128 128
128 128
128 128
128 128
128 128
128 128
128 128
128 128
128 128
128 128
128 128
128 128
128 128
128 128
128 128
128 128
128 128
128 128
128 128
128 128
128 128
128 128
128 128
128 128
128 128
128 128
128 128
128 128
128 128
128 128
128 128
128 128
128 128
128 128
128 128
128 128
128 128
128 128
128 128
128 128
128 128
128 128
128 128
128 128
128 128
128 128
128 128
128 128
128 128
128 128
128 128
128 128
128 128
128 128
128 128
128 128
128 128
128 128
128 128
128 128
128 128
128 128
128 128
128 128
128 128
128 128
128 128
128 128
128 128
128 128
128 128
128 128
128 128
128 128
128 128
128 128
128 128
128 128
128 128
128 128
128 128
128 128
128 128
128 128
128 128
128 128
128 128
128 128
128 128
128 128
128 128
128 128
128 128
128 128
128 128
128 128
128 128
128 128
128 128
128 128
128 128
128 128
128 128
128 128
128 128
128 128
128 128
128 128
128 128
128 128
128 128
128 128
128 128
128 128
128 128
128 128
128 128
128 128
128 128
128 128
128 128
128 128
128 128
128 128
128 128
128 128
128 128
128 128
128 128
128 128
128 128
128 128
128 128
128 128
128 128
128 128
128 128
128 128
128 128
128 128
128 128
128 128
128 128
128 128
128 128
128 128
128 128
128 128
128 128
128 128
128 128
128 128
128 128
128 128
128 128
128 128
128 128
128 128
128 128
128 128
128 128
128 128
128 128
128 128
128 128
128 128
128 128
128 128
128 128
128 128
128 128
128 128
128 128
128 128
128 128
128 128
128 128
128 128
128 128
128 128
128 128
128 128
128 128
128 128
128 128
128 128
128 128
128 128
128 128
128 128
128 128
128 128
128 128
128 128
128 128
128 128
128 128
128 128
128 128
128 128
128 128
128 128
128 128
128 128
128 128
128 128
128 128
128 128
128 128
128 128
128 128
128 128
128 128
128 128
128 128
128 128
128 128
128 128
128 128
128 128
128 128
128 128
128 128
128 128
128 128
128 128
128 128
128 128
128 128
128 128
128 128
128 128
128 128
128 128
128 128
128 128
128 128
128 128
128 128
128 128
128 128
128 128
128 128
128 128
128 128
128 128
128 128
128 128
128 128
128 128
128 128
128 128
128 128
128 128
128 128
128 128
128 128
128 128
128 128
128 128
128 128
128 128
128 128
128 128
128 128
128 128
128 128
128 128
128 128
128 128
128 128
128 128
128 128
128 128
128 128
128 128
128 128
128 128
128 128
128 128
128 128
128 128
128 128
128 128
128 128
128 128
128 128
128 128
128 128
128 128
128 128
128 128
128 128
128 128
128 128
128 128
128 128
128 128
128 128
128 128
128 128
128 128
128 128
128 128
128 128
128 128
128 128
128 128
128 128
128 128
128 128
128 128
128 128
128 128
128 128
128 128
128 128
128 128
128 128
128 128
128 128
128 128
128 128
128 128
128 128
128 128
128 128
128 128
128 128
128 128
128 128
128 128
128 128
128 128
128 128
128 128
128 128
128 128
128 128
128 128
128 128
128 128
128 128
128 128
128 128
128 128
128 128
128 128
128 128
128 128
128 128
128 128
128 128
128 128
128 128
128 128
128 128
128 128
128 128
128 128
128 128
128 128
128 128
128 128
128 128
128 128
128 128
128 128
128 128
128 128
128 128
128 128
128 128
128 128
128 128
128 128
128 128
128 128
128 128
128 128
128 128
128 128
128 128
128 128
128 128
128 128
128 128
128 128
128 128
128 128
128 128
128 128
128 128
128 128
128 128
128 128
128 128
128 128
128 128
128 128
128 128
128 128
128 128
128 128
128 128
128 128
128 128
128 128
128 128
128 128
128 128
128 128
128 128
128 128
128 128
128 128
128 128
128 128
128 128
128 128
128 128
128 128
128 128
128 128
128 128
128 128
128 128
128 128
128 128
128 128
128 128
128 128
128 128
128 128
128 128
128 128
128 128
128 128
128 128
128 128
128 128
128 128
128 128
128 128
128 128
128 128
128 128
128 128
128 128
128 128
128 128
128 128
128 128
128 128
128 128
128 128
128 128
128 128
128 128
128 128
128 128
128 128
128 128
128 128
128 128
128 128
128 128
128 128
128 128
128 128
128 128
128 128
128 128
128 128
128 128
128 128
128 128
128 128
128 128
128 128
128 128
128 128
128 128
128 128
128 128
128 128
128 128
128 128
128 128
128 128
128 128
128 128
128 128
128 128
128 128
128 128
128 128
128 128
128 128
128 128
128 128
128 128
128 128
128 128
128 128
128 128
128 128
128 128
128 128
128 128
128 128
128 128
128 128
128 128
128 128
128 128
128 128
128 128
128 128
128 128
128 128
128 128
128 128
128 128
128 128
128 128
128 128
128 128
128 128
128 128
128 128
128 128
128 128
128 128
128 128
128 128
128 128
128 128
128 128
128 128
128 128
128 128
128 128
128 128
128 128
128 128
128 128
128 128
128 128
128 128
128 128
128 128
128 128
128 128
128 128
128 128
128 128
128 128
128 128
128 128
128 128
128 128
128 128
128 128
128 128
128 128
128 128
128 128
128 128
128 128
128 128
128 128
128 128
128 128
128 128
128 128
128 128
128 128
128 128
128 128
128 128
128 128
128 128
128 128
128 128
128 128
128 128
128 128
128 128
128 128
128 128
128 128
128 128
128 128
128 128
128 128
128 128
128 128
128 128
128 128
128 128
128 128
128 128
128 128
128 128
128 128
128 128
128 128
128 128
128 128
128 128
128 128
128 128
128 128
128 128
128 128
128 128
128 128
128 128
128 128
128 128
128 128
128 128
128 128
128 128
128 128
128 128
128 128
128 128
128 128
128 128
128 128
128 128
128 128
128 128
128 128
128 128
128 128
128 128
128 128
128 128
128 128
128 128
128 128
128 128
128 128
128 128
128 128
128 128
128 128
128 128
128 128
128 128
128 128
128 128
128 128
128 128
128 128
128 128
128 128
128 128
128 128
128 128
128 128
128 128
128 128
128 128
128 128
128 128
128 128
128 128
128 128
128 128
128 128
128 128
128 128
128 128
128 128
128 128
128 128
128 128
128 128
128 128
128 128
128 128
128 128
128 128
128 128
128 128
128 128
128 128
128 128
128 128
128 128
128 128
128 128
128 128
128 128
128 128
128 128
128 128
128 128
128 128
128 128
128 128
128 128
128 128
128 128
128 128
128 128
128 128
128 128
128 128
128 128
128 128
128 128
128 128
128 128
128 128
128 128
128 128
128 128
128 128
128 128
128 128
128 128
128 128
128 128
128 128
128 128
128 128
128 128
128 128
128 128
128 128
128 128
128 128
128 128
128 128
128 128
128 128
128 128
128 128
128 128
128 128
128 128
128 128
128 128
128 128
128 128
128 128
128 128
128 128
128 128
128 128
128 128
128 128
128 128
128 128
128 128
128 128
128 128
128 128
128 128
128 128
128 128
128 128
128 128
128 128
128 128
128 128
128 128
128 128
128 128
128 128
128 128
128 128
128 128
128 128
128 128
128 128
128 128
128 128
128 128
128 128
128 128
128 128
128 128
128 128
128 128
128 128
128 128
128 128
128 128
128 128
128 128
128 128
128 128
128 128
128 128
128 128
128 128
128 128
128 128
128 128
128 128
128 128
128 128
128 128
128 128
128 128
128 128
128 128
128 128
128 128
128 128
128 128
128 128
128 128
128 128
128 128
128 128
128 128
128 128
128 128
128 128
128 128
128 128
128 128
128 128
128 128
128 128
128 128
128 128
128 128
128 128
128 128
128 128
128 128
128 128
128 128
128 128
128 128
128 128
128 128
128 128
128 128
128 128
128 128
128 128
128 128
128 128
128 128
128 128
128 128
128 128
128 128
128 128
128 128
128 128
128 128
128 128
128 128
128 128
128 128
128 128
128 128
128 128
128 128
128 128
128 128
128 128
128 128
128 128
128 128
128 128
128 128
128 128
128 128
128 128
128 128
128 128
128 128
128 128
128 128
128 128
128 128
128 128
128 128
128 128
128 128
128 128
128 128
128 128
128 128
128 128
128 128
128 128
128 128
128 128
128 128
128 128
128 128
128 128
128 128
128 128
128 128
128 128
128 128
128 128
128 128
128 128
128 128
128 128
128 128
128 128
128 128
128 128
128 128
128 128
128 128
128 128
128 128
128 128
128 128
128 128
128 128
128 128
128 128
128 128
128 128
128 128
128 128
128 128
128 128
128 128
128 128
128 128
128 128
128 128
128 128
128 128
128 128
128 128
128 128
128 128
128 128
128 128
128 128
128 128
128 128
128 128
128 128
128 128
128 128
128 128
128 128
128 128
128 128
128 128
128 128
128 128
128 128
128 128
128 128
128 128
128 128
128 128
128 128
128 128
128 128
128 128
128 128
128 128
128 128
128 128
128 128
128 128
128 128
128 128
128 128
128 128
128 128
128 128
128 128
128 128
128 128
128 128
128 128
128 128
128 128
128 128
128 128
128 128
128 128
128 128
128 128
128 128
128 128
128 128
128 128
128 128
128 128
128 128
128 128
128 128
128 128
128 128
128 128
128 128
128 128
128 128
128 128
128 128
128 128
128 128
128 128
128 128
128 128
128 128
128 128
128 128
128 128
128 128
128 128
128 128
128 128
128 128
128 128
128 128
128 128
128 128
128 128
128 128
128 128
128 128
128 128
128 128
128 128
128 128
128 128
128 128
128 128
128 128
128 128
128 128
128 128
128 128
128 128
128 128
128 128
128 128
128 128
128 128
128 128
128 128
128 128
128 128
128 128
128 128
128 128
128 128
128 128
128 128
128 128
128 128
128 128
128 128
128 128
128 128
128 128
128 128
128 128
128 128
128 128
128 128
128 128
128 128
128 128
128 128
128 128
128 128
128 128
128 128
128 128
128 128
128 128
128 128
128 128
128 128
128 128
128 128
128 128
128 128
128 128
128 128
128 128
128 128
128 128
128 128
128 128
128 128
128 128
128 128
128 128
128 128
128 128
128 128
128 128
128 128
128 128
128 128
128 128
128 128
128 128
128 128
128 128
128 128
128 128
128 128
128 128
128 128
128 128
128 128
128 128
128 128
128 128
128 128
128 128
128 128
128 128
128 128
128 128
128 128
128 128
128 128
128 128
128 128
128 128
128 128
128 128
128 128
128 128
128 128
128 128
128 128
128 128
128 128
128 128
128 128
128 128
128 128
128 128
128 128
128 128
128 128
128 128
128 128
128 128
128 128
128 128
128 128
128 128
128 128
128 128
128 128
128 128
128 128
128 128
128 128
128 128
128 128
128 128
128 128
128 128
128 128
128 128
128 128
128 128
128 128
128 128
128 128
128 128
128 128
128 128
128 128
128 128
128 128
128 128
128 128
128 128
128 128
128 128
128 128
128 128
128 128
128 128
128 128
128 128
128 128
128 128
128 128
128 128
128 128
128 128
128 128
128 128
128 128
128 128
128 128
128 128
128 128
128 128
128 128
128 128
128 128
128 128
128 128
128 128
128 128
128 128
128 128
128 128
128 128
128 128
128 128
128 128
128 128
128 128
128 128
128 128
128 128
128 128
128 128
128 128
128 128
128 128
128 128
128 128
128 128
128 128
128 128
128 128
128 128
128 128
128 128
128 128
128 128
128 128
128 128
128 128
128 128
128 128
128 128
128 128
128 128
128 128
128 128
128 128
128 128
128 128
128 128
128 128
128 128
128 128
128 128
128 128
128 128
128 128
128 128
128 128
128 128
128 128
128 128
128 128
128 128
128 128
128 128
128 128
128 128
128 128
128 128
128 128
128 128
128 128
128 128
128 128
128 128
128 128
128 128
128 128
128 128
128 128
128 128
128 128
128 128
128 128
128 128
128 128
128 128
128 128
128 128
128 128
128 128
128 128
128 128
128 128
128 128
128 128
128 128
128 128
128 128
128 128
128 128
128 128
128 128
128 128
128 128
128 128
128 128
128 128
128 128
128 128
128 128
128 128
128 128
128 128
128 128
128 128
128 128
128 128
128 128
128 128
128 128
128 128
128 128
128 128
128 128
128 128
128 128
128 128
128 128
128 128
128 128
128 128
128 128
128 128
128 128
128 128
128 128
128 128
128 128
128 128
128 128
128 128
128 128
128 128
128 128
128 128
128 128
128 128
128 128
128 128
128 128
128 128
128 128
128 128
128 128
128 128
128 128
128 128
128 128
128 128
128 128
128 128
128 128
128 128
128 128
128 128
128 128
128 128
128 128
128 128
128 128
128 128
128 128
128 128
128 128
128 128
128 128
128 128
128 128
128 128
128 128
128 128
128 128
128 128
128 128
128 128
128 128
128 128
128 128
128 128
128 128
128 128
128 128
128 128
128 128
128 128
128 128
128 128
128 128
128 128
128 128
128 128
128 128
128 128
128 128
128 128
128 128
128 128
128 128
128 128
128 128
128 128
128 128
128 128
128 128
128 128
128 128
128 128
128 128
128 128
128 128
128 128
128 128
128 128
128 128
128 128
128 128
128 128
128 128
128 128
128 128
128 128
128 128
128 128
128 128
128 128
128 128
128 128
128 128
128 128
128 128
128 128
128 128
128 128
128 128
128 128
128 128
128 128
128 128
128 128
128 128
128 128
128 128
128 128
128 128
128 128
128 128
128 128
128 128
128 128
128 128
128 128
128 128
128 128
128 128
128 128
128 128
128 128
128 128
128 128
128 128
128 128
128 128
128 128
128 128
128 128
128 128
128 128
128 128
128 128
128 128
128 128
128 128
128 128
128 128
128 128
128 128
128 128
128 128
128 128
128 128
128 128
128 128
128 128
128 128
128 128
128 128
128 128
128 128
128 128
128 128
128 128
128 128
128 128
128 128
128 128
128 128
128 128
128 128
128 128
128 128
128 128
128 128
128 128
128 128
128 128
128 128
128 128
128 128
128 128
128 128
128 128
128 128
128 128
128 128
128 128
128 128
128 128
128 128
128 128
128 128
128 128
128 128
128 128
128 128
128 128
128 128
128 128
128 128
128 128
128 128
128 128
128 128
128 128
128 128
128 128
128 128
128 128
128 128
128 128
128 128
128 128
128 128
128 128
128 128
128 128
128 128
128 128
128 128
128 128
128 128
128 128
128 128
128 128
128 128
128 128
128 128
128 128
128 128
128 128
128 128
128 128
128 128
128 128
128 128
128 128
128 128
128 128
128 128
128 128
128 128
128 128
128 128
128 128
128 128
128 128
128 128
128 128
128 128
128 128
128 128
128 128
128 128
128 128
128 128
128 128
128 128
128 128
128 128
128 128
128 128
128 128
128 128
128 128
128 128
128 128
128 128
128 128
128 128
128 128
128 128
128 128
128 128
128 128
128 128
128 128
128 128
128 128
128 128
128 128
128 128
128 128
128 128
128 128
128 128
128 128
128 128
128 128
128 128
128 128
128 128
128 128
128 128
128 128
128 128
128 128
128 128
128 128
128 128
128 128
128 128
128 128
128 128
128 128
128 128
128 128
128 128
128 128
128 128
128 128
128 128
128 128
128 128
128 128
128 128
128 128
128 128
128 128
128 128
128 128
128 128
128 128
128 128
128 128
128 128
128 128
128 128
128 128
128 128
128 128
128 128
128 128
128 128
128 128
128 128
128 128
128 128
128 128
128 128
128 128
128 128
128 128
128 128
128 128
128 128
128 128
128 128
128 128
128 128
128 128
128 128
128 128
128 128
128 128
128 128
128 128
128 128
128 128
128 128
128 128
128 128
128 128
128 128
128 128
128 128
128 128
128 128
128 128
128 128
128 128
128 128
128 128
128 128
128 128
128 128
128 128
128 128
128 128
128 128
128 128
128 128
128 128
128 128
128 128
128 128
128 128
128 128
128 128
128 128
128 128
128 128
128 128
128 128
128 128
128 128
128 128
128 128
128 128
128 128
128 128
128 128
128 128
128 128
128 128
128 128
128 128
128 128
128 128
128 128
128 128
128 128
128 128
128 128
128 128
128 128
128 128
128 128
128 128
128 128
128 128
128 128
128 128
128 128
128 128
128 128
128 128
128 128
128 128
128 128
128 128
128 128
128 128
128 128
128 128
128 128
128 128
128 128
128 128
128 128
128 128
128 128
128 128
128 128
128 128
128 128
128 128
128 128
128 128
128 128
128 128
128 128
128 128
128 128
128 128
128 128
128 128
128 128
128 128
128 128
128 128
128 128
128 128
128 128
128 128
128 128
128 128
128 128
128 128
128 128
128 128
128 128
128 128
128 128
128 128
128 128
128 128
128 128
128 128
128 128
128 128
128 128
128 128
128 128
128 128
128 128
128 128
128 128
128 128
128 128
128 128
128 128
128 128
128 128
128 128
128 128
128 128
128 128
128 128
128 128
128 128
128 128
128 128
128 128
128 128
128 128
128 128
128 128
128 128
128 128
128 128
128 128
128 128
128 128
128 128
128 128
128 128
128 128
128 128
128 128
128 128
128 128
128 128
128 128
128 128
128 128
128 128
128 128
128 128
128 128
128 128
128 128
128 128
128 128
128 128
128 128
128 128
128 128
128 128
128 128
128 128
128 128
128 128
128 128
128 128
128 128
128 128
128 128
128 128
128 128
128 128
128 128
128 128
128 128
128 128
128 128
128 128
128 128
128 128
128 128
128 128
128 128
128 128
128 128
128 128
128 128
128 128
128 128
128 128
128 128
128 128
128 128
128 128
128 128
128 128
128 128
128 128
128 128
128 128
128 128
128 128
128 128
128 128
128 128
128 128
128 128
128 128
128 128
128 128
128 128
128 128
128 128
128 128
128 128
128 128
128 128
128 128
128 128
128 128
128 128
128 128
128 128
128 128
128 128
128 128
128 128
128 128
128 128
128 128
128 128
128 128
128 128
128 128
128 128
128 128
128 128
128 128
128 128
128 128
128 128
128 128
128 128
128 128
128 128
128 128
128 128
128 128
128 128
128 128
128 128
128 128
128 128
128 128
128 128
128 128
128 128
128 128
128 128
128 128
128 128
128 128
128 128
128 128
128 128
128 128
128 128
128 128
128 128
128 128
128 128
128 128
128 128
128 128
128 128
128 128
128 128
128 128
128 128
128 128
128 128
128 128
128 128
128 128
128 128
128 128
128 128
128 128
128 128
128 128
128 128
128 128
128 128
128 128
128 128
128 128
128 128
128 128
128 128
128 128
128 128
128 128
128 128
128 128
128 128
128 128
128 128
128 128
128 128
128 128
128 128
128 128
128 128
128 128
128 128
128 128
128 128
128 128
128 128
128 128
128 128
128 128
128 128
128 128
128 128
128 128
128 128
128 128
128 128
128 128
128 128
128 128
128 128
128 128
128 128
128 128
128 128
128 128
128 128
128 128
128 128
128 128
128 128
128 128
128 128
128 128
128 128
128 128
128 128
128 128
128 128
128 128
128 128
128 128
128 128
128 128
128 128
128 128
128 128
128 128
128 128
128 128
128 128
128 128
128 128
128 128
128 128
128 128
128 128
128 128
128 128
128 128
128 128
128 128
128 128
128 128
128 128
128 128
128 128
128 128
128 128
128 128
128 128
128 128
128 128
128 128
128 128
128 128
128 128
128 128
128 128
128 128
128 128
128 128
128 128
128 128
128 128
128 128
128 128
128 128
128 128
128 128
128 128
128 128
128 128
128 128
128 128
128 128
128 128
128 128
128 128
128 128
128 128
128 128
128 128
128 128
128 128
128 128
128 128
128 128
128 128
128 128
128 128
128 128
128 128
128 128
128 128
128 128
128 128
128 128
128 128
128 128
128 128
128 128
128 128
128 128
128 128
128 128
128 128
128 128
128 128
128 128
128 128
128 128
128 128
128 128
128 128
128 128
128 128
128 128
128 128
128 128
128 128
128 128
128 128
128 128
128 128
128 128
128 128
128 128
128 128
128 128
128 128
128 128
128 128
128 128
128 128
128 128
128 128
128 128
128 128
128 128
128 128
128 128
128 128
128 128
128 128
128 128
128 128
128 128
128 128
128 128
128 128
128 128
128 128
128 128
128 128
128 128
128 128
128 128
128 128
128 128
128 128
128 128
128 128
128 128
128 128
128 128
128 128
128 128
128 128
128 128
128 128
128 128
128 128
128 128
128 128
128 128
128 128
128 128
128 128
128 128
128 128
128 128
128 128
128 128
128 128
128 128
128 128
128 128
128 128
128 128
128 128
128 128
128 128
128 128
128 128
128 128
128 128
128 128
128 128
128 128
128 128
128 128
128 128
128 128
128 128
128 128
128 128
128 128
128 128
128 128
128 128
128 128
128 128
128 128
128 128
128 128
128 128
128 128
128 128
128 128
128 128
128 128
128 128
128 128
128 128
128 128
128 128
128 128
128 128
128 128
128 128
128 128
128 128
128 128
128 128
128 128
128 128
128 128
128 128
128 128
128 128
128 128
128 128
128 128
128 128
128 128
128 128
128 128
128 128
128 128
128 128
128 128
128 128
128 128
128 128
128 128
128 128
128 128
128 128
128 128
128 128
128 128
128 128
128 128
128 128
128 128
128 128
128 128
128 128
128 128
128 128
128 128
128 128
128 128
128 128
128 128
128 128
128 128
128 128
128 128
128 128
128 128
128 128
128 128
128 128
128 128
128 128
128 128
128 128
128 128
128 128
128 128
128 128
128 128
128 128
128 128
128 128
128 128
128 128
128 128
128 128
128 128
128 128
128 128
128 128
128 128
128 128
128 128
128 128
128 128
128 128
128 128
128 128
128 128
128 128
128 128
128 128
128 128
128 128
128 128
128 128
128 128
128 128
128 128
128 128
128 128
128 128
128 128
128 128
128 128
128 128
128 128
128 128
128 128
128 128
128 128
128 128
128 128
128 128
128 128
128 128
128 128
128 128
128 128
128 128
128 128
128 128
128 128
128 128
128 128
128 128
128 128
128 128
128 128
128 128
128 128
128 128
128 128
128 128
128 128
128 128
128 128
128 128
128 128
128 128
128 128
128 128
128 128
128 128
128 128
128 128
128 128
128 128
128 128
128 128
128 128
128 128
128 128
128 128
128 128
128 128
128 128
128 128
128 128
128 128
128 128
128 128
128 128
128 128
128 128
128 128
128 128
128 128
128 128
128 128
128 128
128 128
128 128
128 128
128 128
128 128
128 128
128 128
128 128
128 128
128 128
128 128
128 128
128 128
128 128
128 128
128 128
128 128
128 128
128 128
128 128
128 128
128 128
128 128
128 128
128 128
128 128
128 128
128 128
128 128
128 128
128 128
128 128
128 128
128 128
128 128
128 128
128 128
128 128
128 128
128 128
128 128
128 128
128 128
128 128
128 128
128 128
128 128
128 128
128 128
128 128
128 128
128 128
128 128
128 128
128 128
128 128
128 128
128 128
128 128
128 128
128 128
128 128
128 128
128 128
128 128
128 128
128 128
128 128
128 128
128 128
128 128
128 128
128 128
128 128
128 128
128 128
128 128
128 128
128 128
128 128
128 128
128 128
128 128
128 128
128 128
128 128
128 128
128 128
128 128
128 128
128 128
128 128
128 128
128 128
128 128
128 128
128 128
128 128
128 128
128 128
128 128
128 128
128 128
128 128
128 128
128 128
128 128
128 128
128 128
128 128
128 128
128 128
128 128
128 128
128 128
128 128
128 128
128 128
128 128
128 128
128 128
128 128
128 128
128 128
128 128
128 128
128 128
128 128
128 128
128 128
128 128
128 128
128 128
128 128
128 128
128 128
128 128
128 128
128 128
128 128
128 128
128 128
128 128
128 128
128 128
128 128
128 128
128 128
128 128
128 128
128 128
128 128
128 128
128 128
128 128
128 128
128 128
128 128
128 128
128 128
128 128
128 128
128 128
128 128
128 128
128 128
128 128
128 128
128 128
128 128
128 128
128 128
128 128
128 128
128 128
128 128
128 128
128 128
128 128
128 128
128 128
128 128
128 128
128 128
128 128
128 128
128 128
128 128
128 128
128 128
128 128
128 128
128 128
128 128
128 128
128 128
128 128
128 128
128 128
128 128
128 128
128 128
128 128
128 128
128 128
128 128
128 128
128 128
128 128
128 128
128 128
128 128
128 128
128 128
128 128
128 128
128 128
128 128
128 128
128 128
128 128
128 128
128 128
128 128
128 128
128 128
128 128
128 128
128 128
128 128
128 128
128 128
128 128
128 128
128 128
128 128
128 128
128 128
128 128
128 128
128 128
128 128
128 128
128 128
128 128
128 128
128 128
128 128
128 128
128 128
128 128
128 128
128 128
128 128
128 128
128 128
128 128
128 128
128 128
128 128
128 128
128 128
128 128
128 128
128 128
128 128
128 128
128 128
128 128
128 128
128 128
128 128
128 128
128 128
128 128
128 128
128 128
128 128
128 128
128 128
128 128
128 128
128 128
128 128
128 128
128 128
128 128
128 128
128 128
128 128
128 128
128 128
128 128
128 128
128 128
128 128
128 128
128 128
128 128
128 128
128 128
128 128
128 128
128 128
128 128
128 128
128 128
128 128
128 128
128 128
128 128
128 128
128 128
128 128
128 128
128 128
128 128
128 128
128 128
128 128
128 128
128 128
128 128
128 128
128 128
128 128
128 128
128 128
128 128
128 128
128 128
128 128
128 128
128 128
128 128
128 128
128 128
128 128
128 128
128 128
128 128
128 128
128 128
128 128
128 128
128 128
128 128
128 128
128 128
128 128
128 128
128 128
128 128
128 128
128 128
128 128
128 128
128 128
128 128
128 128
128 128
128 128
128 128
128 128
128 128
128 128
128 128
128 128
128 128
128 128
128 128
128 128
128 128
128 128
128 128
128 128
128 128
128 128
128 128
128 128
128 128
128 128
128 128
128 128
128 128
128 128
128 128
128 128
128 128
128 128
128 128
128 128
128 128
128 128
128 128
128 128
128 128
128 128
128 128
128 128
128 128
128 128
128 128
128 128
128 128
128 128
128 128
128 128
128 128
128 128
128 128
128 128
128 128
128 128
128 128
128 128
128 128
128 128
128 128
128 128
128 128
128 128
128 128
128 128
128 128
128 128
128 128
128 128
128 128
128 128
128 128
128 128
128 128
128 128
128 128
128 128
128 128
128 128
128 128
128 128
128 128
128 128
128 128
128 128
128 128
128 128
128 128
128 128
128 128
128 128
128 128
128 128
128 128
128 128
128 128
128 128
128 128
128 128
128 128
128 128
128 128
128 128
128 128
128 128
128 128
128 128
128 128
128 128
128 128
128 128
128 128
128 128
128 128
128 128
128 128
128 128
128 128
128 128
128 128
128 128
128 128
128 128
128 128
128 128
128 128
128 128
128 128
128 128
128 128
128 128
128 128
128 128
128 128
128 128
128 128
128 128
128 128
128 128
128 128
128 128
128 128
128 128
128 128
128 128
128 128
128 128
128 128
128 128
128 128
128 128
128 128
128 128
128 128
128 128
128 128
128 128
128 128
128 128
128 128
128 128
128 128
128 128
128 128
128 128
128 128
128 128
128 128
128 128
128 128
128 128
128 128
128 128
128 128
128 128
128 128
128 128
128 128
128 128
128 128
128 128
128 128
128 128
128 128
128 128
128 128
128 128
128 128
128 128
128 128
128 128
128 128
128 128
128 128
128 128
128 128
128 128
128 128
128 128
128 128
128 128
128 128
128 128
128 128
128 128
128 128
128 128
128 128
128 128
128 128
128 128
128 128
128 128
128 128
128 128
128 128
128 128
128 128
128 128
128 128
128 128
128 128
128 128
128 128
128 128
128 128
128 128
128 128
128 128
128 128
128 128
128 128
128 128
128 128
128 128
128 128
128 128
128 128
128 128
128 128
128 128
128 128
128 128
128 128
128 128
128 128
128 128
128 128
128 128
128 128
128 128
128 128
128 128
128 128
128 128
128 128
128 128
128 128
128 128
128 128
128 128
128 128
128 128
128 128
128 128
128 128
128 128
128 128
128 128
128 128
128 128
128 128
128 128
128 128
128 128
128 128
128 128
128 128
128 128
128 128
128 128
128 128
128 128
128 128
128 128
128 128
128 128
128 128
128 128
128 128
128 128
128 128
128 128
128 128
128 128
128 128
128 128
128 128
128 128
128 128
128 128
128 128
128 128
128 128
128 128
128 128
128 128
128 128
128 128
128 128
128 128
128 128
128 128
128 128
128 128
128 128
128 128
128 128
128 128
128 128
128 128
128 128
128 128
128 128
128 128
128 128
128 128
128 128
128 128
128 128
128 128
128 128
128 128
128 128
128 128
128 128
128 128
128 128
128 128
128 128
128 128
128 128
128 128
128 128
128 128
128 128
128 128
128 128
128 128
128 128
128 128
128 128
128 128
128 128
128 128
128 128
128 128
128 128
128 128
128 128
128 128
128 128
128 128
128 128
128 128
128 128
128 128
128 128
128 128
128 128
128 128
128 128
128 128
128 128
128 128
128 128
128 128
128 128
128 128
128 128
128 128
128 128
128 128
128 128
128 128
128 128
128 128
128 128
128 128
128 128
128 128
128 128
128 128
128 128
128 128
128 128
128 128
128 128
128 128
128 128
128 128
128 128
128 128
128 128
128 128
128 128
128 128
128 128
128 128
128 128
128 128
128 128
128 128
128 128
128 128
128 128
128 128
128 128
128 128
128 128
128 128
128 128
128 128
128 128
128 128
128 128
128 128
128 128
128 128
128 128
128 128
128 128
128 128
128 128
128 128
128 128
128 128
128 128
128 128
128 128
128 128
128 128
128 128
128 128
128 128
128 128
128 128
128 128
128 128
128 128
128 128
128 128
128 128
128 128
128 128
128 128
128 128
128 128
128 128
128 128
128 128
128 128
128 128
128 128
128 128
128 128
128 128
128 128
128 128
128 128
128 128
128 128
128 128
128 128
128 128
128 128
128 128
128 128
128 128
128 128
128 128
128 128
128 128
128 128
128 128
128 128
128 128
128 128
128 128
128 128
128 128
128 128
128 128
128 128
128 128
128 128
128 128
128 128
128 128
128 128
128 128
128 128
128 128
128 128
128 128
128 128
128 128
128 128
128 128
128 128
128 128
128 128
128 128
128 128
128 128
128 128
128 128
128 128
128 128
128 128
128 128
128 128
128 128
128 128
128 128
128 128
128 128
128 128
128 128
128 128
128 128
128 128
128 128
128 128
128 128
128 128
128 128
128 128
128 128
128 128
128 128
128 128
128 128
128 128
128 128
128 128
128 128
128 128
128 128
128 128
128 128
128 128
128 128
128 128
128 128
128 128
128 128
128 128
128 128
128 128
128 128
128 128
128 128
128 128
128 128
128 128
128 128
128 128
128 128
128 128
128 128
128 128
128 128
128 128
128 128
128 128
128 128
128 128
128 128
128 128
128 128
128 128
128 128
128 128
128 128
128 128
128 128
128 128
128 128
128 128
128 128
128 128
128 128
128 128
128 128
128 128
128 128
128 128
128 128
128 128
128 128
128 128
128 128
128 128
128 128
128 128
128 128
128 128
128 128
128 128
128 128
128 128
128 128
128 128
128 128
128 128
128 128
128 128
128 128
128 128
128 128
128 128
128 128
128 128
128 128
128 128
128 128
128 128
128 128
128 128
128 128
128 128
128 128
128 128
128 128
128 128
128 128
128 128
128 128
128 128
128 128
128 128
128 128
128 128
128 128
128 128
128 128
128 128
128 128
128 128
128 128
128 128
128 128
128 128
128 128
128 128
128 128
128 128
128 128
128 128
128 128
128 128
128 128
128 128
128 128
128 128
128 128
128 128
128 128
128 128
128 128
128 128
128 128
128 128
128 128
128 128
128 128
128 128
128 128
128 128
128 128
128 128
128 128
128 128
128 128
128 128
128 128
128 128
128 128
128 128
128 128
128 128
128 128
128 128
128 128
128 128
128 128
128 128
128 128
128 128
128 128
128 128
128 128
128 128
128 128
128 128
128 128
128 128
128 128
128 128
128 128
128 128
128 128
128 128
128 128
128 128
128 128
128 128
128 128
128 128
128 128
128 128
128 128
128 128
128 128
128 128
128 128
128 128
128 128
128 128
128 128
128 128
128 128
128 128
128 128
128 128
128 128
128 128
128 128
128 128
128 128
128 128
128 128
128 128
128 128
128 128
128 128
128 128
128 128
128 128
128 128
128 128
128 128
128 128
128 128
128 128
128 128
128 128
128 128
128 128
128 128
128 128
128 128
128 128
128 128
128 128
128 128
128 128
128 128
128 128
128 128
128 128
128 128
128 128
128 128
128 128
128 128
128 128
128 128
128 128
128 128
128 128
128 128
128 128
128 128
128 128
128 128
128 128
128 128
128 128
128 128
128 128
128 128
128 128
128 128
128 128
128 128
128 128
128 128
128 128
128 128
128 128
128 128
128 128
128 128
128 128
128 128
128 128
128 128
128 128
128 128
128 128
128 128
128 128
128 128
128 128
128 128
128 128
128 128
128 128
128 128
128 128
128 128
128 128
128 128
128 128
128 128
128 128
128 128
128 128
128 128
128 128
128 128
128 128
128 128
128 128
128 128
128 128
128 128
128 128
128 128
128 128
128 128
128 128
128 128
128 128
128 128
128 128
128 128
128 128
128 128
128 128
128 128
128 128
128 128
128 128
128 128
128 128
128 128
128 128
128 128
128 128
128 128
128 128
128 128
128 128
128 128
128 128
128 128
128 128
128 128
128 128
128 128
128 128
128 128
128 128
128 128
128 128
128 128
128 128
128 128
128 128
128 128
128 128
128 128
128 128
128 128
128 128
128 128
128 128
128 128
128 128
128 128
128 128
128 128
128 128
128 128
128 128
128 128
128 128
128 128
128 128
128 128
128 128
128 128
128 128
128 128
128 128
128 128
128 128
128 128
128 128
128 128
128 128
128 128
128 128
128 128
128 128
128 128
128 128
128 128
128 128
128 128
128 128
128 128
128 128
128 128
128 128
128 128
128 128
128 128
128 128
128 128
128 128
128 128
128 128
128 128
128 128
128 128
128 128
128 128
128 128
128 128
128 128
128 128
128 128
128 128
128 128
128 128
128 128
128 128
128 128
128 128
128 128
128 128
128 128
128 128
128 128
128 128
128 128
128 128
128 128
128 128
128 128
128 128
128 128
128 128
128 128
128 128
128 128
128 128
128 128
128 128
128 128
128 128
128 128
128 128
128 128
128 128
128 128
128 128
128 128
128 128
128 128
128 128
128 128
128 128
128 128
128 128
128 128
128 128
128 128
128 128
128 128
128 128
128 128
128 128
128 128
128 128
128 128
128 128
128 128
128 128
128 128
128 128
128 128
128 128
128 128
128 128
128 128
128 128
128 128
128 128
128 128
128 128
128 128
128 128
128 128
128 128
128 128
128 128
128 128
128 128
128 128
128 128
128 128
128 128
128 128
128 128
128 128
128 128
128 128
128 128
128 128
128 128
128 128
128 128
128 128
128 128
128 128
128 128
128 128
128 128
128 128
128 128
128 128
128 128
128 128
128 128
128 128
128 128
128 128
128 128
128 128
128 128
128 128
128 128
128 128
128 128
128 128
128 128
128 128
128 128
128 128
128 128
128 128
128 128
128 128
128 128
128 128
128 128
128 128
128 128
128 128
128 128
128 128
128 128
128 128
128 128
128 128
128 128
128 128
128 128
128 128
128 128
128 128
128 128
128 128
128 128
128 128
128 128
128 128
128 128
128 128
128 128
128 128
128 128
128 128
128 128
128 128
128 128
128 128
128 128
128 128
128 128
128 128
128 128
128 128
128 128
128 128
128 128
128 128
128 128
128 128
128 128
128 128
128 128
128 128
128 128
128 128
128 128
128 128
128 128
128 128
128 128
128 128
128 128
128 128
128 128
128 128
128 128
128 128
128 128
128 128
128 128
128 128
128 128
128 128
128 128
128 128
128 128
128 128
128 128
128 128
128 128
128 128
128 128
128 128
128 128
128 128
128 128
128 128
128 128
128 128
128 128
128 128
128 128
128 128
128 128
128 128
128 128
128 128
128 128
128 128
128 128
128 128
128 128
128 128
128 128
128 128
128 128
128 128
128 128
128 128
128 128
128 128
128 128
128 128
128 128
128 128
128 128
128 128
128 128
128 128
128 128
128 128
128 128
128 128
128 128
128 128
128 128
128 128
128 128
128 128
128 128
128 128
128 128
128 128
128 128
128 128
128 128
128 128
128 128
128 128
128 128
128 128
128 128
128 128
128 128
128 128
128 128
128 128
128 128
128 128
128 128
128 128
128 128
128 128
128 128
128 128
128 128
128 128
128 128
128 128
128 128
128 128
128 128
128 128
128 128
128 128
128 128
128 128
128 128
128 128
128 128
128 128
128 128
128 128
128 128
128 128
128 128
128 128
128 128
128 128
128 128
128 128
128 128
128 128
128 128
128 128
128 128
128 128
128 128
128 128
128 128
128 128
128 128
128 128
128 128
128 128
128 128
128 128
128 128
128 128
128 128
128 128
128 128
128 128
128 128
128 128
128 128
128 128
128 128
128 128
128 128
128 128
128 128
128 128
128 128
128 128
128 128
128 128
128 128
128 128
128 128
128 128
128 128
128 128
128 128
128 128
128 128
128 128
128 128
128 128
128 128
128 128
128 128
128 128
128 128
128 128
128 128
128 128
128 128
128 128
128 128
128 128
128 128
128 128
128 128
128 128
128 128
128 128
128 128
128 128
128 128
128 128
128 128
128 128
128 128
128 128
128 128
128 128
128 128
128 128
128 128
128 128
128 128
128 128
128 128
128 128
128 128
128 128
128 128
128 128
128 128
128 128
128 128
128 128
128 128
128 128
128 128
128 128
128 128
128 128
128 128
128 128
128 128
128 128
128 128
128 128
128 128
128 128
128 128
128 128
128 128
128 128
128 128
128 128
128 128
128 128
128 128
128 128
128 128
128 128
128 128
128 128
128 128
128 128
128 128
128 128
128 128
128 128
128 128
128 128
128 128
128 128
128 128
128 128
128 128
128 128
128 128
128 128
128 128
128 128
128 128
128 128
128 128
128 128
128 128
128 128
128 128
128 128
128 128
128 128
128 128
128 128
128 128
128 128
128 128
128 128
128 128
128 128
128 128
128 128
128 128
128 128
128 128
128 128
128 128
128 128
128 128
128 128
128 128
128 128
128 128
128 128
128 128
128 128
128 128
128 128
128 128
128 128
128 128
128 128
128 128
128 128
128 128
128 128
128 128
128 128
128 128
128 128
128 128
128 128
128 128
128 128
128 128
128 128
128 128
128 128
128 128
128 128
128 128
128 128
128 128
128 128
128 128
128 128
128 128
128 128
128 128
128 128
128 128
128 128
128 128
128 128
128 128
128 128
128 128
128 128
128 128
128 128
128 128
128 128
128 128
128 128
128 128
128 128
128 128
128 128
128 128
128 128
128 128
128 128
128 128
128 128
128 128
128 128
128 128
128 128
128 128
128 128
128 128
128 128
128 128
128 128
128 128
128 128
128 128
128 128
128 128
128 128
128 128
128 128
128 128
128 128
128 128
128 128
128 128
128 128
128 128
128 128
128 128
128 128
128 128
128 128
128 128
128 128
128 128
128 128
128 128
128 128
128 128
128 128
128 128
128 128
128 128
128 128
128 128
128 128
128 128
128 128
128 128
128 128
128 128
128 128
128 128
128 128
128 128
128 128
128 128
128 128
128 128
128 128
128 128
128 128
128 128
128 128
128 128
128 128
128 128
128 128
128 128
128 128
128 128
128 128
128 128
128 128
128 128
128 128
128 128
128 128
128 128
128 128
128 128
128 128
128 128
128 128
128 128
128 128
128 128
128 128
128 128
128 128
128 128
128 128
128 128
128 128
128 128
128 128
128 128
128 128
128 128
128 128
128 128
128 128
128 128
128 128
128 128
128 128
128 128
128 128
128 128
128 128
128 128
128 128
128 128
128 128
128 128
128 128
128 128
128 128
128 128
128 128
128 128
128 128
128 128
128 128
128 128
128 128
128 128
128 128
128 128
128 128
128 128
128 128
128 128
128 128
128 128
128 128
128 128
128 128
128 128
128 128
128 128
128 128
128 128
128 128
128 128
128 128
128 128
128 128
128 128
128 128
128 128
128 128
128 128
128 128
128 128
128 128
128 128
128 128
128 128
128 128
128 128
128 128
128 128
128 128
128 128
128 128
128 128
128 128
128 128
128 128
128 128
128 128
128 128
128 128
128 128
128 128
128 128
128 128
128 128
128 128
128 128
128 128
128 128
128 128
128 128
128 128
128 128
128 128
128 128
128 128
128 128
128 128
128 128
128 128
128 128
128 128
128 128
128 128
128 128
128 128
128 128
128 128
128 128
128 128
128 128
128 128
128 128
128 128
128 128
128 128
128 128
128 128
128 128
128 128
128 128
128 128
128 128
128 128
128 128
128 128
128 128
128 128
128 128
128 128
128 128
128 128
128 128
128 128
128 128
128 128
128 128
128 128
128 128
128 128
128 128
128 128
128 128
128 128
128 128
128 128
128 128
128 128
128 128
128 128
128 128
128 128
128 128
128 128
128 128
128 128
128 128
128 128
128 128
128 128
128 128
128 128
128 128
128 128
128 128
128 128
128 128
128 128
128 128
128 128
128 128
128 128
128 128
128 128
128 128
128 128
128 128
128 128
128 128
128 128
128 128
128 128
128 128
128 128
128 128
128 128
128 128
128 128
128 128
128 128
128 128
128 128
128 128
128 128
128 128
128 128
128 128
128 128
128 128
128 128
128 128
128 128
128 128
128 128
128 128
128 128
128 128
128 128
128 128
128 128
128 128
128 128
128 128
128 128
128 128
128 128
128 128
128 128
128 128
128 128
128 128
128 128
128 128
128 128
128 128
128 128
128 128
128 128
128 128
128 128
128 128
128 128
128 128
128 128
128 128
128 128
128 128
128 128
128 128
128 128
128 128
128 128
128 128
128 128
128 128
128 128
128 128
128 128
128 128
128 128
128 128
128 128
128 128
128 128
128 128
128 128
128 128
128 128
128 128
128 128
128 128
128 128
128 128
128 128
128 128
128 128
128 128
128 128
128 128
128 128
128 128
128 128
128 128
128 128
128 128
128 128
128 128
128 128
128 128
128 128
128 128
128 128
128 128
128 128
128 128
128 128
128 128
128 128
128 128
128 128
128 128
128 128
128 128
128 128
128 128
128 128
128 128
128 128
128 128
128 128
128 128
128 128
128 128
128 128
128 128
128 128
128 128
128 128
128 128
128 128
128 128
128 128
128 128
128 128
